Microchip MPLAB XC8 Compiler V3.10

Linker command line:

-W-3 \
  --edf=C:\Program Files\Microchip\xc8\v3.10\pic\dat\20250813170317_en.msgs \
  -cn -h+dist/default/debug\GS-S1CH-01-V0.01.debug.sym \
  --cmf=dist/default/debug\GS-S1CH-01-V0.01.debug.cmf -z -Q16F18856 \
  -oC:\Users\12918\AppData\Local\Temp\xcAs93g.0\driver_tmp_3.o \
  --defsym=__MPLAB_BUILD=1 --fixupoverflow=error \
  -Mdist/default/debug/GS-S1CH-01-V0.01.debug.map \
  --md=C:\Users\12918\AppData\Local\Temp\xcAs93g.0\driver_tmp_0.dat -E1 \
  -ver=XC8 Compiler -ACODE=00h-07FFhx8 -ASTRCODE=00h-03FFFh \
  -ASTRING=00h-0FFhx64 -ACONST=00h-0FFhx64 -AENTRY=00h-0FFhx64 \
  -ACOMMON=070h-07Fh -ABANK0=020h-06Fh -ABANK1=0A0h-0EFh \
  -ABANK2=0120h-016Fh -ABANK3=01A0h-01EFh -ABANK4=0220h-026Fh \
  -ABANK5=02A0h-02EFh -ABANK6=0320h-036Fh -ABANK7=03A0h-03EFh \
  -ABANK8=0420h-046Fh -ABANK9=04A0h-04EFh -ABANK10=0520h-056Fh \
  -ABANK11=05A0h-05EFh -ABANK12=0620h-066Fh -ABANK13=06A0h-06EFh \
  -ABANK14=0720h-076Fh -ABANK15=07A0h-07EFh -ABANK16=0820h-086Fh \
  -ABANK17=08A0h-08EFh -ABANK18=0920h-096Fh -ABANK19=09A0h-09EFh \
  -ABANK20=0A20h-0A6Fh -ABANK21=0AA0h-0AEFh -ABANK22=0B20h-0B6Fh \
  -ABANK23=0BA0h-0BEFh -ABANK24=0C20h-0C6Fh -ABANK25=0CA0h-0CBFh \
  -ABIGRAM=02000h-027EFh \
  -ARAM=020h-06Fh,0A0h-0EFh,0120h-016Fh,01A0h-01EFh,0220h-026Fh,02A0h-02EFh,0320h-036Fh,03A0h-03EFh,0420h-046Fh,04A0h-04EFh,0520h-056Fh,05A0h-05EFh,0620h-066Fh,06A0h-06EFh,0720h-076Fh,07A0h-07EFh,0820h-086Fh,08A0h-08EFh,0920h-096Fh,09A0h-09EFh,0A20h-0A6Fh,0AA0h-0AEFh,0B20h-0B6Fh,0BA0h-0BEFh,0C20h-0C6Fh,0CA0h-0CBFh \
  -AABS1=020h-07Fh,0A0h-0EFh,0120h-016Fh,01A0h-01EFh,0220h-026Fh,02A0h-02EFh,0320h-036Fh,03A0h-03EFh,0420h-046Fh,04A0h-04EFh,0520h-056Fh,05A0h-05EFh,0620h-066Fh,06A0h-06EFh,0720h-076Fh,07A0h-07EFh,0820h-086Fh,08A0h-08EFh,0920h-096Fh,09A0h-09EFh,0A20h-0A6Fh,0AA0h-0AEFh,0B20h-0B6Fh,0BA0h-0BEFh,0C20h-0C6Fh,0CA0h-0CBFh \
  -ASFR0=00h-01Fh -ASFR1=080h-09Fh -ASFR2=0100h-011Fh -ASFR3=0180h-019Fh \
  -ASFR4=0200h-021Fh -ASFR5=0280h-029Fh -ASFR6=0300h-031Fh \
  -ASFR7=0380h-039Fh -ASFR8=0400h-041Fh -ASFR9=0480h-049Fh \
  -ASFR10=0500h-051Fh -ASFR11=0580h-059Fh -ASFR12=0600h-061Fh \
  -ASFR13=0680h-069Fh -ASFR14=0700h-071Fh -ASFR15=0780h-079Fh \
  -ASFR16=0800h-081Fh -ASFR17=0880h-089Fh -ASFR18=0900h-091Fh \
  -ASFR19=0980h-099Fh -ASFR20=0A00h-0A1Fh -ASFR21=0A80h-0A9Fh \
  -ASFR22=0B00h-0B1Fh -ASFR23=0B80h-0B9Fh -ASFR24=0C00h-0C1Fh \
  -ASFR25=0C80h-0C9Fh -ASFR26=0D00h-0D6Fh -ASFR27=0D80h-0DEFh \
  -ASFR28=0E00h-0E6Fh -ASFR29=0E80h-0EEFh -ASFR30=0F00h-0F6Fh \
  -ASFR31=0F80h-0FEFh -ACONFIG=08007h-0800Bh -DCONFIG=2 \
  -AIDLOC=08000h-08003h -DIDLOC=2 -AEEDATA=00h-0FFh/0F000h \
  -peeprom_data=EEDATA -DEEDATA=2 -DCODE=2 -DSTRCODE=2 -DSTRING=2 -DCONST=2 \
  -DENTRY=2 -preset_vec=00h,intentry=04h,sivt,init,end_init -ppowerup=CODE \
  -pcinit=CODE -pfunctab=ENTRY -k \
  C:\Users\12918\AppData\Local\Temp\xcAs93g.0\driver_tmp_20.o \
  dist/default/debug\GS-S1CH-01-V0.01.debug.o 

Object code version is 3.11

Machine type is 16F18856



                Name                               Link     Load   Length Selector   Space Scale
C:\Users\12918\AppData\Local\Temp\xcAs93g.0\driver_tmp_20.o
                end_init                            160      160        2        8       0
                reset_vec                             0        0        3        0       0
                config                             8007     8007        5        0       4
                idloc                              8000     8000        4        0       5
dist/default/debug\GS-S1CH-01-V0.01.debug.o
                cinit                               162      162       5E        8       0
                intentry                              4        4      15C        8       0
                config                             8007     8007        5        0       4
                idloc                              8000     8000        4        0       5
                text129                            261D     261D       15     4C3A       0
                text128                            169C     169C       74     2D38       0
                text127                            2445     2445        4     488A       0
                text126                            2449     2449        4     4892       0
                text125                            25E2     25E2       13     4BC4       0
                text124                            1E15     1E15       5E     3C2A       0
                text123                            26C4     26C4       1C     4D88       0
                text121                            2565     2565        F     4ACA       0
                text120                            244D     244D        4     489A       0
                text119                            24CE     24CE        8     499C       0
                text118                            2757     2757       20     4EAE       0
                text117                            1ED1     1ED1       60     3DA2       0
                text116                            2424     2424        3     4848       0
                text115                            2427     2427        3     484E       0
                text114                            242A     242A        3     4854       0
                text113                            26A9     26A9       1B     4D52       0
                text112                            242D     242D        3     485A       0
                text111                            2420     2420        2     4840       0
                text110                            2422     2422        2     4844       0
                text109                            2430     2430        3     4860       0
                text108                            2433     2433        3     4866       0
                text107                            2436     2436        3     486C       0
                text106                            2451     2451        4     48A2       0
                text105                            2439     2439        3     4872       0
                text104                            2455     2455        4     48AA       0
                text103                            2497     2497        6     492E       0
                text102                            249D     249D        6     493A       0
                text101                            243C     243C        3     4878       0
                text100                            191A     191A       34     3234       0
                text99                             2465     2465        5     48CA       0
                text98                             24E6     24E6        9     49CC       0
                text97                             24D6     24D6        8     49AC       0
                text96                             1D04     1D04       59     3A08       0
                text95                             1C6E     1C6E       4B     38DC       0
                text94                             24C7     24C7        7     498E       0
                text93                             246A     246A        5     48D4       0
                text92                             246F     246F        5     48DE       0
                text91                             2474     2474        5     48E8       0
                text90                             2479     2479        5     48F2       0
                text89                             247E     247E        5     48FC       0
                text88                             2483     2483        5     4906       0
                text87                             2488     2488        5     4910       0
                text86                             248D     248D        5     491A       0
                text85                              800      800       2F     1000       0
                text84                             18C3     18C3       29     3186       0
                text83                             24A3     24A3        6     4946       0
                text82                             2515     2515        D     4A2A       0
                text81                             2777     2777       21     4EEE       0
                text80                             2492     2492        5     4924       0
                text79                             2522     2522        D     4A44       0
                text78                             1B5A     1B5A       40     36B4       0
                text77                             2647     2647       17     4C8E       0
                text76                             27DC     27DC       24     4FB8       0
                text75                             1800     1800        5     2F0C       0
                text74                             1AE0     1AE0       3D     35C0       0
                text73                             2549     2549        E     4A92       0
                text72                             18EC     18EC       2E     31D8       0
                text71                             194E     194E       34     329C       0
                text70                             19F3     19F3       3B     33E6       0
                text69                             1F98     1F98       68     3F30       0
                text68                             162C     162C       70     2C58       0
                text67                             24EF     24EF        9     49DE       0
                text66                             26E0     26E0       1D     4DC0       0
                text65                             1AA4     1AA4       3C     3548       0
                text64                             268F     268F       1A     4D1E       0
                text63                             19B9     19B9       3A     3372       0
                text62                             2798     2798       22     4F30       0
                text61                             2632     2632       15     4C64       0
                text60                             2574     2574        F     4AE8       0
                text59                             252F     252F        D     4A5E       0
                text58                             24F8     24F8        9     49F0       0
                text57                             253C     253C        D     4A78       0
                text56                             2501     2501        9     4A02       0
                text55                             1C25     1C25       49     384A       0
                text54                             24DE     24DE        8     49BC       0
                text53                             250A     250A        B     4A14       0
                text52                             243F     243F        3     487E       0
                text51                             2583     2583        F     4B06       0
                text50                             2676     2676       19     4CEC       0
                text49                             2442     2442        3     4884       0
                text48                             25B0     25B0       10     4B60       0
                text47                             2738     2738       1F     4E70       0
                text46                              1C0      1C0      27C        8       0
                text45                             1805     1805       24     300A       0
                text44                              43C      43C      23B        8       0
                text43                             1786     1786       7A     2F0C       0
                text42                              9EF      9EF       A5     13DE       0
                text41                              8BA      8BA       99     1174       0
                text40                             2459     2459        4     48B2       0
                text39                             265E     265E       18     4CBC       0
                text38                             2592     2592        F     4B24       0
                text37                             1873     1873       28     30E6       0
                text36                             25A1     25A1        F     4B42       0
                text35                             245D     245D        4     48BA       0
                text34                              7F1      7F1        F        8       0
                text33                             184D     184D       26     309A       0
                text32                             1CB9     1CB9       4B     3972       0
                text31                             26FD     26FD       1D     4DFA       0
                text30                             27BA     27BA       22     4F74       0
                text29                             1A2E     1A2E       3B     345C       0
                text28                             1601     1601       2B     2C02       0
                text27                             1D5D     1D5D       5C     3ABA       0
                text26                             25D0     25D0       12     4BA0       0
                text25                             24A9     24A9        6     4952       0
                text24                             2461     2461        4     48C2       0
                text23                             189B     189B       28     3136       0
                text22                             1E73     1E73       5E     3CE6       0
                text21                             1829     1829       24     3052       0
                text20                             1BDD     1BDD       48     37BA       0
                text19                             1710     1710       76     2E20       0
                text18                              677      677       CD        8       0
                text17                             271A     271A       1E     4E34       0
                text16                             25C0     25C0       10     4B80       0
                text15                              953      953       9C     12A6       0
                text14                              B39      B39       CA     1672       0
                text13                             25F5     25F5       14     4BEA       0
                text12                             1DB9     1DB9       5C     3B72       0
                text11                              C03      C03       CC     1806       0
                text10                              E5C      E5C      1A4     1CB8       0
                text9                               82F      82F       8B     105E       0
                text8                               A94      A94       A5     1528       0
                text7                              1F31     1F31       67     3E62       0
                text6                              1A69     1A69       3B     34D2       0
                text5                               CCF      CCF      18D     199E       0
                text4                              1B9A     1B9A       43     3734       0
                text3                               744      744       AD        8       0
                text2                              2609     2609       14     4C12       0
                text1                              1982     1982       37     3304       0
                maintext                           2557     2557        E     4AAE       0
                cstackBANK0                          20       20       4D       20       1
                cstackCOMMON                         70       70        A       70       1
                cstackBANK1                          A0       A0       49       A0       1
                cstackBANK2                         14E      14E       1B      120       1
                clrtext                            24AF     24AF        6     495E       0
                inittext                           24B5     24B5        6     496A       0
                bssBANK6                            320      320       48      320       1
                bssBANK5                            2A0      2A0       4A      2A0       1
                dataBANK4                           220      220       3D      220       1
                bssBANK4                            25D      25D        C      220       1
                dataBANK3                           1E7      1E7        6      1A0       1
                bssBANK3                            1A0      1A0       47      1A0       1
                dataBANK2                           169      169        6      120       1
                bssBANK2                            120      120       2E      120       1
                bssBANK1                             E9       E9        7       A0       1
                bssBANK0                             6D       6D        3       20       1
                bssCOMMON                            7A       7A        3       70       1
                stringtext11                       2825     2825        2     5000       0
                stringtext10                       2820     2820        5     5000       0
                nvBANK3                             1ED      1ED        2      1A0       1
                stringtext9                        2828     2828        1     5000       0
                stringtext8                        2827     2827        1     5000       0
                stringtext7                        2800     2800       20     5000       0
                stringtext6                        1500     1500      100     2000       0
                stringtext5                        1400     1400      100     2000       0
                stringtext4                        1300     1300      100     2000       0
                stringtext3                        1200     1200      100     2000       0
                stringtext2                        1100     1100      100     2000       0
                stringtext1                        1000     1000      100     2000       0
                idataBANK4                         1B1D     1B1D       3D     363A       0
                idataBANK3                         24BB     24BB        6     4976       0
                idataBANK2                         24C1     24C1        6     4982       0

TOTAL           Name                               Link     Load   Length     Space
        CLASS   CODE           
                end_init                            160      160        2         0
                cinit                               162      162       5E         0
                intentry                              4        4      15C         0
                reset_vec                             0        0        3         0
                text129                            261D     261D       15         0
                text128                            169C     169C       74         0
                text127                            2445     2445        4         0
                text126                            2449     2449        4         0
                text125                            25E2     25E2       13         0
                text124                            1E15     1E15       5E         0
                text123                            26C4     26C4       1C         0
                text121                            2565     2565        F         0
                text120                            244D     244D        4         0
                text119                            24CE     24CE        8         0
                text118                            2757     2757       20         0
                text117                            1ED1     1ED1       60         0
                text116                            2424     2424        3         0
                text115                            2427     2427        3         0
                text114                            242A     242A        3         0
                text113                            26A9     26A9       1B         0
                text112                            242D     242D        3         0
                text111                            2420     2420        2         0
                text110                            2422     2422        2         0
                text109                            2430     2430        3         0
                text108                            2433     2433        3         0
                text107                            2436     2436        3         0
                text106                            2451     2451        4         0
                text105                            2439     2439        3         0
                text104                            2455     2455        4         0
                text103                            2497     2497        6         0
                text102                            249D     249D        6         0
                text101                            243C     243C        3         0
                text100                            191A     191A       34         0
                text99                             2465     2465        5         0
                text98                             24E6     24E6        9         0
                text97                             24D6     24D6        8         0
                text96                             1D04     1D04       59         0
                text95                             1C6E     1C6E       4B         0
                text94                             24C7     24C7        7         0
                text93                             246A     246A        5         0
                text92                             246F     246F        5         0
                text91                             2474     2474        5         0
                text90                             2479     2479        5         0
                text89                             247E     247E        5         0
                text88                             2483     2483        5         0
                text87                             2488     2488        5         0
                text86                             248D     248D        5         0
                text85                              800      800       2F         0
                text84                             18C3     18C3       29         0
                text83                             24A3     24A3        6         0
                text82                             2515     2515        D         0
                text81                             2777     2777       21         0
                text80                             2492     2492        5         0
                text79                             2522     2522        D         0
                text78                             1B5A     1B5A       40         0
                text77                             2647     2647       17         0
                text76                             27DC     27DC       24         0
                text75                             1800     1800        5         0
                text74                             1AE0     1AE0       3D         0
                text73                             2549     2549        E         0
                text72                             18EC     18EC       2E         0
                text71                             194E     194E       34         0
                text70                             19F3     19F3       3B         0
                text69                             1F98     1F98       68         0
                text68                             162C     162C       70         0
                text67                             24EF     24EF        9         0
                text66                             26E0     26E0       1D         0
                text65                             1AA4     1AA4       3C         0
                text64                             268F     268F       1A         0
                text63                             19B9     19B9       3A         0
                text62                             2798     2798       22         0
                text61                             2632     2632       15         0
                text60                             2574     2574        F         0
                text59                             252F     252F        D         0
                text58                             24F8     24F8        9         0
                text57                             253C     253C        D         0
                text56                             2501     2501        9         0
                text55                             1C25     1C25       49         0
                text54                             24DE     24DE        8         0
                text53                             250A     250A        B         0
                text52                             243F     243F        3         0
                text51                             2583     2583        F         0
                text50                             2676     2676       19         0
                text49                             2442     2442        3         0
                text48                             25B0     25B0       10         0
                text47                             2738     2738       1F         0
                text46                              1C0      1C0      27C         0
                text45                             1805     1805       24         0
                text44                              43C      43C      23B         0
                text43                             1786     1786       7A         0
                text42                              9EF      9EF       A5         0
                text41                              8BA      8BA       99         0
                text40                             2459     2459        4         0
                text39                             265E     265E       18         0
                text38                             2592     2592        F         0
                text37                             1873     1873       28         0
                text36                             25A1     25A1        F         0
                text35                             245D     245D        4         0
                text34                              7F1      7F1        F         0
                text33                             184D     184D       26         0
                text32                             1CB9     1CB9       4B         0
                text31                             26FD     26FD       1D         0
                text30                             27BA     27BA       22         0
                text29                             1A2E     1A2E       3B         0
                text28                             1601     1601       2B         0
                text27                             1D5D     1D5D       5C         0
                text26                             25D0     25D0       12         0
                text25                             24A9     24A9        6         0
                text24                             2461     2461        4         0
                text23                             189B     189B       28         0
                text22                             1E73     1E73       5E         0
                text21                             1829     1829       24         0
                text20                             1BDD     1BDD       48         0
                text19                             1710     1710       76         0
                text18                              677      677       CD         0
                text17                             271A     271A       1E         0
                text16                             25C0     25C0       10         0
                text15                              953      953       9C         0
                text14                              B39      B39       CA         0
                text13                             25F5     25F5       14         0
                text12                             1DB9     1DB9       5C         0
                text11                              C03      C03       CC         0
                text10                              E5C      E5C      1A4         0
                text9                               82F      82F       8B         0
                text8                               A94      A94       A5         0
                text7                              1F31     1F31       67         0
                text6                              1A69     1A69       3B         0
                text5                               CCF      CCF      18D         0
                text4                              1B9A     1B9A       43         0
                text3                               744      744       AD         0
                text2                              2609     2609       14         0
                text1                              1982     1982       37         0
                maintext                           2557     2557        E         0
                clrtext                            24AF     24AF        6         0
                inittext                           24B5     24B5        6         0
                idataBANK4                         1B1D     1B1D       3D         0
                idataBANK3                         24BB     24BB        6         0
                idataBANK2                         24C1     24C1        6         0

        CLASS   STRCODE        
                stringtext11                       2825     2825        2         0
                stringtext10                       2820     2820        5         0
                stringtext9                        2828     2828        1         0
                stringtext8                        2827     2827        1         0
                stringtext7                        2800     2800       20         0
                stringtext6                        1500     1500      100         0
                stringtext5                        1400     1400      100         0
                stringtext4                        1300     1300      100         0
                stringtext3                        1200     1200      100         0
                stringtext2                        1100     1100      100         0
                stringtext1                        1000     1000      100         0

        CLASS   STRING         

        CLASS   CONST          

        CLASS   ENTRY          

        CLASS   COMMON         
                cstackCOMMON                         70       70        A         1
                bssCOMMON                            7A       7A        3         1

        CLASS   BANK0          
                cstackBANK0                          20       20       4D         1
                bssBANK0                             6D       6D        3         1

        CLASS   BANK1          
                cstackBANK1                          A0       A0       49         1
                bssBANK1                             E9       E9        7         1

        CLASS   BANK2          
                cstackBANK2                         14E      14E       1B         1
                dataBANK2                           169      169        6         1
                bssBANK2                            120      120       2E         1

        CLASS   BANK3          
                dataBANK3                           1E7      1E7        6         1
                bssBANK3                            1A0      1A0       47         1
                nvBANK3                             1ED      1ED        2         1

        CLASS   BANK4          
                dataBANK4                           220      220       3D         1
                bssBANK4                            25D      25D        C         1

        CLASS   BANK5          
                bssBANK5                            2A0      2A0       4A         1

        CLASS   BANK6          
                bssBANK6                            320      320       48         1

        CLASS   BANK7          

        CLASS   BANK8          

        CLASS   BANK9          

        CLASS   BANK10         

        CLASS   BANK11         

        CLASS   BANK12         

        CLASS   BANK13         

        CLASS   BANK14         

        CLASS   BANK15         

        CLASS   BANK16         

        CLASS   BANK17         

        CLASS   BANK18         

        CLASS   BANK19         

        CLASS   BANK20         

        CLASS   BANK21         

        CLASS   BANK22         

        CLASS   BANK23         

        CLASS   BANK24         

        CLASS   BANK25         

        CLASS   BIGRAM         

        CLASS   RAM            

        CLASS   ABS1           
                abs_s1                               7E       7E        2         1

        CLASS   SFR0           

        CLASS   SFR1           

        CLASS   SFR2           

        CLASS   SFR3           

        CLASS   SFR4           

        CLASS   SFR5           

        CLASS   SFR6           

        CLASS   SFR7           

        CLASS   SFR8           

        CLASS   SFR9           

        CLASS   SFR10          

        CLASS   SFR11          

        CLASS   SFR12          

        CLASS   SFR13          

        CLASS   SFR14          

        CLASS   SFR15          

        CLASS   SFR16          

        CLASS   SFR17          

        CLASS   SFR18          

        CLASS   SFR19          

        CLASS   SFR20          

        CLASS   SFR21          

        CLASS   SFR22          

        CLASS   SFR23          

        CLASS   SFR24          

        CLASS   SFR25          

        CLASS   SFR26          

        CLASS   SFR27          

        CLASS   SFR28          

        CLASS   SFR29          

        CLASS   SFR30          

        CLASS   SFR31          

        CLASS   CONFIG         
                config                             8007     8007        5         4

        CLASS   IDLOC          
                idloc                              8000     8000        4         5

        CLASS   EEDATA         

        CLASS   BANK31         

        CLASS   BANK30         

        CLASS   BANK29         

        CLASS   BANK28         

        CLASS   BANK27         

        CLASS   BANK26         

        CLASS   HEAP           

        CLASS   STACK          



SEGMENTS        Name                           Load    Length   Top    Selector   Space  Class     Delta

                reset_vec                      000000  000003  000003         0       0  CODE        2
                intentry                       000004  0007FC  000800         8       0  CODE        2
                cstackBANK0                    000020  000050  000070        20       1  BANK0       1
                cstackCOMMON                   000070  00000D  00007D        70       1  COMMON      1
                cstackBANK1                    0000A0  000050  0000F0        A0       1  BANK1       1
                bssBANK2                       000120  00004F  00016F       120       1  BANK2       1
                bssBANK3                       0001A0  00004F  0001EF       1A0       1  BANK3       1
                dataBANK4                      000220  000049  000269       220       1  BANK4       1
                bssBANK5                       0002A0  00004A  0002EA       2A0       1  BANK5       1
                bssBANK6                       000320  000048  000368       320       1  BANK6       1
                text85                         000800  00002F  00082F      1000       0  CODE        2
                text9                          00082F  00008B  0008BA      105E       0  CODE        2
                text41                         0008BA  000099  000953      1174       0  CODE        2
                text15                         000953  00009C  0009EF      12A6       0  CODE        2
                text42                         0009EF  0000A5  000A94      13DE       0  CODE        2
                text8                          000A94  0000A5  000B39      1528       0  CODE        2
                text14                         000B39  0000CA  000C03      1672       0  CODE        2
                text11                         000C03  0000CC  000CCF      1806       0  CODE        2
                text5                          000CCF  00018D  000E5C      199E       0  CODE        2
                text10                         000E5C  0001A4  001000      1CB8       0  CODE        2
                stringtext1                    001000  000600  001600      2000       0  STRCODE     2
                text28                         001601  00002B  00162C      2C02       0  CODE        2
                text68                         00162C  000070  00169C      2C58       0  CODE        2
                text128                        00169C  000074  001710      2D38       0  CODE        2
                text19                         001710  000076  001786      2E20       0  CODE        2
                text43                         001786  00007F  001805      2F0C       0  CODE        2
                text45                         001805  000024  001829      300A       0  CODE        2
                text21                         001829  000024  00184D      3052       0  CODE        2
                text33                         00184D  000026  001873      309A       0  CODE        2
                text37                         001873  000028  00189B      30E6       0  CODE        2
                text23                         00189B  000028  0018C3      3136       0  CODE        2
                text84                         0018C3  000029  0018EC      3186       0  CODE        2
                text72                         0018EC  00002E  00191A      31D8       0  CODE        2
                text100                        00191A  000034  00194E      3234       0  CODE        2
                text71                         00194E  000034  001982      329C       0  CODE        2
                text1                          001982  000037  0019B9      3304       0  CODE        2
                text63                         0019B9  00003A  0019F3      3372       0  CODE        2
                text70                         0019F3  00003B  001A2E      33E6       0  CODE        2
                text29                         001A2E  00003B  001A69      345C       0  CODE        2
                text6                          001A69  00003B  001AA4      34D2       0  CODE        2
                text65                         001AA4  00003C  001AE0      3548       0  CODE        2
                text74                         001AE0  00003D  001B1D      35C0       0  CODE        2
                idataBANK4                     001B1D  00003D  001B5A      363A       0  CODE        2
                text78                         001B5A  000040  001B9A      36B4       0  CODE        2
                text4                          001B9A  000043  001BDD      3734       0  CODE        2
                text20                         001BDD  000048  001C25      37BA       0  CODE        2
                text55                         001C25  000049  001C6E      384A       0  CODE        2
                text95                         001C6E  00004B  001CB9      38DC       0  CODE        2
                text32                         001CB9  00004B  001D04      3972       0  CODE        2
                text96                         001D04  000059  001D5D      3A08       0  CODE        2
                text27                         001D5D  00005C  001DB9      3ABA       0  CODE        2
                text12                         001DB9  00005C  001E15      3B72       0  CODE        2
                text124                        001E15  00005E  001E73      3C2A       0  CODE        2
                text22                         001E73  00005E  001ED1      3CE6       0  CODE        2
                text117                        001ED1  000060  001F31      3DA2       0  CODE        2
                text7                          001F31  000067  001F98      3E62       0  CODE        2
                text69                         001F98  000068  002000      3F30       0  CODE        2
                text111                        002420  000002  002422      4840       0  CODE        2
                text110                        002422  000002  002424      4844       0  CODE        2
                text116                        002424  000003  002427      4848       0  CODE        2
                text115                        002427  000003  00242A      484E       0  CODE        2
                text114                        00242A  000003  00242D      4854       0  CODE        2
                text112                        00242D  000003  002430      485A       0  CODE        2
                text109                        002430  000003  002433      4860       0  CODE        2
                text108                        002433  000003  002436      4866       0  CODE        2
                text107                        002436  000003  002439      486C       0  CODE        2
                text105                        002439  000003  00243C      4872       0  CODE        2
                text101                        00243C  000003  00243F      4878       0  CODE        2
                text52                         00243F  000003  002442      487E       0  CODE        2
                text49                         002442  000003  002445      4884       0  CODE        2
                text127                        002445  000004  002449      488A       0  CODE        2
                text126                        002449  000004  00244D      4892       0  CODE        2
                text120                        00244D  000004  002451      489A       0  CODE        2
                text106                        002451  000004  002455      48A2       0  CODE        2
                text104                        002455  000004  002459      48AA       0  CODE        2
                text40                         002459  000004  00245D      48B2       0  CODE        2
                text35                         00245D  000004  002461      48BA       0  CODE        2
                text24                         002461  000004  002465      48C2       0  CODE        2
                text99                         002465  000005  00246A      48CA       0  CODE        2
                text93                         00246A  000005  00246F      48D4       0  CODE        2
                text92                         00246F  000005  002474      48DE       0  CODE        2
                text91                         002474  000005  002479      48E8       0  CODE        2
                text90                         002479  000005  00247E      48F2       0  CODE        2
                text89                         00247E  000005  002483      48FC       0  CODE        2
                text88                         002483  000005  002488      4906       0  CODE        2
                text87                         002488  000005  00248D      4910       0  CODE        2
                text86                         00248D  000005  002492      491A       0  CODE        2
                text80                         002492  000005  002497      4924       0  CODE        2
                text103                        002497  000006  00249D      492E       0  CODE        2
                text102                        00249D  000006  0024A3      493A       0  CODE        2
                text83                         0024A3  000006  0024A9      4946       0  CODE        2
                text25                         0024A9  000006  0024AF      4952       0  CODE        2
                clrtext                        0024AF  000006  0024B5      495E       0  CODE        2
                inittext                       0024B5  000006  0024BB      496A       0  CODE        2
                idataBANK3                     0024BB  000006  0024C1      4976       0  CODE        2
                idataBANK2                     0024C1  000006  0024C7      4982       0  CODE        2
                text94                         0024C7  000007  0024CE      498E       0  CODE        2
                text119                        0024CE  000008  0024D6      499C       0  CODE        2
                text97                         0024D6  000008  0024DE      49AC       0  CODE        2
                text54                         0024DE  000008  0024E6      49BC       0  CODE        2
                text98                         0024E6  000009  0024EF      49CC       0  CODE        2
                text67                         0024EF  000009  0024F8      49DE       0  CODE        2
                text58                         0024F8  000009  002501      49F0       0  CODE        2
                text56                         002501  000009  00250A      4A02       0  CODE        2
                text53                         00250A  00000B  002515      4A14       0  CODE        2
                text82                         002515  00000D  002522      4A2A       0  CODE        2
                text79                         002522  00000D  00252F      4A44       0  CODE        2
                text59                         00252F  00000D  00253C      4A5E       0  CODE        2
                text57                         00253C  00000D  002549      4A78       0  CODE        2
                text73                         002549  00000E  002557      4A92       0  CODE        2
                maintext                       002557  00000E  002565      4AAE       0  CODE        2
                text121                        002565  00000F  002574      4ACA       0  CODE        2
                text60                         002574  00000F  002583      4AE8       0  CODE        2
                text51                         002583  00000F  002592      4B06       0  CODE        2
                text38                         002592  00000F  0025A1      4B24       0  CODE        2
                text36                         0025A1  00000F  0025B0      4B42       0  CODE        2
                text48                         0025B0  000010  0025C0      4B60       0  CODE        2
                text16                         0025C0  000010  0025D0      4B80       0  CODE        2
                text26                         0025D0  000012  0025E2      4BA0       0  CODE        2
                text125                        0025E2  000013  0025F5      4BC4       0  CODE        2
                text13                         0025F5  000014  002609      4BEA       0  CODE        2
                text2                          002609  000014  00261D      4C12       0  CODE        2
                text129                        00261D  000015  002632      4C3A       0  CODE        2
                text61                         002632  000015  002647      4C64       0  CODE        2
                text77                         002647  000017  00265E      4C8E       0  CODE        2
                text39                         00265E  000018  002676      4CBC       0  CODE        2
                text50                         002676  000019  00268F      4CEC       0  CODE        2
                text64                         00268F  00001A  0026A9      4D1E       0  CODE        2
                text113                        0026A9  00001B  0026C4      4D52       0  CODE        2
                text123                        0026C4  00001C  0026E0      4D88       0  CODE        2
                text66                         0026E0  00001D  0026FD      4DC0       0  CODE        2
                text31                         0026FD  00001D  00271A      4DFA       0  CODE        2
                text17                         00271A  00001E  002738      4E34       0  CODE        2
                text47                         002738  00001F  002757      4E70       0  CODE        2
                text118                        002757  000020  002777      4EAE       0  CODE        2
                text81                         002777  000021  002798      4EEE       0  CODE        2
                text62                         002798  000022  0027BA      4F30       0  CODE        2
                text30                         0027BA  000022  0027DC      4F74       0  CODE        2
                text76                         0027DC  000024  002800      4FB8       0  CODE        2
                stringtext7                    002800  000029  002829      5000       0  STRCODE     2


UNUSED ADDRESS RANGES

        Name                Unused          Largest block    Delta
        BANK10           00520-0056F              50           1
        BANK11           005A0-005EF              50           1
        BANK12           00620-0066F              50           1
        BANK13           006A0-006EF              50           1
        BANK14           00720-0076F              50           1
        BANK15           007A0-007EF              50           1
        BANK16           00820-0086F              50           1
        BANK17           008A0-008EF              50           1
        BANK18           00920-0096F              50           1
        BANK19           009A0-009EF              50           1
        BANK2            0016F-0016F               1           1
        BANK20           00A20-00A6F              50           1
        BANK21           00AA0-00AEF              50           1
        BANK22           00B20-00B6F              50           1
        BANK23           00BA0-00BEF              50           1
        BANK24           00C20-00C6F              50           1
        BANK25           00CA0-00CBF              20           1
        BANK3            001EF-001EF               1           1
        BANK4            00269-0026F               7           1
        BANK5            002EA-002EF               6           1
        BANK6            00368-0036F               8           1
        BANK7            003A0-003EF              50           1
        BANK8            00420-0046F              50           1
        BANK9            004A0-004EF              50           1
        BIGRAM           02000-027EF             7F0           1
        CODE             00003-00003               1           2
                         01600-01600               1
                         02000-0241F             420
                         02829-03FFF             800
        COMMON           0007D-0007D               1           1
        CONST            00003-00003               1           2
                         01600-01600               1
                         02000-0241F             100
                         02829-03FFF             100
        EEDATA           0F000-0F0FF             100           2
        ENTRY            00003-00003               1           2
                         01600-01600               1
                         02000-0241F             100
                         02829-03FFF             100
        RAM              0016F-0016F               1           1
                         001EF-001EF               1
                         00269-0026F               7
                         002EA-002EF               6
                         00368-0036F               8
                         003A0-003EF              50
                         00420-0046F              50
                         004A0-004EF              50
                         00520-0056F              50
                         005A0-005EF              50
                         00620-0066F              50
                         006A0-006EF              50
                         00720-0076F              50
                         007A0-007EF              50
                         00820-0086F              50
                         008A0-008EF              50
                         00920-0096F              50
                         009A0-009EF              50
                         00A20-00A6F              50
                         00AA0-00AEF              50
                         00B20-00B6F              50
                         00BA0-00BEF              50
                         00C20-00C6F              50
                         00CA0-00CBF              20
        SFR0             00000-0001F              20           1
        SFR1             00080-0009F              20           1
        SFR10            00500-0051F              20           1
        SFR11            00580-0059F              20           1
        SFR12            00600-0061F              20           1
        SFR13            00680-0069F              20           1
        SFR14            00700-0071F              20           1
        SFR15            00780-0079F              20           1
        SFR16            00800-0081F              20           1
        SFR17            00880-0089F              20           1
        SFR18            00900-0091F              20           1
        SFR19            00980-0099F              20           1
        SFR2             00100-0011F              20           1
        SFR20            00A00-00A1F              20           1
        SFR21            00A80-00A9F              20           1
        SFR22            00B00-00B1F              20           1
        SFR23            00B80-00B9F              20           1
        SFR24            00C00-00C1F              20           1
        SFR25            00C80-00C9F              20           1
        SFR26            00D00-00D6F              70           1
        SFR27            00D80-00DEF              70           1
        SFR28            00E00-00E6F              70           1
        SFR29            00E80-00EEF              70           1
        SFR3             00180-0019F              20           1
        SFR30            00F00-00F6F              70           1
        SFR31            00F80-00FEF              70           1
        SFR4             00200-0021F              20           1
        SFR5             00280-0029F              20           1
        SFR6             00300-0031F              20           1
        SFR7             00380-0039F              20           1
        SFR8             00400-0041F              20           1
        SFR9             00480-0049F              20           1
        STRCODE          00003-00003               1           2
                         01600-01600               1
                         02000-0241F             420
                         02829-03FFF            17D7
        STRING           00003-00003               1           2
                         01600-01600               1
                         02000-0241F             100
                         02829-03FFF             100

                                  Symbol Table

?_ADCC_GetSingleConversion                     cstackBANK0  00020
?_ADC_Result                                   cstackBANK0  00028
?_CRC16                                        cstackBANK0  00020
?_ExtractCombineEEPROM                         cstackBANK0  00026
?__Umul8_16                                    cstackBANK0  00020
?___awdiv                                      cstackBANK0  00020
?___fladd                                      cstackBANK0  00062
?___fldiv                                      cstackBANK0  0002E
?___flmul                                      cstackBANK0  00048
?___fltol                                      cstackBANK1  000AC
?___lwdiv                                      cstackBANK0  00026
?___wmul                                       cstackBANK0  00020
?___xxtofl                                     cstackBANK0  00020
?_memcmp                                       cstackBANK0  0003B
?_printf                                       cstackBANK0  0005E
?_read_prec_or_width                           cstackBANK0  00026
?_vfprintf                                     cstackBANK0  00056
ADCC_GetSingleConversion@channel               cstackBANK0  00022
ADC_Result@average                             cstackBANK0  00049
ADC_Result@channel                             cstackBANK0  00048
ADC_Result@i                                   cstackBANK0  0004F
ADC_Result@j                                   cstackBANK0  00051
ADC_Result@k                                   cstackBANK0  0004D
ADC_Result@result                              cstackBANK0  0002E
ADC_Result@sum                                 cstackBANK0  0004B
ADC_Result@temp                                cstackBANK0  00046
CRC16@length                                   cstackBANK0  00022
CRC16@pData                                    cstackBANK0  00020
CRC16@uIndex                                   cstackBANK0  00028
CRC16@uchCRCHi                                 cstackBANK0  00029
CRC16@uchCRCLo                                 cstackBANK0  0002A
DimmingValueDutyCycle@difference               cstackCOMMON 00077
DimmingValueDutyCycle@dimmingValue             cstackCOMMON 00074
EUSART1_Write@txData                           cstackBANK0  00020
ExtractCombineEEPROM@first_num                 cstackBANK0  00036
ExtractCombineEEPROM@fourth_num                cstackBANK0  00039
ExtractCombineEEPROM@num                       cstackBANK0  00034
ExtractCombineEEPROM@read_eeprom_H1            cstackBANK0  0003A
ExtractCombineEEPROM@read_eeprom_L1            cstackBANK0  00026
ExtractCombineEEPROM@second_num                cstackBANK0  00037
ExtractCombineEEPROM@third_num                 cstackBANK0  00038
GetDimmingLevelRange@dimmingValue              cstackBANK1  000B4
HandleRS485Message@ActualDataBytes             cstackBANK0  0006A
HandleRS485Message@ExpectedDataBytes           cstackBANK0  00069
HandleRS485Message@data_length                 cstackBANK0  0006B
I2C1_CallbackReturnReset@funPtr                cstackBANK0  00020
I2C1_Close@returnValue                         cstackBANK0  00020
I2C1_MasterOperation@read                      cstackBANK0  00026
I2C1_MasterOperation@returnValue               cstackBANK0  00027
I2C1_MasterSendTxData@data                     cstackBANK0  00020
I2C1_Open@address                              cstackBANK0  00020
I2C1_Open@returnValue                          cstackBANK0  00021
I2C1_ReadNBytes@address                        cstackBANK0  0002C
I2C1_ReadNBytes@data                           cstackBANK0  00028
I2C1_ReadNBytes@len                            cstackBANK0  0002A
I2C1_SetAddressNackCallback@cb                 cstackBANK0  00025
I2C1_SetAddressNackCallback@ptr                cstackBANK0  00027
I2C1_SetBuffer@buffer                          cstackBANK0  00020
I2C1_SetBuffer@bufferSize                      cstackBANK0  00022
I2C1_SetCallback@cb                            cstackBANK0  00020
I2C1_SetCallback@idx                           cstackBANK0  00024
I2C1_SetCallback@ptr                           cstackBANK0  00022
I2C1_WriteNBytes@address                       cstackBANK0  0002D
I2C1_WriteNBytes@data                          cstackBANK0  00029
I2C1_WriteNBytes@len                           cstackBANK0  0002B
INTERRUPT_InterruptManager@UartReceivedData    cstackCOMMON 00079
IOCBF3_SetInterruptHandler@InterruptHandler    cstackBANK0  00020
L6562_Off@channel                              cstackBANK0  00020
L6562_On@channel                               cstackBANK0  00020
OpenCircuitProtect@s_fIoutVal                  bssBANK3     001C4
OpenCircuitProtect@s_fVoutVal                  bssBANK2     00120
PWM6_LoadDutyValue@dutyValue                   cstackBANK0  00020
RELAY_Off@channel                              cstackBANK0  00020
RELAY_On@channel                               cstackBANK0  00020
ReadDataNFC@address_buffer                     cstackBANK0  00034
ReadDataNFC@dataLength                         cstackBANK0  00032
ReadDataNFC@nfc_dataAdd                        cstackBANK0  0002E
ReadDataNFC@nfcdata                            cstackBANK0  00030
Read_Versions@address                          cstackBANK0  0003A
Read_Versions@eeprom_data                      bssBANK3     001E2
Read_Versions@len                              cstackBANK0  00036
Readhandle_version@ack_data                    cstackBANK0  00063
Readhandle_version@i                           cstackBANK1  000B5
Readhandle_version@numb                        cstackBANK1  000B1
Readhandle_version@read_buffer                 cstackBANK1  000A0
Readhandle_version@ver                         cstackBANK1  000B2
Readhandle_version@wcrc                        cstackBANK1  000B3
TaskHandler@i                                  cstackBANK0  0006C
TaskScheduleCb@i                               cstackCOMMON 00075
TaskScheduleCbReg@pFunc                        cstackBANK0  00020
VoltageInputProtection@state                   bssBANK2     00142
WriteDataNFC@combined_buffer                   cstackBANK1  000A0
WriteDataNFC@dataLength                        cstackBANK0  00031
WriteDataNFC@i                                 cstackBANK1  000E8
WriteDataNFC@nfc_dataAdd                       cstackBANK0  0002E
WriteDataNFC@nfcdata                           cstackBANK0  00030
Write_Versions@address                         cstackBANK0  00037
Write_Versions@len                             cstackBANK0  00034
Write_Versions@version_str                     cstackBANK0  00033
Writehandle_version@eeprom_write               cstackBANK2  0015F
Writehandle_version@i                          cstackBANK2  00167
Writehandle_version@j                          cstackBANK2  00168
Writehandle_version@numb                       cstackBANK2  00163
Writehandle_version@ver                        cstackBANK2  00164
Writehandle_version@w_data                     cstackBANK0  00063
Writehandle_version@wcrc                       cstackBANK2  00165
Writehandle_version@write_buffer               cstackBANK2  0014E
_ADACQ                                         (abs)        0009D
_ADCAP                                         (abs)        0009B
_ADCC_GetSingleConversion                      text13       025F5
_ADCC_Initialize                               text60       02574
_ADCLK                                         (abs)        00098
_ADCON0                                        (abs)        00093
_ADCON0bits                                    (abs)        00093
_ADCON1                                        (abs)        00094
_ADC_Result                                    text11       00C03
_ADMATH                                        (abs)        004BC
_ADON                                          (abs)        0049F
_ADPCH                                         (abs)        0009E
_ADPRE                                         (abs)        0009C
_ADREF                                         (abs)        0009A
_ADRESH                                        (abs)        0008D
_ADRESL                                        (abs)        0008C
_ANSELA                                        (abs)        00F38
_ANSELB                                        (abs)        00F43
_ANSELC                                        (abs)        00F4E
_ApplicationInit                               text61       02632
_BAUD1CON                                      (abs)        0011F
_CCPTMRS1bits                                  (abs)        0021F
_CRC16                                         text29       01A2E
_ClearReceiveData                              text30       027BA
_DimmingAction                                 text7        01F31
_DimmingValueDutyCycle                         text128      0169C
_DubugTime                                     bssBANK2     0013B
_EUSART1_IsTxReady                             text26       025D0
_EUSART1_IsTxReady$455                         cstackBANK0  00020
_EUSART1_Write                                 text25       024A9
_EUSART_Initialize                             text59       0252F
_ExtractCombineEEPROM                          text117      01ED1
_GIPOInit                                      text119      024CE
_GetDimmingLevelRange                          text41       008BA
_HandleRS485Message                            text3        00744
_I2C1_CallbackReturnReset                      text110      02422
_I2C1_CallbackReturnStop                       text111      02420
_I2C1_Close                                    text113      026A9
_I2C1_DO_ADDRESS_NACK                          text85       00800
_I2C1_DO_IDLE                                  text99       02465
_I2C1_DO_RCEN                                  text94       024C7
_I2C1_DO_RESET                                 text86       0248D
_I2C1_DO_RX                                    text95       01C6E
_I2C1_DO_RX_ACK                                text89       0247E
_I2C1_DO_RX_NACK_RESTART                       text87       02488
_I2C1_DO_RX_NACK_STOP                          text88       02483
_I2C1_DO_SEND_ADR_READ                         text98       024E6
_I2C1_DO_SEND_ADR_WRITE                        text97       024D6
_I2C1_DO_SEND_RESTART                          text91       02474
_I2C1_DO_SEND_RESTART_READ                     text93       0246A
_I2C1_DO_SEND_RESTART_WRITE                    text92       0246F
_I2C1_DO_SEND_STOP                             text90       02479
_I2C1_DO_TX                                    text96       01D04
_I2C1_DO_TX_EMPTY                              text100      0191A
_I2C1_Initialize                               text58       024F8
_I2C1_MasterClearIrq                           text116      02424
_I2C1_MasterClose                              text115      02427
_I2C1_MasterDisableIrq                         text114      0242A
_I2C1_MasterEnableRestart                      text109      02430
_I2C1_MasterFsm                                text84       018C3
_I2C1_MasterGetRxData                          text105      02439
_I2C1_MasterIsNack                             text102      0249D
_I2C1_MasterOpen                               text79       02522
_I2C1_MasterOperation                          text81       02777
_I2C1_MasterRead                               text80       02492
_I2C1_MasterSendAck                            text104      02455
_I2C1_MasterSendNack                           text106      02451
_I2C1_MasterSendTxData                         text103      02497
_I2C1_MasterSetIrq                             text101      0243C
_I2C1_MasterStart                              text112      0242D
_I2C1_MasterStartRx                            text107      02436
_I2C1_MasterStop                               text108      02433
_I2C1_MasterWaitForEvent                       text83       024A3
_I2C1_MasterWrite                              text75       01800
_I2C1_Open                                     text78       01B5A
_I2C1_Poller                                   text82       02515
_I2C1_ReadNBytes                               text76       027DC
_I2C1_SetAddressNackCallback                   text73       02549
_I2C1_SetBuffer                                text77       02647
_I2C1_SetCallback                              text74       01AE0
_I2C1_Status                                   bssBANK3     001A0
_I2C1_WriteNBytes                              text72       018EC
_I2C_Password_Add                              dataBANK4    0024A
_I2C_ReceiveBuffer                             bssBANK4     00261
_I2C_System_Config_Data                        bssBANK1     000EF
_I2C_sendAdd                                   dataBANK3    001EA
_INLVLA                                        (abs)        00F3C
_INLVLB                                        (abs)        00F47
_INLVLC                                        (abs)        00F52
_INLVLE                                        (abs)        00F68
_INTCONbits                                    (abs)        0000B
_INTERRUPT_InterruptManager                    intentry     00004
_IOCBF3_DefaultInterruptHandler                (abs)        00000
_IOCBF3_InterruptHandler                       nvBANK3      001ED
_IOCBF3_SetInterruptHandler                    text56       02501
_IOCBFbits                                     (abs)        00F4A
_IOCBNbits                                     (abs)        00F49
_IOCBPbits                                     (abs)        00F48
_L6562_Off                                     text121      02565
_L6562_On                                      text36       025A1
_LATA                                          (abs)        00016
_LATA0                                         (abs)        000B0
_LATA1                                         (abs)        000B1
_LATA5                                         (abs)        000B5
_LATB                                          (abs)        00017
_LATB4                                         (abs)        000BC
_LATB6                                         (abs)        000BE
_LATC                                          (abs)        00018
_LATC1                                         (abs)        000C1
_LATC4                                         (abs)        000C4
_Led_Off                                       text127      02445
_Led_On                                        text126      02449
_LightPowerOff                                 text37       01873
_LightPowerOn                                  text33       0184D
_NVMADRH                                       (abs)        0081B
_NVMADRL                                       (abs)        0081A
_NVMCON1bits                                   (abs)        0081E
_NVMCON2                                       (abs)        0081F
_NVMDATL                                       (abs)        0081C
_ODCONA                                        (abs)        00F3A
_ODCONB                                        (abs)        00F45
_ODCONC                                        (abs)        00F50
_OSCCON1                                       (abs)        0088D
_OSCCON3                                       (abs)        0088F
_OSCEN                                         (abs)        00891
_OSCFRQ                                        (abs)        00893
_OSCILLATOR_Initialize                         text57       0253C
_OSCTUNE                                       (abs)        00892
_OpenCircuitProtect                            text5        00CCF
_PFC_Off                                       text40       02459
_PFC_On                                        text35       0245D
_PIE0bits                                      (abs)        00716
_PIE3bits                                      (abs)        00719
_PIE4bits                                      (abs)        0071A
_PIN_MANAGER_Initialize                        text55       01C25
_PIR0bits                                      (abs)        0070C
_PIR3bits                                      (abs)        0070F
_PIR4bits                                      (abs)        00710
_PLLR                                          (abs)        04480
_PMD0                                          (abs)        00796
_PMD1                                          (abs)        00797
_PMD2                                          (abs)        00798
_PMD3                                          (abs)        00799
_PMD4                                          (abs)        0079A
_PMD5                                          (abs)        0079B
_PMD_Initialize                                text54       024DE
_PWM6CON                                       (abs)        0038E
_PWM6DCH                                       (abs)        0038D
_PWM6DCL                                       (abs)        0038C
_PWM6_Initialize                               text53       0250A
_PWM6_LoadDutyValue                            text39       0265E
_ProtectionCheck                               text32       01CB9
_RA0                                           (abs)        00060
_RA1                                           (abs)        00061
_RA5                                           (abs)        00065
_RB1PPS                                        (abs)        00F19
_RB2PPS                                        (abs)        00F1A
_RB4                                           (abs)        0006C
_RB6                                           (abs)        0006E
_RB7                                           (abs)        0006F
_RC1                                           (abs)        00071
_RC1STA                                        (abs)        0011D
_RC2PPS                                        (abs)        00F22
_RC3PPS                                        (abs)        00F23
_RC4                                           (abs)        00074
_RC6PPS                                        (abs)        00F26
_RCREG                                         (abs)        00119
_RELAY_Off                                     text38       02592
_RELAY_On                                      text34       007F1
_RS485_RXEN                                    text120      0244D
_RS485_TXEN                                    text24       02461
_RXPPS                                         (abs)        00ECB
_ReadDataNFC                                   text71       0194E
_ReadI2C1Current                               text69       01F98
_Read_Versions                                 text66       026E0
_Readhandle_version                            text15       00953
_Rx_Buffer                                     bssBANK5     002C2
_Rx_Buffer_ISR                                 bssBANK6     00320
_Rx_Length                                     bssBANK0     0006D
_SLRCONA                                       (abs)        00F3B
_SLRCONB                                       (abs)        00F46
_SLRCONC                                       (abs)        00F51
_SP1BRGH                                       (abs)        0011C
_SP1BRGL                                       (abs)        0011B
_SSP1ADD                                       (abs)        0018D
_SSP1BUF                                       (abs)        0018C
_SSP1CLKPPS                                    (abs)        00EC5
_SSP1CON1                                      (abs)        00190
_SSP1CON1bits                                  (abs)        00190
_SSP1CON2                                      (abs)        00191
_SSP1CON2bits                                  (abs)        00191
_SSP1DATPPS                                    (abs)        00EC6
_SSP1STAT                                      (abs)        0018F
_SYSTEM_Initialize                             text47       02738
_ShortCircuitProtect                           text4        01B9A
_StartReadNFC                                  text68       0162C
_T0CON0                                        (abs)        0001E
_T0CON0bits                                    (abs)        0001E
_T0CON1                                        (abs)        0001F
_T1CLK                                         (abs)        00211
_T1CON                                         (abs)        0020E
_T1GATE                                        (abs)        00210
_T1GCON                                        (abs)        0020F
_T2CLKCON                                      (abs)        00290
_T2CON                                         (abs)        0028E
_T2CONbits                                     (abs)        0028E
_T2HLT                                         (abs)        0028F
_T2PR                                          (abs)        0028D
_T2RST                                         (abs)        00291
_T2TMR                                         (abs)        0028C
_TMR0H                                         (abs)        0001D
_TMR0IF                                        (abs)        03865
_TMR0L                                         (abs)        0001C
_TMR0_Initialize                               text51       02583
_TMR0_StartTimer                               text52       0243F
_TMR1H                                         (abs)        0020D
_TMR1L                                         (abs)        0020C
_TMR1_Initialize                               text50       02676
_TMR2_Initialize                               text48       025B0
_TMR2_Start                                    text49       02442
_TRISA                                         (abs)        00011
_TRISB                                         (abs)        00012
_TRISC                                         (abs)        00013
_TX1REG                                        (abs)        0011A
_TX1STA                                        (abs)        0011E
_TX1STAbits                                    (abs)        0011E
_TaskHandler                                   text1        01982
_TaskScheduleCb                                text124      01E15
_TaskScheduleCbReg                             text67       024EF
_TempProtect                                   text6        01A69
_VersionStore                                  text62       02798
_VoltageInputProtection                        text8        00A94
_WPUA                                          (abs)        00F39
_WPUB                                          (abs)        00F44
_WPUC                                          (abs)        00F4F
_WPUE                                          (abs)        00F65
_WriteDataNFC                                  text65       01AA4
_Write_Versions                                text64       0268F
_Writehandle_version                           text14       00B39
__H__absolute__                                __absolute__ 00000
__Habs1                                        abs1         00000
__Hbank0                                       bank0        00000
__Hbank1                                       bank1        00000
__Hbank10                                      bank10       00000
__Hbank11                                      bank11       00000
__Hbank12                                      bank12       00000
__Hbank13                                      bank13       00000
__Hbank14                                      bank14       00000
__Hbank15                                      bank15       00000
__Hbank16                                      bank16       00000
__Hbank17                                      bank17       00000
__Hbank18                                      bank18       00000
[...]
_g_pTaskScheduleFunc                           bssBANK2     00126
_g_taskComps                                   dataBANK4    00220
_g_u8DimmingUpTime                             bssBANK2     0012C
_g_uCheckCRC16                                 bssBANK2     00130
_g_uCheckCRCResult                             bssBANK3     001E0
_g_uCurrentValue                               bssBANK2     00132
_g_uDebounceUpTime                             bssBANK3     001D8
_g_uDimmingLevel                               dataBANK2    0016D
_g_uGPOConfigValue                             bssBANK2     00141
_g_uInputTime5Sce                              bssBANK2     0013D
_g_uLedTime                                    bssBANK2     0012A
_g_uNfcCurreValue                              bssBANK0     0006E
_g_uOpenProtectionUpTime                       bssBANK3     001DA
_g_uOvervoltageUpTime                          bssBANK2     0013E
_g_uPowerOnCmdDelay                            bssBANK2     0013C
_g_uProtectState                               bssBANK2     00143
_g_uPwmDimmingValue                            dataBANK2    00169
_g_uPwmOut                                     bssBANK2     00138
_g_uRs485TimeOut                               bssBANK2     00128
_g_uShortCircuitFlag                           bssBANK1     000EB
_g_uShortCircuitUpTime                         bssBANK3     001DE
_g_uTempProtectState                           bssBANK1     000ED
_g_uTempValue                                  bssBANK2     00136
_g_uTimeCount                                  bssBANK2     0012E
_g_uUndervoltageUpTime                         bssBANK3     001DC
_g_uVintValue                                  bssCOMMON    0007A
_g_uVoutValue                                  bssBANK2     00134
_i2c1_fsmStateTable                            stringtext7  02800
_main                                          maintext     02557
_memcmp                                        text63       019B9
_memcpy                                        text28       01601
_memset                                        text31       026FD
_pad                                           text20       01BDD
_prec                                          bssBANK3     001D0
_printf                                        text16       025C0
_putch                                         text23       0189B
_read_prec_or_width                            text27       01D5D
_timer1ReloadVal                               bssBANK3     001D4
_version                                       dataBANK3    001E7
_vfpfcnvrt                                     text18       00677
_vfprintf                                      text17       0271A
_width                                         bssBANK2     00124
_xtoa                                          text19       01710
btemp                                          (abs)        0007E
btemp0                                         (abs)        0007E
btemp1                                         (abs)        0007F
clear_ram0                                     clrtext      024AF
end_of_initialization                          cinit        001BC
fputc@c                                        cstackBANK0  00023
fputc@fp                                       cstackBANK0  00025
fputs@c                                        cstackBANK0  00031
fputs@fp                                       cstackBANK0  0002D
fputs@i                                        cstackBANK0  00032
fputs@s                                        cstackBANK0  0002C
i1PWM6_LoadDutyValue@dutyValue                 cstackCOMMON 00070
i1_PWM6_LoadDutyValue                          text129      0261D
i1___bmul                                      text125      025E2
i1___bmul@multiplicand                         cstackCOMMON 00070
i1___bmul@multiplier                           cstackCOMMON 00072
i1___bmul@product                              cstackCOMMON 00071
i1_memset                                      text123      026C4
i1memset@c                                     cstackCOMMON 00072
i1memset@dest                                  cstackCOMMON 00070
i1memset@n                                     cstackCOMMON 00074
i1memset@p                                     cstackCOMMON 00076
init_ram                                       inittext     024B5
int$flags                                      (abs)        0007E
intlevel0                                      functab      00000
intlevel1                                      functab      00000
intlevel2                                      functab      00000
intlevel3                                      functab      00000
intlevel4                                      functab      00000
intlevel5                                      functab      00000
ltemp0a                                        (abs)        00080
memcmp@l                                       cstackBANK0  0003F
memcmp@n                                       cstackBANK0  0003D
memcmp@r                                       cstackBANK0  00040
memcmp@vl                                      cstackBANK0  0003B
memcmp@vr                                      cstackBANK0  0003C
memcpy@d                                       cstackBANK0  00026
memcpy@d1                                      cstackBANK0  00020
memcpy@n                                       cstackBANK0  00024
memcpy@s                                       cstackBANK0  00028
memcpy@s1                                      cstackBANK0  00022
memcpy@tmp                                     cstackBANK0  0002A
memset@c                                       cstackBANK0  00022
memset@dest                                    cstackBANK0  00020
memset@n                                       cstackBANK0  00024
memset@p                                       cstackBANK0  00026
pad@buf                                        cstackBANK0  00036
pad@fp                                         cstackBANK0  00034
pad@i                                          cstackBANK0  0003A
pad@p                                          cstackBANK0  00037
printf@ap                                      cstackBANK0  00062
printf@fmt                                     cstackBANK0  0005E
putch@data                                     cstackBANK0  00022
read_prec_or_width@ap                          cstackBANK0  00027
read_prec_or_width@c                           cstackBANK0  0002B
read_prec_or_width@fmt                         cstackBANK0  00026
read_prec_or_width@n                           cstackBANK0  0002C
reset_vec                                      reset_vec    00000
start                                          init         00160
start_initialization                           cinit        00162
ttemp0a                                        (abs)        0007F
vfpfcnvrt@ap                                   cstackBANK0  0004A
vfpfcnvrt@convarg                              cstackBANK0  0004F
vfpfcnvrt@cp                                   cstackBANK0  00054
vfpfcnvrt@done                                 cstackBANK0  00053
vfpfcnvrt@fmt                                  cstackBANK0  00049
vfpfcnvrt@fp                                   cstackBANK0  00047
vfprintf@ap                                    cstackBANK0  0005A
vfprintf@cfmt                                  cstackBANK0  0005C
vfprintf@fmt                                   cstackBANK0  00058
vfprintf@fp                                    cstackBANK0  00056
wtemp0                                         (abs)        0007E
wtemp0a                                        (abs)        0007F
xtoa@c                                         cstackBANK0  00044
xtoa@d                                         cstackBANK0  0003E
xtoa@fp                                        cstackBANK0  0003C
xtoa@i                                         cstackBANK0  00045
xtoa@p                                         cstackBANK0  00041
xtoa@w                                         cstackBANK0  00042


MODULE INFORMATION

Module		Function		Class		Link	Load	Size
mcc_generated_files/examples/i2c1_master_example.c
		_I2C1_ReadNBytes		CODE           	27DC	0000	36
		_I2C1_WriteNBytes		CODE           	18EC	0000	46

mcc_generated_files/examples/i2c1_master_example.c estimated size: 82

C:\Program Files\Microchip\xc8\v3.10\pic\sources\c99\common\flge.c
		___flge        		CODE           	082F	0000	139

C:\Program Files\Microchip\xc8\v3.10\pic\sources\c99\common\flge.c estimated size: 139

mcc_generated_files/pwm6.c
		_PWM6_LoadDutyValue		CODE           	265E	0000	24
		_PWM6_Initialize		CODE           	250A	0000	11

mcc_generated_files/pwm6.c estimated size: 35

C:\Program Files\Microchip\xc8\v3.10\pic\sources\c99\common\memcmp.c
		_memcmp        		CODE           	19B9	0000	58

C:\Program Files\Microchip\xc8\v3.10\pic\sources\c99\common\memcmp.c estimated size: 58

C:\Program Files\Microchip\xc8\v3.10\pic\sources\c99\common\memcpy.c
		_memcpy        		CODE           	1601	0000	43

C:\Program Files\Microchip\xc8\v3.10\pic\sources\c99\common\memcpy.c estimated size: 43

mcc_generated_files/i2c1_master.c
		_I2C1_DO_SEND_RESTART		CODE           	2474	0000	5
		_I2C1_DO_TX_EMPTY		CODE           	191A	0000	52
		_I2C1_DO_SEND_RESTART_READ		CODE           	246A	0000	5
		_I2C1_CallbackReturnStop		CODE           	2420	0000	2
		_I2C1_MasterRead		CODE           	2492	0000	5
		_I2C1_DO_RX    		CODE           	1C6E	0000	75
		_I2C1_DO_TX    		CODE           	1D04	0000	89
		_I2C1_SetAddressNackCallback		CODE           	2549	0000	14
		_I2C1_DO_IDLE  		CODE           	2465	0000	5
		_I2C1_MasterOpen		CODE           	2522	0000	13
		_I2C1_DO_RCEN  		CODE           	24C7	0000	7
		_I2C1_MasterSendTxData		CODE           	2497	0000	6
		_I2C1_MasterStop		CODE           	2433	0000	3
		_I2C1_CallbackReturnReset		CODE           	2422	0000	2
		_I2C1_DO_RESET 		CODE           	248D	0000	5
		_I2C1_MasterStartRx		CODE           	2436	0000	3
		_I2C1_Poller   		CODE           	2515	0000	13
		_I2C1_DO_RX_ACK		CODE           	247E	0000	5
		_I2C1_MasterWaitForEvent		CODE           	24A3	0000	6
		_I2C1_MasterSendNack		CODE           	2451	0000	4
		_I2C1_DO_RX_NACK_RESTART		CODE           	2488	0000	5
		_I2C1_MasterDisableIrq		CODE           	242A	0000	3
		_I2C1_MasterOperation		CODE           	2777	0000	33
		_I2C1_SetCallback		CODE           	1AE0	0000	61
		_I2C1_MasterEnableRestart		CODE           	2430	0000	3
		_I2C1_Open     		CODE           	1B5A	0000	64
		_I2C1_DO_ADDRESS_NACK		CODE           	0800	0000	47
		_I2C1_SetBuffer		CODE           	2647	0000	23
		_I2C1_DO_SEND_RESTART_WRITE		CODE           	246F	0000	5
		_I2C1_MasterClose		CODE           	2427	0000	3
		_I2C1_MasterWrite		CODE           	1800	0000	5
		_I2C1_Initialize		CODE           	24F8	0000	9
		_I2C1_Close    		CODE           	26A9	0000	27
		_I2C1_MasterIsNack		CODE           	249D	0000	6
		_I2C1_MasterStart		CODE           	242D	0000	3
		_I2C1_DO_SEND_ADR_WRITE		CODE           	24D6	0000	8
		_I2C1_MasterClearIrq		CODE           	2424	0000	3
		_I2C1_DO_SEND_STOP		CODE           	2479	0000	5
		_I2C1_MasterSendAck		CODE           	2455	0000	4
		_I2C1_MasterFsm		CODE           	18C3	0000	41
		_I2C1_MasterGetRxData		CODE           	2439	0000	3
		_I2C1_MasterSetIrq		CODE           	243C	0000	3
		_I2C1_DO_SEND_ADR_READ		CODE           	24E6	0000	9
		_I2C1_DO_RX_NACK_STOP		CODE           	2483	0000	5

mcc_generated_files/i2c1_master.c estimated size: 697

mcc_generated_files/tmr2.c
		_TMR2_Initialize		CODE           	25B0	0000	16
		_TMR2_Start    		CODE           	2442	0000	3

mcc_generated_files/tmr2.c estimated size: 19

mcc_generated_files/interrupt_manager.c
		_TaskScheduleCbReg		CODE           	24EF	0000	9
		_INTERRUPT_InterruptManager		CODE           	0004	0000	348

mcc_generated_files/interrupt_manager.c estimated size: 357

mcc_generated_files/tmr0.c
		_TMR0_StartTimer		CODE           	243F	0000	3
		_TMR0_Initialize		CODE           	2583	0000	15

mcc_generated_files/tmr0.c estimated size: 18

Application/rs485_receive/rs485_task.c
		_ClearReceiveData		CODE           	27BA	0000	34
		_HandleRS485Message		CODE           	0744	0000	173

Application/rs485_receive/rs485_task.c estimated size: 207

C:\Program Files\Microchip\xc8\v3.10\pic\sources\c99\common\nf_fputs.c
		_fputs         		CODE           	1829	0000	36

C:\Program Files\Microchip\xc8\v3.10\pic\sources\c99\common\nf_fputs.c estimated size: 36

Application/led_protect/protect_task.c
		_ShortCircuitProtect		CODE           	1B9A	0000	67
		_TempProtect   		CODE           	1A69	0000	59
		_OpenCircuitProtect		CODE           	0CCF	0000	397
		_ProtectionCheck		CODE           	1CB9	0000	75
		_VoltageInputProtection		CODE           	0A94	0000	165

Application/led_protect/protect_task.c estimated size: 763

mcc_generated_files/pin_manager.c
		_PIN_MANAGER_Initialize		CODE           	1C25	0000	73
		_IOCBF3_SetInterruptHandler		CODE           	2501	0000	9

mcc_generated_files/pin_manager.c estimated size: 82

C:\Program Files\Microchip\xc8\v3.10\pic\sources\c99\common\printf.c
		_printf        		CODE           	25C0	0000	16

C:\Program Files\Microchip\xc8\v3.10\pic\sources\c99\common\printf.c estimated size: 16

C:\Program Files\Microchip\xc8\v3.10\pic\sources\c99\common\lwdiv.c
		___lwdiv       		CODE           	19F3	0000	59

C:\Program Files\Microchip\xc8\v3.10\pic\sources\c99\common\lwdiv.c estimated size: 59

Application/nfc_read/nfc_read_task.c
		_StartReadNFC  		CODE           	162C	0000	112
		_ExtractCombineEEPROM		CODE           	1ED1	0000	96
		_ReadI2C1Current		CODE           	1F98	0000	104
		_WriteDataNFC  		CODE           	1AA4	0000	60
		_ReadDataNFC   		CODE           	194E	0000	52

Application/nfc_read/nfc_read_task.c estimated size: 424

C:\Program Files\Microchip\xc8\v3.10\pic\sources\c99\common\awdiv.c
		___awdiv       		CODE           	1DB9	0000	92

C:\Program Files\Microchip\xc8\v3.10\pic\sources\c99\common\awdiv.c estimated size: 92

Application/led_close/led_close_task.c
		_LightPowerOn  		CODE           	184D	0000	38
		_LightPowerOff 		CODE           	1873	0000	40

Application/led_close/led_close_task.c estimated size: 78

Drivers/RS485/rs485_driver.c
		_putch         		CODE           	189B	0000	40
		_EUSART1_Write 		CODE           	24A9	0000	6
		_EUSART1_IsTxReady		CODE           	25D0	0000	18

Drivers/RS485/rs485_driver.c estimated size: 64

C:\Program Files\Microchip\xc8\v3.10\pic\sources\c99\common\fltol.c
		___fltol       		CODE           	1786	0000	122

C:\Program Files\Microchip\xc8\v3.10\pic\sources\c99\common\fltol.c estimated size: 122

Drivers/ADC/adc_driver.c
		_ADC_Result    		CODE           	0C03	0000	204

Drivers/ADC/adc_driver.c estimated size: 204

C:\Program Files\Microchip\xc8\v3.10\pic\sources\c99\common\sprcmul.c
		___flmul       		CODE           	043C	0000	571

C:\Program Files\Microchip\xc8\v3.10\pic\sources\c99\common\sprcmul.c estimated size: 571

C:\Program Files\Microchip\xc8\v3.10\pic\sources\c99\common\Umul8.c
		___bmul        		CODE           	2609	0000	20

C:\Program Files\Microchip\xc8\v3.10\pic\sources\c99\common\Umul8.c estimated size: 20

C:\Program Files\Microchip\xc8\v3.10\pic\sources\c99\common\Umul8_16.c
		__Umul8_16     		CODE           	1805	0000	36

C:\Program Files\Microchip\xc8\v3.10\pic\sources\c99\common\Umul8_16.c estimated size: 36

C:\Program Files\Microchip\xc8\v3.10\pic\sources\c99\common\xxtofl.c
		___xxtofl      		CODE           	09EF	0000	165

C:\Program Files\Microchip\xc8\v3.10\pic\sources\c99\common\xxtofl.c estimated size: 165

C:\Program Files\Microchip\xc8\v3.10\pic\sources\c99\common\sprcdiv.c
		___fldiv       		CODE           	0E5C	0000	420

C:\Program Files\Microchip\xc8\v3.10\pic\sources\c99\common\sprcdiv.c estimated size: 420

shared
		_auchCRCLo@crc$F265		STRCODE        	0000	0000	0
		GetDimmingLevelRange@LOW_RANGE_MAX		STRCODE        	0000	0000	0
		GetDimmingLevelRange@MIN_DIMMING_LEVEL		STRCODE        	0000	0000	0
		__initialization		CODE           	0162	0000	90
		_auchCRCHi     		STRCODE        	1500	0000	256
		_i2c1_fsmStateTable		STRCODE        	2800	0000	32
		_auchCRCLo     		STRCODE        	1400	0000	256
		i1___bmul      		CODE           	25E2	0000	19
		i1_memset      		CODE           	26C4	0000	28
		i1_PWM6_LoadDutyValue		CODE           	261D	0000	21
		_auchCRCHi@crc$F234		STRCODE        	0000	0000	0
		_auchCRCLo@crc$F235		STRCODE        	0000	0000	0
		_auchCRCHi@crc$F264		STRCODE        	0000	0000	0

shared estimated size: 702

Application/led_dimming/led_dimming_task.c
		_DimmingAction 		CODE           	1F31	0000	103
		_DimmingValueDutyCycle		CODE           	169C	0000	116
		_GetDimmingLevelRange		CODE           	08BA	0000	153

Application/led_dimming/led_dimming_task.c estimated size: 372

mcc_generated_files/mcc.c
		_PMD_Initialize		CODE           	24DE	0000	8
		_OSCILLATOR_Initialize		CODE           	253C	0000	13
		_SYSTEM_Initialize		CODE           	2738	0000	31

mcc_generated_files/mcc.c estimated size: 52

C:\Program Files\Microchip\xc8\v3.10\pic\sources\c99\common\nf_fputc.c
		_fputc         		CODE           	1E73	0000	94

C:\Program Files\Microchip\xc8\v3.10\pic\sources\c99\common\nf_fputc.c estimated size: 94

C:\Program Files\Microchip\xc8\v3.10\pic\sources\c99\common\memset.c
		_memset        		CODE           	26FD	0000	29

C:\Program Files\Microchip\xc8\v3.10\pic\sources\c99\common\memset.c estimated size: 29

mcc_generated_files/tmr1.c
		_TMR1_Initialize		CODE           	2676	0000	25

mcc_generated_files/tmr1.c estimated size: 25

mcc_generated_files/adcc.c
		_ADCC_GetSingleConversion		CODE           	25F5	0000	20
		_ADCC_Initialize		CODE           	2574	0000	15

mcc_generated_files/adcc.c estimated size: 35

mcc_generated_files/eusart.c
		_EUSART_Initialize		CODE           	252F	0000	13

mcc_generated_files/eusart.c estimated size: 13

C:\Program Files\Microchip\xc8\v3.10\pic\sources\c99\common\doprnt.c
		_read_prec_or_width		CODE           	1D5D	0000	92
		_vfpfcnvrt     		CODE           	0677	0000	205
		_pad           		CODE           	1BDD	0000	72
		_vfprintf      		CODE           	271A	0000	30
		_xtoa          		CODE           	1710	0000	118

C:\Program Files\Microchip\xc8\v3.10\pic\sources\c99\common\doprnt.c estimated size: 517

main.c
		_main          		CODE           	2557	0000	14
		_TaskScheduleCb		CODE           	1E15	0000	94
		_TaskHandler   		CODE           	1982	0000	55
		_ApplicationInit		CODE           	2632	0000	21

main.c estimated size: 184

C:\Program Files\Microchip\xc8\v3.10\pic\sources\c99\common\sprcadd.c
		___fladd       		CODE           	01C0	0000	636

C:\Program Files\Microchip\xc8\v3.10\pic\sources\c99\common\sprcadd.c estimated size: 636

Drivers/GPIO/GPIO_driver.c
		_RS485_RXEN    		CODE           	244D	0000	4
		_GIPOInit      		CODE           	24CE	0000	8
		_PFC_Off       		CODE           	2459	0000	4
		_Led_Off       		CODE           	2445	0000	4
		_RS485_TXEN    		CODE           	2461	0000	4
		_L6562_On      		CODE           	25A1	0000	15
		_L6562_Off     		CODE           	2565	0000	15
		_RELAY_On      		CODE           	07F1	0000	15
		_RELAY_Off     		CODE           	2592	0000	15
		_PFC_On        		CODE           	245D	0000	4
		_Led_On        		CODE           	2449	0000	4

Drivers/GPIO/GPIO_driver.c estimated size: 92

Application/crc16/crc.c
		_CRC16         		CODE           	1A2E	0000	59

Application/crc16/crc.c estimated size: 59

Application/version_read/version_task.c
		_Writehandle_version		CODE           	0B39	0000	202
		_Read_Versions 		CODE           	26E0	0000	29
		_Write_Versions		CODE           	268F	0000	26
		_Readhandle_version		CODE           	0953	0000	156
		_VersionStore  		CODE           	2798	0000	34

Application/version_read/version_task.c estimated size: 447

C:\Program Files\Microchip\xc8\v3.10\pic\sources\c99\common\Umul16.c
		___wmul        		CODE           	2757	0000	32

C:\Program Files\Microchip\xc8\v3.10\pic\sources\c99\common\Umul16.c estimated size: 32

