Microchip MPLAB XC8 Compiler V3.00

Linker command line:

-W-3 \
  --edf=C:\Program Files\Microchip\xc8\v3.00\pic\dat\20241204225717_en.msgs \
  -pivt0x3008=03008h -cn -h+dist/default/debug\GS-S2CH-02-V0.10.debug.sym \
  --cmf=dist/default/debug\GS-S2CH-02-V0.10.debug.cmf -z -Q18F57Q43 \
  -oC:\Users\12918\AppData\Local\Temp\xcCs7o8.2\driver_tmp_3.o \
  --fixupoverflow=error -Mdist/default/debug/GS-S2CH-02-V0.10.debug.map \
  --md=C:\Users\12918\AppData\Local\Temp\xcCs7o8.2\driver_tmp_0.dat -E1 \
  -ver=XC8 Compiler -ACODE=03000h-01FFFFh -ACONST=03000h-01FFFFh \
  -ASMALLCONST=03000h-030FFhx208,012600h-0126FFhx218 \
  -AMEDIUMCONST=03000h-0FFFFh,012600h-01FFFFh -ACOMRAM=0501h-055Fh \
  -AABS1=0500h-024FFh -ABIGRAM=0501h-024FFh \
  -ARAM=0560h-05FFh,0600h-06FFhx31 -ABANK5=0560h-05FFh -ABANK6=0600h-06FFh \
  -ABANK7=0700h-07FFh -ABANK8=0800h-08FFh -ABANK9=0900h-09FFh \
  -ABANK10=0A00h-0AFFh -ABANK11=0B00h-0BFFh -ABANK12=0C00h-0CFFh \
  -ABANK13=0D00h-0DFFh -ABANK14=0E00h-0EFFh -ABANK15=0F00h-0FFFh \
  -ABANK16=01000h-010FFh -ABANK17=01100h-011FFh -ABANK18=01200h-012FFh \
  -ABANK19=01300h-013FFh -ABANK20=01400h-014FFh -ABANK21=01500h-015FFh \
  -ABANK22=01600h-016FFh -ABANK23=01700h-017FFh -ABANK24=01800h-018FFh \
  -ABANK25=01900h-019FFh -ABANK26=01A00h-01AFFh -ABANK27=01B00h-01BFFh \
  -ABANK28=01C00h-01CFFh -ABANK29=01D00h-01DFFh -ABANK30=01E00h-01EFFh \
  -ABANK31=01F00h-01FFFh -ABANK32=02000h-020FFh -ABANK33=02100h-021FFh \
  -ABANK34=02200h-022FFh -ABANK35=02300h-023FFh -ABANK36=02400h-024FFh \
  -ASFR=00h-0FFhx4,0400h-045Fh,0460h-04FFh,02500h-025FFh \
  -ABIGSFR=00h-04FFh,02500h-025FFh -ACONFIG=0300000h-0300011h \
  -AIDLOC=0200000h-020003Fh -AEEDATA=0380000h-03803FFh -peeprom_data=EEDATA \
  -preset_vec=03000h -ppowerup=CODE,init -pramtop=02600h \
  -psmallconst=SMALLCONST -pmediumconst=MEDIUMCONST -pconst=CONST \
  -AFARRAM=00h-00h \
  -prdata=COMRAM,nvrram=COMRAM,nvbit=COMRAM,rbss=COMRAM,rbit=COMRAM \
  -pfarbss=FARRAM,fardata=FARRAM,nvFARRAM=FARRAM \
  -pintsave_regs=BIGRAM,bigbss=BIGRAM,bigdata=BIGRAM -pbss=RAM \
  -pidata=CODE,irdata=CODE,ibigdata=CODE,ifardata=CODE -prparam=COMRAM \
  C:\Users\12918\AppData\Local\Temp\xcCs7o8.2\driver_tmp_12.o \
  dist/default/debug\GS-S2CH-02-V0.10.debug.o 

Object code version is 3.11

Machine type is 18F57Q43



                Name                               Link     Load   Length Selector   Space Scale
C:\Users\12918\AppData\Local\Temp\xcCs7o8.2\driver_tmp_12.o
                config                           300000   300000        A        0       4
                init                               3102     3102        4     1804       0
                reset_vec                          3000     3000        6     1800       0
dist/default/debug\GS-S2CH-02-V0.10.debug.o
                config                           300000   300000        A        0       4
                mediumconst                        3106     3106      D14     1883       0
                ivt0x3008                          3008     3008       FA     1804       0
                text238                            CA04     CA04       36     6402       0
                text237                            D27C     D27C        6     349F       0
                text236                            D2CE     D2CE        2     34A9       0
                text235                            D2CC     D2CC        2     34A9       0
                text234                            D2CA     D2CA        2     34A9       0
                text233                            CA6E     CA6E       34     6402       0
                text232                            D0F8     D0F8       12     341B       0
                text231                            C960     C960       38     6402       0
                text230                            BDDC     BDDC       64     2DAF       0
                text229                            8CC4     8CC4      178     1F0D       0
                text228                            D06C     D06C       16     341B       0
                text227                            C530     C530       46     2DAF       0
                text226                            D2C8     D2C8        2     34A9       0
                text225                            C244     C244       50     2DAF       0
                text224                            D2C6     D2C6        2     34A9       0
                text223                            C688     C688       44     316F       0
                text222                            B2F6     B2F6       AC     1F0D       0
                text221                            B900     B900       84     2DAF       0
                text220                            D2C4     D2C4        2     34A9       0
                text219                            C644     C644       44     316F       0
                text218                            D2C2     D2C2        2     34A9       0
                text217                            CB38     CB38       32     6402       0
                text216                            CFB8     CFB8       18     33E2       0
                text215                            D2C0     D2C0        2     34A9       0
                text214                            CB06     CB06       32     6402       0
                text213                            CFA0     CFA0       18     33E2       0
                text212                            D2BE     D2BE        2     34A9       0
                text211                            CAD4     CAD4       32     6402       0
                text210                            CF88     CF88       18     33E2       0
                text209                            D2BC     D2BC        2     34A9       0
                text208                            D2BA     D2BA        2     34A9       0
                text207                            C600     C600       44     316F       0
                text206                            D2B8     D2B8        2     34A9       0
                text205                            D2B6     D2B6        2     34A9       0
                text204                            B034     B034       B4     1F0D       0
                text203                            D2B4     D2B4        2     34A9       0
                text202                            C5BC     C5BC       44     316F       0
                text201                            D2B2     D2B2        2     34A9       0
                text200                            D2B0     D2B0        2     34A9       0
                text199                            B0E8     B0E8       B2     1F0D       0
                text198                            D2A8     D2A8        4     34A9       0
                text197                            D2A4     D2A4        4     34A9       0
                text196                            D2AE     D2AE        2     34A9       0
                text195                            C37C     C37C       4C     2DAF       0
                text194                            CF38     CF38       1C     6402       0
                text193                            D274     D274        6     341B       0
                text192                            CF1C     CF1C       1C     6402       0
                text191                            D10A     D10A       10     341B       0
                text190                            D0D2     D0D2       14     341B       0
                text189                            C78A     C78A       3E     316F       0
                text188                            D054     D054       16     33E2       0
                text187                            D03E     D03E       16     33E2       0
                text186                            D028     D028       16     33E2       0
                text185                            D012     D012       16     33E2       0
                text184                            CFFC     CFFC       16     33E2       0
                text183                            AE08     AE08       C0     1F0D       0
                text182                            D22A     D22A        8     341B       0
                text181                            D1F8     D1F8        A     341B       0
                text180                            D26E     D26E        6     341B       0
                text179                            CDDE     CDDE       26     6402       0
                text178                            D268     D268        6     341B       0
                text177                            D222     D222        8     341B       0
                text176                            D262     D262        6     341B       0
                text175                            D21A     D21A        8     341B       0
                text174                            CDB8     CDB8       26     6402       0
                text173                            D212     D212        8     341B       0
                text172                            D25C     D25C        6     341B       0
                text171                            CD92     CD92       26     6402       0
                text170                            B6BC     B6BC       9A     2DAF       0
                text169                            CD1E     CD1E       28     6402       0
                text168                            D29E     D29E        4     349F       0
                text167                            CCF6     CCF6       28     6402       0
                text166                            D29A     D29A        4     349F       0
                text165                            CEFA     CEFA       22     6402       0
                text164                            AF7E     AF7E       B6     1F0D       0
                text163                            CBFA     CBFA       30     6402       0
                text162                            D1EE     D1EE        A     341B       0
                text161                            D1E4     D1E4        A     341B       0
                text160                            D256     D256        6     341B       0
                text159                            CD6C     CD6C       26     6402       0
                text158                            BFAA     BFAA       58     2DAF       0
                text157                            D250     D250        6     341B       0
                text156                            C926     C926       3A     6402       0
                text155                            BF52     BF52       58     2DAF       0
                text154                            9526     9526      12E     1F0D       0
                text153                            CBCA     CBCA       30     6402       0
                text152                            C4A2     C4A2       48     2DAF       0
                text151                            C576     C576       44     2DAF       0
                text150                            B87C     B87C       84     2DAF       0
                text149                            8E3C     8E3C      172     1F0D       0
                text148                            9C14     9C14      120     1F0D       0
                text147                            C1F2     C1F2       52     2DAF       0
                text146                            9AF4     9AF4      120     1F0D       0
                text145                            A628     A628       D6     1F0D       0
                text144                            D1A6     D1A6        E     341B       0
                text143                            D198     D198        E     341B       0
                text142                            D0BE     D0BE       14     341B       0
                text141                            CE70     CE70       24     6402       0
                text140                            D0AA     D0AA       14     341B       0
                text139                            C8EC     C8EC       3A     6402       0
                text138                            A45A     A45A       E8     1F0D       0
                text137                            CB9A     CB9A       30     6402       0
                text136                            B4EA     B4EA       9C     1F0D       0
                text135                            C1A0     C1A0       52     2DAF       0
                text134                            B620     B620       9A     1F0D       0
                text133                            BE40     BE40       5E     2DAF       0
                text132                            CB6A     CB6A       30     6402       0
                text131                            BD76     BD76       66     2DAF       0
                text130                            D096     D096       14     341B       0
                text129                            D20A     D20A        8     341B       0
                text128                            D082     D082       14     341B       0
                text127                            C14E     C14E       52     2DAF       0
                text126                            D18A     D18A        E     341B       0
                text125                            D17C     D17C        E     341B       0
                text124                            D16E     D16E        E     341B       0
                text123                            B756     B756       94     2DAF       0
                text122                            D24A     D24A        6     341B       0
                text121                            D244     D244        6     341B       0
                text120                            AD48     AD48       C0     1F0D       0
                text119                            D160     D160        E     341B       0
                text118                            D152     D152        E     341B       0
                text117                            D144     D144        E     341B       0
                text116                            BCA6     BCA6       6A     2DAF       0
                text115                            D136     D136        E     341B       0
                text114                            D128     D128        E     341B       0
                text113                            D11A     D11A        E     341B       0
                text112                            BC3C     BC3C       6A     2DAF       0
                text111                            CD46     CD46       26     6402       0
                text110                            C330     C330       4C     2DAF       0
                text109                            CC54     CC54       2A     6402       0
                text108                            CC2A     CC2A       2A     6402       0
                text107                            CE4C     CE4C       24     6402       0
                text106                            CE28     CE28       24     6402       0
                text105                            CE04     CE04       24     6402       0
                text104                            B448     B448       A2     1F0D       0
                text103                            C8B2     C8B2       3A     6402       0
                text102                            B984     B984       7A     2DAF       0
                text101                            AC88     AC88       C0     1F0D       0
                text100                            9E4E     9E4E      110     1F0D       0
                text99                             D296     D296        4     349F       0
                text98                             D1D8     D1D8        C     341B       0
                text97                             D292     D292        4     349F       0
                text96                             D1CC     D1CC        C     341B       0
                text95                             AEC8     AEC8       B6     1F0D       0
                text94                             B586     B586       9A     1F0D       0
                text93                             C4EA     C4EA       46     2DAF       0
                text92                             D0E6     D0E6       12     341B       0
                text91                             B7EA     B7EA       92     2DAF       0
                text90                             AAFC     AAFC       C8     1F0D       0
                text89                             AA34     AA34       C8     1F0D       0
                text88                             BD10     BD10       66     2DAF       0
                text87                             C878     C878       3A     6402       0
                text86                             ABC4     ABC4       C4     1F0D       0
                text85                             85AA     85AA      1F0     1F0D       0
                text84                             6C18     6C18      392     1F0D       0
                text83                             9654     9654      12A     1F0D       0
                text82                             607E     607E      428     1F0D       0
                text81                             895E     895E      1B8     1F0D       0
                text80                             72CA     72CA      2CE     1F0D       0
                text79                             CCCE     CCCE       28     6402       0
                text78                             C83E     C83E       3A     6402       0
                text77                             5312     5312      4B8     1F0D       0
                text76                             C45A     C45A       48     2DAF       0
                text75                             9D34     9D34      11A     1F0D       0
                text74                             C9CE     C9CE       36     6402       0
                text73                             A178     A178      100     1F0D       0
                text72                             C0FC     C0FC       52     2DAF       0
                text71                             98A6     98A6      128     1F0D       0
                text70                             977E     977E      128     1F0D       0
                text69                             4906     4906      A0C     1F0D       0
                text68                             BB62     BB62       6E     2DAF       0
                text67                             CCA6     CCA6       28     6402       0
                text66                             B24A     B24A       AC     1F0D       0
                text65                             64A6     64A6      3BE     1F0D       0
                text64                             C70C     C70C       40     316F       0
                text63                             83A8     83A8      202     1F0D       0
                text62                             C6CC     C6CC       40     316F       0
                text61                             7D5A     7D5A      226     1F0D       0
                text60                             D28E     D28E        4     349F       0
                text59                             A96C     A96C       C8     1F0D       0
                text58                             927C     927C      15C     1F0D       0
                text57                             A06C     A06C      10C     1F0D       0
                text56                             BBD0     BBD0       6C     2DAF       0
                text55                             7598     7598      2B6     1F0D       0
                text54                             784E     784E      2AE     1F0D       0
                text53                             57CA     57CA      482     1F0D       0
                text52                             6FAA     6FAA      320     1F0D       0
                text51                             CED8     CED8       22     6402       0
                text50                             CEB6     CEB6       22     6402       0
                text49                             C0AA     C0AA       52     2DAF       0
                text48                             911E     911E      15E     1F0D       0
                text47                             BE9E     BE9E       5C     2DAF       0
                text46                             CFE6     CFE6       16     33E2       0
                text45                             CF54     CF54       1A     6402       0
                text44                             D23E     D23E        6     341B       0
                text43                             D1C0     D1C0        C     341B       0
                text42                             BAEC     BAEC       76     2DAF       0
                text41                             A542     A542       E6     1F0D       0
                text40                             B9FE     B9FE       78     2DAF       0
                text39                             C804     C804       3A     6402       0
                text38                             B19A     B19A       B0     1F0D       0
                text37                             C998     C998       36     6402       0
                text36                             D28A     D28A        4     349F       0
                text35                             CFD0     CFD0       16     33E2       0
                text34                             C2E2     C2E2       4E     2DAF       0
                text33                             C294     C294       4E     2DAF       0
                text32                             A8A0     A8A0       CC     1F0D       0
                text31                             C412     C412       48     2DAF       0
                text30                             B3A2     B3A2       A6     1F0D       0
                text29                             879A     879A      1C4     1F0D       0
                text28                             7F80     7F80      216     1F0D       0
                text27                             BEFA     BEFA       58     2DAF       0
                text26                             C058     C058       52     2DAF       0
                text25                             C74C     C74C       3E     316F       0
                text24                             3E1A     3E1A      AEC     1F0D       0
                text23                             A7D2     A7D2       CE     1F0D       0
                text22                             93D8     93D8      14E     1F0D       0
                text21                             5C4C     5C4C      432     1F0D       0
                text20                             C002     C002       56     2DAF       0
                text19                             CC7E     CC7E       28     6402       0
                text18                             A278     A278       F8     1F0D       0
                text17                             D286     D286        4     349F       0
                text16                             C3C8     C3C8       4A     2DAF       0
                text15                             9F5E     9F5E      10E     1F0D       0
                text14                             99CE     99CE      126     1F0D       0
                text13                             D282     D282        4     349F       0
                text12                             CF6E     CF6E       18     6402       0
                text11                             CE94     CE94       22     6402       0
                text10                             8FAE     8FAE      170     1F0D       0
                text9                              8196     8196      212     1F0D       0
                text8                              8B16     8B16      1AE     1F0D       0
                text7                              6864     6864      3B4     1F0D       0
                text6                              D238     D238        6     341B       0
                text5                              A6FE     A6FE       D4     1F0D       0
                text4                              D232     D232        6     341B       0
                text3                              CA3A     CA3A       34     6402       0
                text2                              7AFC     7AFC      25E     1F0D       0
                text1                              BA76     BA76       76     2DAF       0
                text0                              CAA2     CAA2       32     6402       0
                cstackCOMRAM                        501      501       2F      501       1
                cstackBANK5                         560      560       9C      560       1
                cstackBANK6                         600      600       A6      600       1
                bssBANK11                           B00      B00       AC      B00       1
                bssBANK10                           A00      A00       C8      A00       1
                bssBANK9                            900      900       E9      900       1
                dataBANK8                           8B7      8B7       3B      800       1
                bssBANK8                            800      800       B7      800       1
                dataBANK7                           7EF      7EF        C      700       1
                bssBANK7                            700      700       E0      700       1
                dataBANK6                           6ED      6ED        8      600       1
                bssBANK6                            6A6      6A6       47      600       1
                bssBANK5                            5FC      5FC        4      560       1
                dataCOMRAM                          55D      55D        2      501       1
                bssCOMRAM                           530      530       2D      501       1
                cinit                              A370     A370       EA     1F0D       0
                nvBANK7                             7E0      7E0        F      700       1
                idataBANK8                         C7C8     C7C8       3B     316F       0
                idataBANK7                         D1B4     D1B4        C     341B       0
                idataBANK6                         D202     D202        8     341B       0
                idataCOMRAM                        D2AC     D2AC        2     34A9       0

TOTAL           Name                               Link     Load   Length     Space
        CLASS   CODE           
                init                               3102     3102        4         0
                reset_vec                          3000     3000        6         0
                ivt0x3008                          3008     3008       FA         0
                text238                            CA04     CA04       36         0
                text237                            D27C     D27C        6         0
                text236                            D2CE     D2CE        2         0
                text235                            D2CC     D2CC        2         0
                text234                            D2CA     D2CA        2         0
                text233                            CA6E     CA6E       34         0
                text232                            D0F8     D0F8       12         0
                text231                            C960     C960       38         0
                text230                            BDDC     BDDC       64         0
                text229                            8CC4     8CC4      178         0
                text228                            D06C     D06C       16         0
                text227                            C530     C530       46         0
                text226                            D2C8     D2C8        2         0
                text225                            C244     C244       50         0
                text224                            D2C6     D2C6        2         0
                text223                            C688     C688       44         0
                text222                            B2F6     B2F6       AC         0
                text221                            B900     B900       84         0
                text220                            D2C4     D2C4        2         0
                text219                            C644     C644       44         0
                text218                            D2C2     D2C2        2         0
                text217                            CB38     CB38       32         0
                text216                            CFB8     CFB8       18         0
                text215                            D2C0     D2C0        2         0
                text214                            CB06     CB06       32         0
                text213                            CFA0     CFA0       18         0
                text212                            D2BE     D2BE        2         0
                text211                            CAD4     CAD4       32         0
                text210                            CF88     CF88       18         0
                text209                            D2BC     D2BC        2         0
                text208                            D2BA     D2BA        2         0
                text207                            C600     C600       44         0
                text206                            D2B8     D2B8        2         0
                text205                            D2B6     D2B6        2         0
                text204                            B034     B034       B4         0
                text203                            D2B4     D2B4        2         0
                text202                            C5BC     C5BC       44         0
                text201                            D2B2     D2B2        2         0
                text200                            D2B0     D2B0        2         0
                text199                            B0E8     B0E8       B2         0
                text198                            D2A8     D2A8        4         0
                text197                            D2A4     D2A4        4         0
                text196                            D2AE     D2AE        2         0
                text195                            C37C     C37C       4C         0
                text194                            CF38     CF38       1C         0
                text193                            D274     D274        6         0
                text192                            CF1C     CF1C       1C         0
                text191                            D10A     D10A       10         0
                text190                            D0D2     D0D2       14         0
                text189                            C78A     C78A       3E         0
                text188                            D054     D054       16         0
                text187                            D03E     D03E       16         0
                text186                            D028     D028       16         0
                text185                            D012     D012       16         0
                text184                            CFFC     CFFC       16         0
                text183                            AE08     AE08       C0         0
                text182                            D22A     D22A        8         0
                text181                            D1F8     D1F8        A         0
                text180                            D26E     D26E        6         0
                text179                            CDDE     CDDE       26         0
                text178                            D268     D268        6         0
                text177                            D222     D222        8         0
                text176                            D262     D262        6         0
                text175                            D21A     D21A        8         0
                text174                            CDB8     CDB8       26         0
                text173                            D212     D212        8         0
                text172                            D25C     D25C        6         0
                text171                            CD92     CD92       26         0
                text170                            B6BC     B6BC       9A         0
                text169                            CD1E     CD1E       28         0
                text168                            D29E     D29E        4         0
                text167                            CCF6     CCF6       28         0
                text166                            D29A     D29A        4         0
                text165                            CEFA     CEFA       22         0
                text164                            AF7E     AF7E       B6         0
                text163                            CBFA     CBFA       30         0
                text162                            D1EE     D1EE        A         0
                text161                            D1E4     D1E4        A         0
                text160                            D256     D256        6         0
                text159                            CD6C     CD6C       26         0
                text158                            BFAA     BFAA       58         0
                text157                            D250     D250        6         0
                text156                            C926     C926       3A         0
                text155                            BF52     BF52       58         0
                text154                            9526     9526      12E         0
                text153                            CBCA     CBCA       30         0
                text152                            C4A2     C4A2       48         0
                text151                            C576     C576       44         0
                text150                            B87C     B87C       84         0
                text149                            8E3C     8E3C      172         0
                text148                            9C14     9C14      120         0
                text147                            C1F2     C1F2       52         0
                text146                            9AF4     9AF4      120         0
                text145                            A628     A628       D6         0
                text144                            D1A6     D1A6        E         0
                text143                            D198     D198        E         0
                text142                            D0BE     D0BE       14         0
                text141                            CE70     CE70       24         0
                text140                            D0AA     D0AA       14         0
                text139                            C8EC     C8EC       3A         0
                text138                            A45A     A45A       E8         0
                text137                            CB9A     CB9A       30         0
                text136                            B4EA     B4EA       9C         0
                text135                            C1A0     C1A0       52         0
                text134                            B620     B620       9A         0
                text133                            BE40     BE40       5E         0
                text132                            CB6A     CB6A       30         0
                text131                            BD76     BD76       66         0
                text130                            D096     D096       14         0
                text129                            D20A     D20A        8         0
                text128                            D082     D082       14         0
                text127                            C14E     C14E       52         0
                text126                            D18A     D18A        E         0
                text125                            D17C     D17C        E         0
                text124                            D16E     D16E        E         0
                text123                            B756     B756       94         0
                text122                            D24A     D24A        6         0
                text121                            D244     D244        6         0
                text120                            AD48     AD48       C0         0
                text119                            D160     D160        E         0
                text118                            D152     D152        E         0
                text117                            D144     D144        E         0
                text116                            BCA6     BCA6       6A         0
                text115                            D136     D136        E         0
                text114                            D128     D128        E         0
                text113                            D11A     D11A        E         0
                text112                            BC3C     BC3C       6A         0
                text111                            CD46     CD46       26         0
                text110                            C330     C330       4C         0
                text109                            CC54     CC54       2A         0
                text108                            CC2A     CC2A       2A         0
                text107                            CE4C     CE4C       24         0
                text106                            CE28     CE28       24         0
                text105                            CE04     CE04       24         0
                text104                            B448     B448       A2         0
                text103                            C8B2     C8B2       3A         0
                text102                            B984     B984       7A         0
                text101                            AC88     AC88       C0         0
                text100                            9E4E     9E4E      110         0
                text99                             D296     D296        4         0
                text98                             D1D8     D1D8        C         0
                text97                             D292     D292        4         0
                text96                             D1CC     D1CC        C         0
                text95                             AEC8     AEC8       B6         0
                text94                             B586     B586       9A         0
                text93                             C4EA     C4EA       46         0
                text92                             D0E6     D0E6       12         0
                text91                             B7EA     B7EA       92         0
                text90                             AAFC     AAFC       C8         0
                text89                             AA34     AA34       C8         0
                text88                             BD10     BD10       66         0
                text87                             C878     C878       3A         0
                text86                             ABC4     ABC4       C4         0
                text85                             85AA     85AA      1F0         0
                text84                             6C18     6C18      392         0
                text83                             9654     9654      12A         0
                text82                             607E     607E      428         0
                text81                             895E     895E      1B8         0
                text80                             72CA     72CA      2CE         0
                text79                             CCCE     CCCE       28         0
                text78                             C83E     C83E       3A         0
                text77                             5312     5312      4B8         0
                text76                             C45A     C45A       48         0
                text75                             9D34     9D34      11A         0
                text74                             C9CE     C9CE       36         0
                text73                             A178     A178      100         0
                text72                             C0FC     C0FC       52         0
                text71                             98A6     98A6      128         0
                text70                             977E     977E      128         0
                text69                             4906     4906      A0C         0
                text68                             BB62     BB62       6E         0
                text67                             CCA6     CCA6       28         0
                text66                             B24A     B24A       AC         0
                text65                             64A6     64A6      3BE         0
                text64                             C70C     C70C       40         0
                text63                             83A8     83A8      202         0
                text62                             C6CC     C6CC       40         0
                text61                             7D5A     7D5A      226         0
                text60                             D28E     D28E        4         0
                text59                             A96C     A96C       C8         0
                text58                             927C     927C      15C         0
                text57                             A06C     A06C      10C         0
                text56                             BBD0     BBD0       6C         0
                text55                             7598     7598      2B6         0
                text54                             784E     784E      2AE         0
                text53                             57CA     57CA      482         0
                text52                             6FAA     6FAA      320         0
                text51                             CED8     CED8       22         0
                text50                             CEB6     CEB6       22         0
                text49                             C0AA     C0AA       52         0
                text48                             911E     911E      15E         0
                text47                             BE9E     BE9E       5C         0
                text46                             CFE6     CFE6       16         0
                text45                             CF54     CF54       1A         0
                text44                             D23E     D23E        6         0
                text43                             D1C0     D1C0        C         0
                text42                             BAEC     BAEC       76         0
                text41                             A542     A542       E6         0
                text40                             B9FE     B9FE       78         0
                text39                             C804     C804       3A         0
                text38                             B19A     B19A       B0         0
                text37                             C998     C998       36         0
                text36                             D28A     D28A        4         0
                text35                             CFD0     CFD0       16         0
                text34                             C2E2     C2E2       4E         0
                text33                             C294     C294       4E         0
                text32                             A8A0     A8A0       CC         0
                text31                             C412     C412       48         0
                text30                             B3A2     B3A2       A6         0
                text29                             879A     879A      1C4         0
                text28                             7F80     7F80      216         0
                text27                             BEFA     BEFA       58         0
                text26                             C058     C058       52         0
                text25                             C74C     C74C       3E         0
                text24                             3E1A     3E1A      AEC         0
                text23                             A7D2     A7D2       CE         0
                text22                             93D8     93D8      14E         0
                text21                             5C4C     5C4C      432         0
                text20                             C002     C002       56         0
                text19                             CC7E     CC7E       28         0
                text18                             A278     A278       F8         0
                text17                             D286     D286        4         0
                text16                             C3C8     C3C8       4A         0
                text15                             9F5E     9F5E      10E         0
                text14                             99CE     99CE      126         0
                text13                             D282     D282        4         0
                text12                             CF6E     CF6E       18         0
                text11                             CE94     CE94       22         0
                text10                             8FAE     8FAE      170         0
                text9                              8196     8196      212         0
                text8                              8B16     8B16      1AE         0
                text7                              6864     6864      3B4         0
                text6                              D238     D238        6         0
                text5                              A6FE     A6FE       D4         0
                text4                              D232     D232        6         0
                text3                              CA3A     CA3A       34         0
                text2                              7AFC     7AFC      25E         0
                text1                              BA76     BA76       76         0
                text0                              CAA2     CAA2       32         0
                cinit                              A370     A370       EA         0
                idataBANK8                         C7C8     C7C8       3B         0
                idataBANK7                         D1B4     D1B4        C         0
                idataBANK6                         D202     D202        8         0
                idataCOMRAM                        D2AC     D2AC        2         0

        CLASS   CONST          

        CLASS   SMALLCONST     

        CLASS   MEDIUMCONST    
                mediumconst                        3106     3106      D14         0

        CLASS   COMRAM         
                cstackCOMRAM                        501      501       2F         1
                dataCOMRAM                          55D      55D        2         1
                bssCOMRAM                           530      530       2D         1

        CLASS   ABS1           

        CLASS   BIGRAM         

        CLASS   RAM            

        CLASS   BANK5          
                cstackBANK5                         560      560       9C         1
                bssBANK5                            5FC      5FC        4         1

        CLASS   BANK6          
                cstackBANK6                         600      600       A6         1
                dataBANK6                           6ED      6ED        8         1
                bssBANK6                            6A6      6A6       47         1

        CLASS   BANK7          
                dataBANK7                           7EF      7EF        C         1
                bssBANK7                            700      700       E0         1
                nvBANK7                             7E0      7E0        F         1

        CLASS   BANK8          
                dataBANK8                           8B7      8B7       3B         1
                bssBANK8                            800      800       B7         1

        CLASS   BANK9          
                bssBANK9                            900      900       E9         1

        CLASS   BANK10         
                bssBANK10                           A00      A00       C8         1

        CLASS   BANK11         
                bssBANK11                           B00      B00       AC         1

        CLASS   BANK12         

        CLASS   BANK13         

        CLASS   BANK14         

        CLASS   BANK15         

        CLASS   BANK16         

        CLASS   BANK17         

        CLASS   BANK18         

        CLASS   BANK19         

        CLASS   BANK20         

        CLASS   BANK21         

        CLASS   BANK22         

        CLASS   BANK23         

        CLASS   BANK24         

        CLASS   BANK25         

        CLASS   BANK26         

        CLASS   BANK27         

        CLASS   BANK28         

        CLASS   BANK29         

        CLASS   BANK30         

        CLASS   BANK31         

        CLASS   BANK32         

        CLASS   BANK33         

        CLASS   BANK34         

        CLASS   BANK35         

        CLASS   BANK36         

        CLASS   SFR            

        CLASS   BIGSFR         

        CLASS   CONFIG         
                config                           300000   300000        A         4

        CLASS   IDLOC          

        CLASS   EEDATA         

        CLASS   FARRAM         

        CLASS   HEAP           

        CLASS   STACK          



SEGMENTS        Name                           Load    Length   Top    Selector   Space  Class

                cstackCOMRAM                   000501  00005E  00055F       501       1  COMRAM  
                cstackBANK5                    000560  0000A0  000600       560       1  BANK5   
                cstackBANK6                    000600  0000F5  0006F5       600       1  BANK6   
                bssBANK7                       000700  0000FB  0007FB       700       1  BANK7   
                bssBANK8                       000800  0000F2  0008F2       800       1  BANK8   
                bssBANK9                       000900  0000E9  0009E9       900       1  BANK9   
                bssBANK10                      000A00  0000C8  000AC8       A00       1  BANK10  
                bssBANK11                      000B00  0000AC  000BAC       B00       1  BANK11  
                reset_vec                      003000  000006  003006      1800       0  CODE    
                ivt0x3008                      003008  0000FE  003106      1804       0  CODE    
                mediumconst                    003106  000D14  003E1A      1883       0  MEDIUMCO
                text24                         003E1A  0078A0  00B6BA      1F0D       0  CODE    
                text170                        00B6BC  000EFE  00C5BA      2DAF       0  CODE    
                text202                        00C5BC  000247  00C803      316F       0  CODE    
                text39                         00C804  000782  00CF86      6402       0  CODE    
                text210                        00CF88  0000E2  00D06A      33E2       0  CODE    
                text228                        00D06C  00020E  00D27A      341B       0  CODE    
                text237                        00D27C  000026  00D2A2      349F       0  CODE    
                text197                        00D2A4  00002C  00D2D0      34A9       0  CODE    


UNUSED ADDRESS RANGES

        Name                Unused          Largest block    Delta
        BANK10           000AC8-000AFF               38
        BANK11           000BAC-000BFF               54
        BANK12           000C00-000CFF              100
        BANK13           000D00-000DFF              100
        BANK14           000E00-000EFF              100
        BANK15           000F00-000FFF              100
        BANK16           001000-0010FF              100
        BANK17           001100-0011FF              100
        BANK18           001200-0012FF              100
        BANK19           001300-0013FF              100
        BANK20           001400-0014FF              100
        BANK21           001500-0015FF              100
        BANK22           001600-0016FF              100
        BANK23           001700-0017FF              100
        BANK24           001800-0018FF              100
        BANK25           001900-0019FF              100
        BANK26           001A00-001AFF              100
        BANK27           001B00-001BFF              100
        BANK28           001C00-001CFF              100
        BANK29           001D00-001DFF              100
        BANK30           001E00-001EFF              100
        BANK31           001F00-001FFF              100
        BANK32           002000-0020FF              100
        BANK33           002100-0021FF              100
        BANK34           002200-0022FF              100
        BANK35           002300-0023FF              100
        BANK36           002400-0024FF              100
        BANK6            0006F5-0006FF                B
        BANK7            0007FB-0007FF                5
        BANK8            0008F2-0008FF                E
        BANK9            0009E9-0009FF               17
        BIGRAM           00055F-00055F                1
                         0006F5-0006FF                B
                         0007FB-0007FF                5
                         0008F2-0008FF                E
                         0009E9-0009FF               17
                         000AC8-000AFF               38
                         000BAC-0024FF             1954
        BIGSFR           000000-0004FF              500
                         002500-0025FF              100
        CODE             003006-003007                2
                         00B6BA-00B6BB                2
                         00C5BA-00C5BB                2
                         00C803-00C803                1
                         00CF86-00CF87                2
                         00D06A-00D06B                2
                         00D27A-00D27B                2
                         00D2A2-00D2A3                2
                         00D2D0-01FFFF            12D30
        COMRAM           00055F-00055F                1
        CONFIG           30000A-300011                8
        CONST            003006-003007                2
                         00B6BA-00B6BB                2
                         00C5BA-00C5BB                2
                         00C803-00C803                1
                         00CF86-00CF87                2
                         00D06A-00D06B                2
                         00D27A-00D27B                2
                         00D2A2-00D2A3                2
                         00D2D0-01FFFF            12D30
        EEDATA           380000-3803FF              400
        FARRAM           000000-000000                1
        IDLOC            200000-20003F               40
        MEDIUMCONST      003006-003007                2
                         00B6BA-00B6BB                2
                         00C5BA-00C5BB                2
                         00C803-00C803                1
                         00CF86-00CF87                2
                         00D06A-00D06B                2
                         00D27A-00D27B                2
                         00D2A2-00D2A3                2
                         00D2D0-00FFFF             2D30
                         012600-01FFFF             DA00
        RAM              0006F5-0006FF                B
                         0007FB-0007FF                5
                         0008F2-0008FF                E
                         0009E9-0009FF               17
                         000AC8-000AFF               38
                         000BAC-0024FF              100
        SFR              000000-0004FF              100
                         002500-0025FF              100
        SMALLCONST       003006-003007                2
                         00B6BA-00B6BB                2
                         00C5BA-00C5BB                2
                         00C803-00C803                1
                         00CF86-00CF87                2
                         00D06A-00D06B                2
                         00D27A-00D27B                2
                         00D2A2-00D2A3                2
                         00D2D0-00FFFF              100
                         012600-01FFFF              100

                                  Symbol Table

?_ADC_ChannelSelectAndConvert                                 cstackBANK5  000564
?_ADC_Result2                                                 cstackBANK5  00056C
?_BootCalculateChecksum                                       cstackBANK5  000564
?_CRC16                                                       cstackBANK5  000564
?_GetChannelCurrentValue                                      cstackBANK6  000608
?_GetChannelVoltageValue                                      cstackBANK5  0005ED
?_PID_Compute                                                 cstackBANK6  00061C
?_Power_Compensation                                          cstackBANK5  00057E
?_Read_Versions                                               cstackBANK5  000579
?___aldiv                                                     cstackBANK5  000570
?___awdiv                                                     cstackBANK5  000564
?___awmod                                                     cstackBANK5  000564
?___fladd                                                     cstackBANK5  000564
?___fldiv                                                     cstackBANK5  0005A7
?___flmul                                                     cstackBANK5  0005C0
?___flneg                                                     cstackBANK5  000564
?___flsub                                                     cstackBANK5  0005D9
?___fltol                                                     cstackBANK6  000618
?___fpclassifyf                                               cstackBANK5  000564
?___lmul                                                      cstackBANK5  000564
?___signbitf                                                  cstackBANK5  000564
?___xxtofl                                                    cstackBANK5  000599
?_abs                                                         cstackBANK5  00056A
?_extractAndCombineEEPROMData                                 cstackBANK5  000564
?_fabsf                                                       cstackBANK5  0005E1
?_floorf                                                      cstackBANK5  0005C0
?_fmaxf                                                       cstackBANK6  000610
?_fminf                                                       cstackBANK6  000608
?_get_elapsed_since                                           cstackBANK5  000568
?_get_systemtick_time                                         cstackBANK5  000564
?_labs                                                        cstackBANK5  000564
?_memcmp                                                      cstackBANK5  00057E
?_printf                                                      cstackBANK6  000665
?_read_prec_or_width                                          cstackBANK5  000564
?_regulator_update                                            cstackBANK6  000608
?_update_pwm_output_ch1                                       cstackBANK6  000622
?_update_pwm_output_ch2                                       cstackBANK6  000622
?_vfprintf                                                    cstackBANK6  00065D
?i2_get_systemtick_time                                       cstackCOMRAM 00051C
ADC_ChannelSelectAndConvert@channel                           cstackBANK5  000568
ADC_Result2@average                                           cstackBANK5  00058F
ADC_Result2@channel                                           cstackBANK5  00058C
ADC_Result2@i                                                 cstackBANK5  000595
ADC_Result2@j                                                 cstackBANK5  000597
ADC_Result2@k                                                 cstackBANK5  000593
ADC_Result2@result                                            cstackBANK5  000574
ADC_Result2@sum                                               cstackBANK5  000591
ADC_Result2@temp                                              cstackBANK5  00058D
Access_Bootloder@boot_ack                                     cstackBANK6  000677
Access_Bootloder@j                                            cstackBANK6  00067D
Access_Bootloder@wcrc                                         cstackBANK6  00067B
ActualPowerTime@NfcTimeBuff                                   cstackBANK5  000564
ActualPowerTime@time_H                                        cstackBANK5  00056A
ActualPowerTime@time_L                                        cstackBANK5  00056B
BootCalculateChecksum@data                                    cstackBANK5  000564
BootCalculateChecksum@i                                       cstackBANK5  00056C
BootCalculateChecksum@len                                     cstackBANK5  000566
BootCalculateChecksum@sum                                     cstackBANK5  000568
BootFlagIsValid@calculated_checksum                           cstackBANK5  000575
BootFlagIsValid@checksum_high                                 cstackBANK5  000577
BootFlagIsValid@checksum_low                                  cstackBANK5  000578
BootFlagIsValid@magic_data                                    cstackBANK5  000579
BootFlagIsValid@stored_checksum                               cstackBANK5  000573
BootFlagSetJump@F18386                                        dataBANK7    0007EF
BootFlagSetJump@checksum_high                                 cstackBANK5  000576
BootFlagSetJump@checksum_low                                  cstackBANK5  000577
BootFlagSetJump@checksum_value                                cstackBANK5  000578
BootFlagSetJump@magic_data                                    cstackBANK5  000570
CRC16@Pushdata                                                cstackBANK5  000564
CRC16@length                                                  cstackBANK5  000566
CRC16@uIndex                                                  cstackBANK5  000569
CRC16@uchCRCHi                                                cstackBANK5  00056A
CRC16@uchCRCLo                                                cstackBANK5  00056B
ClearChannelValue@channel                                     cstackBANK5  000566
Clear_pid@ch                                                  cstackBANK5  000564
DimmingControlTask@ProtectionState                            bssCOMRAM    000559
DimmingControlTask@lastExecState                              bssCOMRAM    000558
EEPROM_Read@address                                           cstackBANK5  000564
EEPROM_Write@address                                          cstackBANK5  000564
EEPROM_Write@data                                             cstackBANK5  000567
EEPROM_Write@globalInterruptBitValue                          cstackBANK5  00056B
EepromReadByte@address                                        cstackBANK5  00056D
EepromReadByte@data                                           cstackBANK5  000570
EepromReadByte@offset                                         cstackBANK5  00056A
EepromReadInt8@addr                                           cstackBANK5  000571
EepromReadInt8@data                                           cstackBANK5  000574
EepromWriteByte@data                                          cstackBANK5  00056F
EepromWriteByte@offset                                        cstackBANK5  00056C
EepromWriteInt8@absolute_value                                cstackBANK5  000573
EepromWriteInt8@addr                                          cstackBANK5  000570
EepromWriteInt8@data                                          cstackBANK5  000574
EepromWriteInt8@signed_value                                  cstackBANK5  000575
GetChannelCurrentValue@adc_voltage1                           cstackBANK6  00060C
GetChannelCurrentValue@adc_voltage2                           cstackBANK6  000614
GetChannelCurrentValue@channel                                cstackBANK6  000620
GetChannelCurrentValue@g_uADCValueChannel1                    cstackBANK6  00061C
GetChannelCurrentValue@g_uADCValueChannel2                    cstackBANK6  00061E
GetChannelCurrentValue@g_uTargetCurrentValue                  cstackBANK6  000621
GetChannelCurrentValue@voltage_ratio1                         cstackBANK6  000610
GetChannelCurrentValue@voltage_ratio2                         cstackBANK6  000618
GetChannelVoltageValue@channel                                cstackBANK6  00062D
GetChannelVoltageValue@g_PoweProtect1                         cstackBANK6  000625
GetChannelVoltageValue@g_PoweProtect2                         cstackBANK6  000629
GetChannelVoltageValue@g_VoltageProtect1                      cstackBANK6  000632
GetChannelVoltageValue@g_VoltageProtect2                      cstackBANK6  000636
GetDimmingValue@r_dimming                                     cstackBANK5  000564
I2C1_AddrTransmit@addr                                        cstackBANK5  000564
I2C1_CounterSet@counter                                       cstackBANK5  000564
I2C1_DataTransmit@data                                        cstackCOMRAM 00052F
I2C1_Read@address                                             cstackBANK5  000565
I2C1_Read@data                                                cstackBANK5  000567
I2C1_Read@dataLength                                          cstackBANK5  000569
I2C1_Read@retStatus                                           cstackBANK5  00056B
I2C1_Write@address                                            cstackBANK5  000565
I2C1_Write@data                                               cstackBANK5  000567
I2C1_Write@dataLength                                         cstackBANK5  000569
I2C1_Write@retStatus                                          cstackBANK5  00056B
INT0_SetInterruptHandler@InterruptHandler                     cstackBANK5  000564
INT1_SetInterruptHandler@InterruptHandler                     cstackBANK5  000564
INT2_SetInterruptHandler@InterruptHandler                     cstackBANK5  000564
INTERRUPT_Initialize@state                                    cstackBANK5  000567
IVTBASEH                                                      (abs)        00045E
IVTBASEL                                                      (abs)        00045D
IVTBASEU                                                      (abs)        00045F
L6562_Off@channel                                             cstackBANK5  000564
L6562_On@channel                                              cstackBANK5  000564
LightOffChannel1@LastTimeChannel1                             bssBANK7     000728
LightOffChannel1@NowTimeChannel1                              cstackBANK5  000578
LightOffChannel2@LastTimeChannel1                             bssBANK7     000724
LightOffChannel2@NowTimeChannel1                              cstackBANK5  000578
LightOffLogic@ledsta                                          cstackBANK5  00057E
LightOnChannel1@LastTimeChannel1                              bssBANK7     000738
LightOnChannel1@NowTimeChannel1                               cstackBANK6  000656
LightOnChannel2@LastTimeChannel2                              bssBANK7     000734
LightOnChannel2@NowTimeChannel2                               cstackBANK6  000656
LightOnLogic@LastLightLogicTime                               bssBANK7     000730
LightOnLogic@NowLightLogicTime                                cstackBANK6  000662
LightOnLogic@lightstate                                       dataBANK6    0006EF
NVM_UnlockKeySet@unlockKey                                    cstackBANK5  000564
OutProtected_CH1@state_ch1                                    bssBANK8     0008AA
OutProtected_CH2@state_ch2                                    bssBANK8     00089D
OutProtected_Channel@current_time                             cstackBANK5  0005F2
OutProtected_Channel@elapsed_time                             cstackBANK5  0005F6
OutProtected_Channel@enable_ptr                               cstackBANK6  00063E
OutProtected_Channel@outprotect                               cstackBANK5  0005F1
OutProtected_Channel@protect_type_ptr                         cstackBANK6  00063C
OutProtected_Channel@state                                    cstackBANK6  00063A
OutProtected_Channel@voltage_adc                              cstackBANK5  0005F0
PIDDimming_Clear@pid                                          cstackBANK5  000564
PID_Compute@abs_error                                         cstackBANK6  00064E
PID_Compute@adaptive_Ki                                       cstackBANK6  00064A
PID_Compute@derivative                                        cstackBANK6  00063A
PID_Compute@error                                             cstackBANK6  000646
PID_Compute@integral                                          cstackBANK6  00062A
PID_Compute@integral_step                                     cstackBANK6  000652
PID_Compute@limit                                             cstackBANK6  00063E
PID_Compute@measured_value                                    cstackBANK6  000622
PID_Compute@output                                            cstackBANK6  000642
PID_Compute@pid                                               cstackBANK6  00061C
PID_Compute@prev_derivative                                   bssBANK7     000710
PID_Compute@proportional                                      cstackBANK6  000626
PID_Compute@setpoint                                          cstackBANK6  00061E
PID_Init@Kd                                                   cstackBANK5  00056F
PID_Init@Ki                                                   cstackBANK5  00056B
PID_Init@Kp                                                   cstackBANK5  000567
PID_Init@PWM_duty_cycle                                       cstackBANK5  00057B
PID_Init@flag                                                 cstackBANK5  000566
PID_Init@output_max                                           cstackBANK5  000573
PID_Init@output_min                                           cstackBANK5  000577
PID_Init@pid                                                  cstackBANK5  000564
PWM2_16BIT_Period_SetInterruptHandler@InterruptHandler        cstackBANK5  000564
PWM2_16BIT_SetSlice1Output1DutyCycleRegister@registerValue    cstackBANK5  000564
PWM2_16BIT_Slice1Output1_SetInterruptHandler@InterruptHandler cstackBANK5  000564
PWM2_16BIT_Slice1Output2_SetInterruptHandler@InterruptHandler cstackBANK5  000564
PWM3_16BIT_Period_SetInterruptHandler@InterruptHandler        cstackBANK5  000564
PWM3_16BIT_SetSlice1Output1DutyCycleRegister@registerValue    cstackBANK5  000564
PWM3_16BIT_Slice1Output1_SetInterruptHandler@InterruptHandler cstackBANK5  000564
PWM3_16BIT_Slice1Output2_SetInterruptHandler@InterruptHandler cstackBANK5  000564
PWM_Off_CHANNEL@channel                                       cstackBANK5  000566
PWM_Set_Direct@channel                                        cstackBANK5  00056A
PWM_Set_Direct@duty_cycle                                     cstackBANK5  000566
Power_Compensation@SetPowerValue                              cstackBANK5  00058E
Power_Compensation@g_uTargetPower                             cstackBANK5  00058A
Power_Compensation@g_uTotalPower                              cstackBANK5  00058C
Power_Compensation@temp                                       cstackBANK5  000590
RELAY_Off@channel                                             cstackBANK5  000564
RELAY_On@channel                                              cstackBANK5  000564
ReadTargetPower@NfcPowerBuff                                  cstackBANK5  000579
ReadTargetPower@TargetPowerCH1                                cstackBANK5  00057B
ReadTargetPower@TargetPowerCH2                                cstackBANK5  00057D
Read_NFC_Data@address_buffer                                  cstackBANK5  000573
Read_NFC_Data@dataLength                                      cstackBANK5  000570
Read_NFC_Data@nfc_dataAdd                                     cstackBANK5  00056C
Read_NFC_Data@nfcdata                                         cstackBANK5  00056E
Read_NFC_Data@timeout                                         cstackBANK5  000575
Read_Versions@address                                         cstackBANK5  00057D
Read_Versions@eeprom_data                                     bssBANK7     0007DB
Read_Versions@len                                             cstackBANK5  000579
Readhandle_version@ack_data                                   cstackBANK6  000677
Readhandle_version@i                                          cstackBANK6  000690
Readhandle_version@numb                                       cstackBANK6  00068A
Readhandle_version@read_buffer                                cstackBANK6  000679
Readhandle_version@ver                                        cstackBANK6  00068C
Readhandle_version@wcrc                                       cstackBANK6  00068E
RegulatorClear@ch                                             cstackBANK5  000566
Rs485Task@ActualDataBytes                                     cstackBANK6  0006A1
Rs485Task@ExpectedDataBytes                                   cstackBANK6  0006A0
Rs485Task@data_length                                         cstackBANK6  0006A2
Rs485Task@out_time                                            cstackBANK6  00069C
TMR0_PeriodMatchCallbackRegister@callbackHandler              cstackBANK5  000564
TMR1_CounterSet@onState                                       cstackCOMRAM 000519
TMR1_CounterSet@timerVal                                      cstackCOMRAM 000517
TaskHandler@i                                                 cstackBANK6  0006A3
TaskHandler_Time@ledtime                                      bssBANK7     000777
TaskScheduleCb@i                                              cstackCOMRAM 000511
TaskScheduleCbReg@pFunc                                       cstackBANK5  000564
Temp_Protected@LastTemperatureProtectionTime                  bssBANK7     000720
Temp_Protected@NowTemperatureProtectionTime                   cstackBANK5  0005EF
Temp_Protected@TemperatureVoltage                             cstackBANK5  0005F3
Temp_Protected@Tempstate                                      bssBANK6     0006C7
Temp_Protected@adc_temperature                                cstackBANK5  0005ED
Temp_Protected@last_voltage                                   bssBANK7     00071C
Temp_Protected@temp_stable_count                              bssBANK6     0006C6
UART1_FramingErrorCallbackRegister@callbackHandler            cstackBANK5  000564
UART1_OverrunErrorCallbackRegister@callbackHandler            cstackBANK5  000564
UART1_ParityErrorCallbackRegister@callbackHandler             cstackBANK5  000564
UART1_Read@readValue                                          cstackCOMRAM 00051D
UART1_Read@tempRxTail                                         cstackCOMRAM 00051C
UART1_ReceiveISR@regValue                                     cstackCOMRAM 000525
UART1_ReceiveISR@tempRxHead                                   cstackCOMRAM 000526
UART1_RxCompleteCallbackRegister@callbackHandler              cstackBANK5  000564
UART1_TransmitISR@tempTxTail                                  cstackCOMRAM 000529
UART1_Write@tempTxHead                                        cstackBANK5  000564
UART1_Write@txData                                            cstackBANK5  000565
VoltageInputProtection@InputVoltage                           cstackBANK5  00059F
VoltageInputProtection@LastInputProtectionTime                bssBANK7     00072C
VoltageInputProtection@NowInputProtectionTime                 cstackBANK5  00059B
VoltageInputProtection@first_run                              dataCOMRAM   00055D
VoltageInputProtection@input_state                            bssCOMRAM    000557
VoltageInputProtection@off_delay_done                         bssCOMRAM    000555
VoltageInputProtection@startup_phase                          bssCOMRAM    000556
WriteCalibrationMultiChannel@j                                cstackBANK6  00068C
WriteCalibrationMultiChannel@w_eeprom                         cstackBANK6  000677
WriteCalibrationMultiChannel@wcrc                             cstackBANK6  00068A
WriteCalibrationMultiChannel@write_buffer                     cstackBANK6  000679
WriteCalibrationSingleChannel@j                               cstackBANK6  00068C
WriteCalibrationSingleChannel@w_eeprom                        cstackBANK6  000677
WriteCalibrationSingleChannel@wcrc                            cstackBANK6  00068A
WriteCalibrationSingleChannel@write_buffer                    cstackBANK6  000679
Write_NFC_Data@combined_buffer                                cstackBANK5  000573
Write_NFC_Data@dataLength                                     cstackBANK5  000570
Write_NFC_Data@i                                              cstackBANK5  0005BF
Write_NFC_Data@nfc_dataAdd                                    cstackBANK5  00056C
Write_NFC_Data@nfcdata                                        cstackBANK5  00056E
Write_NFC_Data@timeout                                        cstackBANK5  0005BB
Write_Versions@address                                        cstackBANK5  0005C4
Write_Versions@len                                            cstackBANK5  0005C2
Write_Versions@version_str                                    cstackBANK5  0005C0
Writehandle_version@eeprom_write                              cstackBANK6  00068C
Writehandle_version@i                                         cstackBANK6  000696
Writehandle_version@j                                         cstackBANK6  000697
Writehandle_version@numb                                      cstackBANK6  000690
Writehandle_version@ver                                       cstackBANK6  000692
Writehandle_version@w_data                                    cstackBANK6  000677
Writehandle_version@wcrc                                      cstackBANK6  000694
Writehandle_version@write_buffer                              cstackBANK6  00067B
_ACTCON                                                       (abs)        0000AC
_ADACCH                                                       (abs)        0003E4
_ADACCL                                                       (abs)        0003E3
_ADACCU                                                       (abs)        0003E5
[...]
		_RS485_TXEN    		CODE           	D28A	0000	4
		_L6562_On      		CODE           	CCCE	0000	40
		_L6562_Off     		CODE           	CD1E	0000	40
		_RELAY_On      		CODE           	CCA6	0000	40
		_RELAY_Off     		CODE           	CCF6	0000	40
		_PFC_On        		CODE           	D28E	0000	4

DriverLayer/GPIO/GPIO_driver.c estimated size: 210

C:\Program Files\Microchip\xc8\v3.00\pic\sources\c99\common\memcmp.c
		_memcmp        		CODE           	B4EA	0000	156

C:\Program Files\Microchip\xc8\v3.00\pic\sources\c99\common\memcmp.c estimated size: 156

Middlewares/PID/pid_controller.c
		_Clear_pid     		CODE           	9E4E	0000	272
		_PID_Init      		CODE           	9AF4	0000	288
		_PID_Compute   		CODE           	4906	0000	2572
		_PID_Init_Parameters		CODE           	A628	0000	214

Middlewares/PID/pid_controller.c estimated size: 3346

C:\Program Files\Microchip\xc8\v3.00\pic\sources\c99\common\memcpy.c
		_memcpy        		CODE           	C058	0000	82

C:\Program Files\Microchip\xc8\v3.00\pic\sources\c99\common\memcpy.c estimated size: 82

C:\Program Files\Microchip\xc8\v3.00\pic\sources\c99\common\flneg.c
		___flneg       		CODE           	C83E	0000	58

C:\Program Files\Microchip\xc8\v3.00\pic\sources\c99\common\flneg.c estimated size: 58

C:\Program Files\Microchip\xc8\v3.00\pic\sources\c99\common\fabsf.c
		_fabsf         		CODE           	C9CE	0000	54

C:\Program Files\Microchip\xc8\v3.00\pic\sources\c99\common\fabsf.c estimated size: 54

C:\Program Files\Microchip\xc8\v3.00\pic\sources\c99\common\__fpclassifyf.c
		___fpclassifyf 		CODE           	A178	0000	256

C:\Program Files\Microchip\xc8\v3.00\pic\sources\c99\common\__fpclassifyf.c estimated size: 256

mcc_generated_files/pwm/src/pwm3_16bit.c
		_PWM3_16BIT_Period_DefaultInterruptHandler		CODE           	D2BA	0000	2
		_PWM3_16BIT_Period_SetInterruptHandler		CODE           	D136	0000	14
		_PWM3_16BIT_Slice1Output1_SetInterruptHandler		CODE           	D128	0000	14
		_PWM3_16BIT_Slice1Output2_SetInterruptHandler		CODE           	D11A	0000	14
		_PWM3_16BIT_Initialize		CODE           	BC3C	0000	106
		_PWM3_16BIT_LoadBufferRegisters		CODE           	D292	0000	4
		_PWM3_16BIT_PWMI_ISR		CODE           	B034	0000	180
		_PWM3_16BIT_PWMPI_ISR		CODE           	C600	0000	68
		_PWM3_16BIT_SetSlice1Output1DutyCycleRegister		CODE           	D1CC	0000	12
		_PWM3_16BIT_Slice1Output1_DefaultInterruptHandler		CODE           	D2B8	0000	2
		_PWM3_16BIT_Slice1Output2_DefaultInterruptHandler		CODE           	D2B6	0000	2

mcc_generated_files/pwm/src/pwm3_16bit.c estimated size: 418

C:\Program Files\Microchip\xc8\v3.00\pic\sources\c99\common\fminf.c
		_fminf         		CODE           	977E	0000	296

C:\Program Files\Microchip\xc8\v3.00\pic\sources\c99\common\fminf.c estimated size: 296

Applications/Ticktime_APP/ticktime.c
		_TaskScheduleCbReg		CODE           	D1A6	0000	14
		_Time0_AppInit 		CODE           	D0BE	0000	20
		_TaskHandler_Time		CODE           	B900	0000	132
		_get_elapsed_since		CODE           	B7EA	0000	146
		_get_systemtick_time		CODE           	D0E6	0000	18

Applications/Ticktime_APP/ticktime.c estimated size: 330

mcc_generated_files/timer/src/tmr1.c
		_TMR1_Initialize		CODE           	C330	0000	76
		_TMR1_DefaultOverflowCallback		CODE           	D2C8	0000	2
		_TMR1_CounterSet		CODE           	C530	0000	70
		_TMR1_OverflowISR		CODE           	C244	0000	80

mcc_generated_files/timer/src/tmr1.c estimated size: 228

mcc_generated_files/system/src/interrupt.c
		_INT0_SetInterruptHandler		CODE           	D18A	0000	14
		_INT1_SetInterruptHandler		CODE           	D17C	0000	14
		_INT2_SetInterruptHandler		CODE           	D16E	0000	14
		_INTERRUPT_Initialize		CODE           	B756	0000	148
		_INT0_DefaultInterruptHandler		CODE           	D2BE	0000	2
		_INT0_CallBack 		CODE           	CAD4	0000	50
		_INT1_DefaultInterruptHandler		CODE           	D2C0	0000	2
		_INT1_CallBack 		CODE           	CB06	0000	50
		_INT2_DefaultInterruptHandler		CODE           	D2C2	0000	2
		_INT2_CallBack 		CODE           	CB38	0000	50
		_Default_ISR   		CODE           	D2BC	0000	2
		_INT0_ISR      		CODE           	CF88	0000	24
		_INT1_ISR      		CODE           	CFA0	0000	24
		_INT2_ISR      		CODE           	CFB8	0000	24

mcc_generated_files/system/src/interrupt.c estimated size: 420

DriverLayer/PWM/pwm_driver.c
		_PWM_Set_Direct		CODE           	BB62	0000	110
		_PWM_Off_CHANNEL		CODE           	AEC8	0000	182

DriverLayer/PWM/pwm_driver.c estimated size: 292

Applications/LightsOff_APP/closeled.c
		_LightOffChannel1		CODE           	AAFC	0000	200
		_LightOffChannel2		CODE           	AA34	0000	200
		_LightOffLogic 		CODE           	BD10	0000	102

Applications/LightsOff_APP/closeled.c estimated size: 502

Middlewares/Arithmetic/arithmetic.c
		_regulator_clear		CODE           	B586	0000	154
		_init_all_pwm_regulators		CODE           	BE40	0000	94
		_update_pwm_output_ch1		CODE           	C70C	0000	64
		_RegulatorClear		CODE           	C4EA	0000	70
		_update_pwm_output_ch2		CODE           	C6CC	0000	64
		_regulator_update		CODE           	64A6	0000	958
		_regulator_init		CODE           	B620	0000	154

Middlewares/Arithmetic/arithmetic.c estimated size: 1558

mcc_generated_files/adc/src/adc.c
		_ADC_Initialize		CODE           	BD76	0000	102
		_ADC_ChannelSelectAndConvert		CODE           	C878	0000	58
		_ADC_ISR       		CODE           	D2A4	0000	4
		_ADC_ThresholdISR		CODE           	D2A8	0000	4

mcc_generated_files/adc/src/adc.c estimated size: 168

C:\Program Files\Microchip\xc8\v3.00\pic\sources\c99\common\printf.c
		_printf        		CODE           	CC7E	0000	40

C:\Program Files\Microchip\xc8\v3.00\pic\sources\c99\common\printf.c estimated size: 40

Middlewares/CRC/crc.c
		_CRC16         		CODE           	B9FE	0000	120

Middlewares/CRC/crc.c estimated size: 120

DriverLayer/ADC/adc_driver.c
		_ADC_Result2   		CODE           	85AA	0000	496

DriverLayer/ADC/adc_driver.c estimated size: 496

Applications/Dimming_APP/dimming.c
		_ClearChannelValue		CODE           	AC88	0000	192
		_GetChannelCurrentValue		CODE           	72CA	0000	718
		_LightOnLogic  		CODE           	927C	0000	348
		_DimmingControlTask		CODE           	A6FE	0000	212
		_LightOnChannel1		CODE           	83A8	0000	514
		_LightOnChannel2		CODE           	7D5A	0000	550
		_GetDimmingValue		CODE           	9F5E	0000	270
		_PIDDimming_Clear		CODE           	B984	0000	122

Applications/Dimming_APP/dimming.c estimated size: 2926

mcc_generated_files/uart/src/uart1.c
		_UART1_ReceiveInterruptEnable		CODE           	D286	0000	4
		_UART1_DefaultOverrunErrorCallback		CODE           	D2CC	0000	2
		_UART1_RxCompleteCallbackRegister		CODE           	CE70	0000	36
		_UART1_IsTxReady		CODE           	CFD0	0000	22
		_UART1_Write   		CODE           	C2E2	0000	78
		_UART1_DefaultParityErrorCallback		CODE           	D2CA	0000	2
		_UART1_FramingErrorCallbackRegister		CODE           	CE4C	0000	36
		_UART1_Transmit_Vector_ISR		CODE           	D27C	0000	6
		_UART1_Receive_Vector_ISR		CODE           	D06C	0000	22
		_UART1_ReceiveInterruptDisable		CODE           	D282	0000	4
		_UART1_OverrunErrorCallbackRegister		CODE           	CE28	0000	36
		_UART1_ReceiveISR		CODE           	8CC4	0000	376
		_UART1_Initialize		CODE           	B448	0000	162
		_UART1_Read    		CODE           	CA6E	0000	52
		_UART1_DefaultFramingErrorCallback		CODE           	D2CE	0000	2
		_UART1_TransmitISR		CODE           	CA04	0000	54
		_UART1_ParityErrorCallbackRegister		CODE           	CE04	0000	36

mcc_generated_files/uart/src/uart1.c estimated size: 930

mcc_generated_files/i2c_host/src/i2c1.c
		_I2C1_Read     		CODE           	BFAA	0000	88
		_I2C1_RX_ISR   		CODE           	CF1C	0000	28
		_I2C1_InterruptsEnable		CODE           	D082	0000	20
		_I2C1_WriteStart		CODE           	C926	0000	58
		_I2C1_CounterGet		CODE           	D268	0000	6
		_I2C1_CounterSet		CODE           	D1E4	0000	10
		_I2C1_ReadStart		CODE           	CD6C	0000	38
		_I2C1_InterruptsClear		CODE           	D26E	0000	6
		_I2C1_RestartEnable		CODE           	D250	0000	6
		_I2C1_ISR      		CODE           	B6BC	0000	154
		_I2C1_DataReceive		CODE           	D274	0000	6
		_I2C1_IsData   		CODE           	D012	0000	22
		_I2C1_IsNack   		CODE           	CFFC	0000	22
		_I2C1_IsAddr   		CODE           	D054	0000	22
		_I2C1_IsBusy   		CODE           	CBFA	0000	48
		_I2C1_InterruptsDisable		CODE           	D10A	0000	16
		_I2C1_BufferClear		CODE           	D22A	0000	8
		_I2C1_BusReset 		CODE           	C78A	0000	62
		_I2C1_Initialize		CODE           	C14E	0000	82
		_I2C1_Close    		CODE           	CDDE	0000	38
		_I2C1_IsBusCol 		CODE           	D03E	0000	22
		_I2C1_ERROR_ISR		CODE           	AE08	0000	192
		_I2C1_Write    		CODE           	BF52	0000	88
		_I2C1_ErrorFlagsClear		CODE           	D1F8	0000	10
		_I2C1_TX_ISR   		CODE           	CF38	0000	28
		_I2C1_StopSend 		CODE           	CDB8	0000	38
		_I2C1_RestartDisable		CODE           	D262	0000	6
		_I2C1_DataTransmit		CODE           	D222	0000	8
		_I2C1_AddrTransmit		CODE           	D1EE	0000	10
		_I2C1_IsBusTimeOut		CODE           	D028	0000	22
		_I2C1_StartSend		CODE           	D256	0000	6

mcc_generated_files/i2c_host/src/i2c1.c estimated size: 1170

Applications/CurrentRead_APP/readcurrent.c
		_Power_Compensation		CODE           	7598	0000	694
		_ActualPowerTime		CODE           	AF7E	0000	182
		_NFCRead_APPInit		CODE           	C1F2	0000	82
		_WriteCalibrationSingleChannel		CODE           	8196	0000	530
		_ReadCalibration		CODE           	C576	0000	68
		_ReadTargetPower		CODE           	8E3C	0000	370
		_WriteCalibrationMultiChannel		CODE           	8FAE	0000	368

Applications/CurrentRead_APP/readcurrent.c estimated size: 2294

C:\Program Files\Microchip\xc8\v3.00\pic\sources\c99\common\awmod.c
		___awmod       		CODE           	B19A	0000	176

C:\Program Files\Microchip\xc8\v3.00\pic\sources\c99\common\awmod.c estimated size: 176

C:\Program Files\Microchip\xc8\v3.00\pic\sources\c99\common\floorf.c
		_floorf        		CODE           	7F80	0000	534

C:\Program Files\Microchip\xc8\v3.00\pic\sources\c99\common\floorf.c estimated size: 534

C:\Program Files\Microchip\xc8\v3.00\pic\sources\c99\common\fleq.c
		___fleq        		CODE           	B24A	0000	172

C:\Program Files\Microchip\xc8\v3.00\pic\sources\c99\common\fleq.c estimated size: 172

mcc_generated_files/nvm/src/nvm.c
		_NVM_UnlockKeySet		CODE           	D1C0	0000	12
		_NVM_Initialize		CODE           	D244	0000	6
		_EEPROM_Read   		CODE           	CBCA	0000	48
		_EEPROM_Write  		CODE           	BE9E	0000	92
		_NVM_StatusGet 		CODE           	CF54	0000	26
		_NVM_UnlockKeyClear		CODE           	D23E	0000	6
		_NVM_StatusClear		CODE           	D24A	0000	6
		_NVM_IsBusy    		CODE           	CFE6	0000	22

mcc_generated_files/nvm/src/nvm.c estimated size: 218

C:\Program Files\Microchip\xc8\v3.00\pic\sources\c99\common\sprcmul.c
		___flmul       		CODE           	607E	0000	1064

C:\Program Files\Microchip\xc8\v3.00\pic\sources\c99\common\sprcmul.c estimated size: 1064

Applications/OutProtected_APP/out_protected.c
		_OutProtectedTask		CODE           	CA3A	0000	52
		_GetChannelVoltageValue		CODE           	57CA	0000	1154
		_OutProtected_Channel		CODE           	6FAA	0000	800
		_OutProtected_CH1		CODE           	CED8	0000	34
		_OutProtected_CH2		CODE           	CEB6	0000	34
		_ProtectionCheck		CODE           	A96C	0000	200

Applications/OutProtected_APP/out_protected.c estimated size: 2274

C:\Program Files\Microchip\xc8\v3.00\pic\sources\c99\common\Umul32.c
		___lmul        		CODE           	BBD0	0000	108

C:\Program Files\Microchip\xc8\v3.00\pic\sources\c99\common\Umul32.c estimated size: 108

mcc_generated_files/system/src/pins.c
		_PIN_MANAGER_Initialize		CODE           	AD48	0000	192

mcc_generated_files/system/src/pins.c estimated size: 192

Applications/version_read/version_task.c
		_Writehandle_version		CODE           	8B16	0000	430
		_Read_Versions 		CODE           	C8EC	0000	58
		_Write_Versions		CODE           	CB9A	0000	48
		_Readhandle_version		CODE           	99CE	0000	294
		_VersionStore  		CODE           	C1A0	0000	82

Applications/version_read/version_task.c estimated size: 912

C:\Program Files\Microchip\xc8\v3.00\pic\sources\c99\common\sprcdiv.c
		___fldiv       		CODE           	6C18	0000	914

C:\Program Files\Microchip\xc8\v3.00\pic\sources\c99\common\sprcdiv.c estimated size: 914

Applications/TempProtected_APP/temp_protected.c
		_Temp_Protected		CODE           	6864	0000	948
		_TemapProtectedTask		CODE           	D238	0000	6

Applications/TempProtected_APP/temp_protected.c estimated size: 954

shared
		_auchCRCHi@crc$F1221		MEDIUMCONST    	3207	0000	256
		_auchCRCLo@crc$F137		MEDIUMCONST    	0000	0000	0
		_auchCRCLo@crc$F726		MEDIUMCONST    	0000	0000	0
		_auchCRCHi@crc$F774		MEDIUMCONST    	0000	0000	0
		_auchCRCLo@crc$F1222		MEDIUMCONST    	3107	0000	256
		_auchCRCLo@crc$F775		MEDIUMCONST    	0000	0000	0
		i1_I2C1_ReadStart		CODE           	CD92	0000	38
		i1_I2C1_CounterSet		CODE           	D21A	0000	8
		_auchCRCHi@crc$F1074		MEDIUMCONST    	0000	0000	0
		_auchCRCLo@crc$F1075		MEDIUMCONST    	0000	0000	0
		i1_I2C1_InterruptsEnable		CODE           	D0D2	0000	20
		i1_I2C1_AddrTransmit		CODE           	D212	0000	8
		i2_get_systemtick_time		CODE           	D0F8	0000	18
		__initialization		CODE           	A370	0000	228
		_I2C1_Host     		MEDIUMCONST    	3D4F	0000	30
		_UART1         		MEDIUMCONST    	3D07	0000	72
		_auchCRCHi     		MEDIUMCONST    	0000	0000	0
		_auchCRCLo     		MEDIUMCONST    	0000	0000	0
		i2_memset      		CODE           	C960	0000	56
		i1_I2C1_StartSend		CODE           	D25C	0000	6
		_auchCRCHi@crc$F136		MEDIUMCONST    	0000	0000	0
		_auchCRCHi@crc$F725		MEDIUMCONST    	0000	0000	0

shared estimated size: 996

C:\Program Files\Microchip\xc8\v3.00\pic\sources\c99\common\xxtofl.c
		___xxtofl      		CODE           	895E	0000	440

C:\Program Files\Microchip\xc8\v3.00\pic\sources\c99\common\xxtofl.c estimated size: 440

C:\Program Files\Microchip\xc8\v3.00\pic\sources\c99\common\nf_fputs.c
		_fputs         		CODE           	C412	0000	72

C:\Program Files\Microchip\xc8\v3.00\pic\sources\c99\common\nf_fputs.c estimated size: 72

Applications/USBCom_APP/usbcom.c
		_ClearReceiveData		CODE           	C3C8	0000	74
		_Rs485Task     		CODE           	7AFC	0000	606
		_UartReceivedISR		CODE           	BDDC	0000	100
		_UsbcomAppInit 		CODE           	D0AA	0000	20

Applications/USBCom_APP/usbcom.c estimated size: 800

mcc_generated_files/timer/src/tmr4.c
		_TMR4_DefaultPeriodMatchCallback		CODE           	D2AE	0000	2
		_TMR4_ISR      		CODE           	C37C	0000	76
		_TMR4_Initialize		CODE           	CC2A	0000	42

mcc_generated_files/timer/src/tmr4.c estimated size: 120

C:\Program Files\Microchip\xc8\v3.00\pic\sources\c99\common\strcpy.c
		_strcpy        		CODE           	C74C	0000	62

C:\Program Files\Microchip\xc8\v3.00\pic\sources\c99\common\strcpy.c estimated size: 62

Applications/InProtected_APP/inprotectedapp.c
		_IntProtectedTask		CODE           	D232	0000	6
		_VoltageInputProtection		CODE           	784E	0000	686

Applications/InProtected_APP/inprotectedapp.c estimated size: 692

C:\Program Files\Microchip\xc8\v3.00\pic\sources\c99\common\memset.c
		_memset        		CODE           	C804	0000	58

C:\Program Files\Microchip\xc8\v3.00\pic\sources\c99\common\memset.c estimated size: 58

mcc_generated_files/timer/src/tmr2.c
		_TMR2_ISR      		CODE           	C688	0000	68
		_TMR2_Initialize		CODE           	CC54	0000	42
		_TMR2_DefaultPeriodMatchCallback		CODE           	D2C6	0000	2

mcc_generated_files/timer/src/tmr2.c estimated size: 112

C:\Program Files\Microchip\xc8\v3.00\pic\sources\c99\common\__signbitf.c
		___signbitf    		CODE           	C0FC	0000	82

C:\Program Files\Microchip\xc8\v3.00\pic\sources\c99\common\__signbitf.c estimated size: 82

mcc_generated_files/system/src/clock.c
		_CLOCK_Initialize		CODE           	D096	0000	20

mcc_generated_files/system/src/clock.c estimated size: 20

C:\Program Files\Microchip\xc8\v3.00\pic\sources\c99\common\awdiv.c
		___awdiv       		CODE           	ABC4	0000	196

C:\Program Files\Microchip\xc8\v3.00\pic\sources\c99\common\awdiv.c estimated size: 196

mcc_generated_files/timer/src/tmr0.c
		_TMR0_DefaultCallback		CODE           	D2C4	0000	2
		_TMR0_ISR      		CODE           	C644	0000	68
		_TMR0_Initialize		CODE           	CD46	0000	38
		_TMR0_PeriodMatchCallbackRegister		CODE           	D198	0000	14

mcc_generated_files/timer/src/tmr0.c estimated size: 122

C:\Program Files\Microchip\xc8\v3.00\pic\sources\c99\common\fltol.c
		___fltol       		CODE           	9D34	0000	282

C:\Program Files\Microchip\xc8\v3.00\pic\sources\c99\common\fltol.c estimated size: 282

DriverLayer/EEPROM/EEPROM_driver.c
		_EepromWriteInt8		CODE           	CE94	0000	34
		_EepromWriteByte		CODE           	BAEC	0000	118
		_EepromReadInt8		CODE           	CF6E	0000	24
		_EepromReadByte		CODE           	C4A2	0000	72

DriverLayer/EEPROM/EEPROM_driver.c estimated size: 248

C:\Program Files\Microchip\xc8\v3.00\pic\sources\c99\common\labs.c
		_labs          		CODE           	BEFA	0000	88

C:\Program Files\Microchip\xc8\v3.00\pic\sources\c99\common\labs.c estimated size: 88

DriverLayer/NFC/nfc.c
		_Read_NFC_Data 		CODE           	9C14	0000	288
		_READ_NFC_SET_START		CODE           	9526	0000	302
		_extractAndCombineEEPROMData		CODE           	B87C	0000	132
		_Write_NFC_Data		CODE           	A45A	0000	232

DriverLayer/NFC/nfc.c estimated size: 954

main.c
		_APPInit       		CODE           	CB6A	0000	48
		_main          		CODE           	CAA2	0000	50
		_TaskScheduleCb		CODE           	B2F6	0000	172
		_TaskHandler   		CODE           	BA76	0000	118

main.c estimated size: 388

mcc_generated_files/fvr/src/fvr.c
		_FVR_Initialize		CODE           	D20A	0000	8

mcc_generated_files/fvr/src/fvr.c estimated size: 8

C:\Program Files\Microchip\xc8\v3.00\pic\sources\c99\common\aldiv.c
		___aldiv       		CODE           	A06C	0000	268

C:\Program Files\Microchip\xc8\v3.00\pic\sources\c99\common\aldiv.c estimated size: 268

C:\Program Files\Microchip\xc8\v3.00\pic\sources\c99\common\doprnt.c
		_read_prec_or_width		CODE           	A7D2	0000	206
		_vfpfcnvrt     		CODE           	5C4C	0000	1074
		_efgtoa        		CODE           	3E1A	0000	2796
		_pad           		CODE           	B3A2	0000	166
		_dtoa          		CODE           	879A	0000	452
		_vfprintf      		CODE           	C002	0000	86
		_xtoa          		CODE           	93D8	0000	334

C:\Program Files\Microchip\xc8\v3.00\pic\sources\c99\common\doprnt.c estimated size: 5114

mcc_generated_files/pwm/src/pwm2_16bit.c
		_PWM2_16BIT_Period_DefaultInterruptHandler		CODE           	D2B4	0000	2
		_PWM2_16BIT_Period_SetInterruptHandler		CODE           	D160	0000	14
		_PWM2_16BIT_Slice1Output1_SetInterruptHandler		CODE           	D152	0000	14
		_PWM2_16BIT_Slice1Output2_SetInterruptHandler		CODE           	D144	0000	14
		_PWM2_16BIT_Initialize		CODE           	BCA6	0000	106
		_PWM2_16BIT_LoadBufferRegisters		CODE           	D296	0000	4
		_PWM2_16BIT_PWMI_ISR		CODE           	B0E8	0000	178
		_PWM2_16BIT_PWMPI_ISR		CODE           	C5BC	0000	68
		_PWM2_16BIT_SetSlice1Output1DutyCycleRegister		CODE           	D1D8	0000	12
		_PWM2_16BIT_Slice1Output1_DefaultInterruptHandler		CODE           	D2B2	0000	2
		_PWM2_16BIT_Slice1Output2_DefaultInterruptHandler		CODE           	D2B0	0000	2

mcc_generated_files/pwm/src/pwm2_16bit.c estimated size: 416

C:\Program Files\Microchip\xc8\v3.00\pic\sources\c99\common\sprcadd.c
		___flsub       		CODE           	C45A	0000	72
		___fladd       		CODE           	5312	0000	1208

C:\Program Files\Microchip\xc8\v3.00\pic\sources\c99\common\sprcadd.c estimated size: 1280

C:\Program Files\Microchip\xc8\v3.00\pic\sources\c99\common\fmaxf.c
		_fmaxf         		CODE           	98A6	0000	296

C:\Program Files\Microchip\xc8\v3.00\pic\sources\c99\common\fmaxf.c estimated size: 296

mcc_generated_files/system/src/system.c
		_SYSTEM_Initialize		CODE           	C8B2	0000	58

mcc_generated_files/system/src/system.c estimated size: 58

