Microchip MPLAB XC8 Compiler V3.00

Linker command line:

-W-3 \
  --edf=C:\Program Files\Microchip\xc8\v3.00\pic\dat\20241204225717_en.msgs \
  -pivt0x8=08h -cn \
  -h+dist/default/production\GS-S2CH-02-V0.01.production.sym \
  --cmf=dist/default/production\GS-S2CH-02-V0.01.production.cmf -z \
  -Q18F57Q43 -oC:\Users\12918\AppData\Local\Temp\xcAsdm8.\driver_tmp_3.o \
  --fixupoverflow=error \
  -Mdist/default/production/GS-S2CH-02-V0.01.production.map \
  --md=C:\Users\12918\AppData\Local\Temp\xcAsdm8.\driver_tmp_0.dat -E1 \
  -ver=XC8 Compiler -ACODE=00h-01FFFFh -ACONST=00h-01FFFFh \
  -ASMALLCONST=02600h-026FFhx218,012600h-0126FFhx218 \
  -AMEDIUMCONST=02600h-0FFFFh,012600h-01FFFFh -ACOMRAM=0501h-055Fh \
  -AABS1=0500h-024FFh -ABIGRAM=0501h-024FFh \
  -ARAM=0560h-05FFh,0600h-06FFhx31 -ABANK5=0560h-05FFh -ABANK6=0600h-06FFh \
  -ABANK7=0700h-07FFh -ABANK8=0800h-08FFh -ABANK9=0900h-09FFh \
  -ABANK10=0A00h-0AFFh -ABANK11=0B00h-0BFFh -ABANK12=0C00h-0CFFh \
  -ABANK13=0D00h-0DFFh -ABANK14=0E00h-0EFFh -ABANK15=0F00h-0FFFh \
  -ABANK16=01000h-010FFh -ABANK17=01100h-011FFh -ABANK18=01200h-012FFh \
  -ABANK19=01300h-013FFh -ABANK20=01400h-014FFh -ABANK21=01500h-015FFh \
  -ABANK22=01600h-016FFh -ABANK23=01700h-017FFh -ABANK24=01800h-018FFh \
  -ABANK25=01900h-019FFh -ABANK26=01A00h-01AFFh -ABANK27=01B00h-01BFFh \
  -ABANK28=01C00h-01CFFh -ABANK29=01D00h-01DFFh -ABANK30=01E00h-01EFFh \
  -ABANK31=01F00h-01FFFh -ABANK32=02000h-020FFh -ABANK33=02100h-021FFh \
  -ABANK34=02200h-022FFh -ABANK35=02300h-023FFh -ABANK36=02400h-024FFh \
  -ASFR=00h-0FFhx4,0400h-045Fh,0460h-04FFh,02500h-025FFh \
  -ABIGSFR=00h-04FFh,02500h-025FFh -ACONFIG=0300000h-0300011h \
  -AIDLOC=0200000h-020003Fh -AEEDATA=0380000h-03803FFh -peeprom_data=EEDATA \
  -preset_vec=00h -ppowerup=CODE,init -pramtop=02600h \
  -psmallconst=SMALLCONST -pmediumconst=MEDIUMCONST -pconst=CONST \
  -AFARRAM=00h-00h \
  -prdata=COMRAM,nvrram=COMRAM,nvbit=COMRAM,rbss=COMRAM,rbit=COMRAM \
  -pfarbss=FARRAM,fardata=FARRAM,nvFARRAM=FARRAM \
  -pintsave_regs=BIGRAM,bigbss=BIGRAM,bigdata=BIGRAM -pbss=RAM \
  -pidata=CODE,irdata=CODE,ibigdata=CODE,ifardata=CODE -pparam6=BANK6 \
  C:\Users\12918\AppData\Local\Temp\xcAsdm8.\driver_tmp_12.o \
  dist/default/production\GS-S2CH-02-V0.01.production.o 

Object code version is 3.11

Machine type is 18F57Q43



                Name                               Link     Load   Length Selector   Space Scale
C:\Users\12918\AppData\Local\Temp\xcAsdm8.\driver_tmp_12.o
                config                           300000   300000        A        0       4
                init                                102      102        4        4       0
                reset_vec                             0        0        4        0       0
dist/default/production\GS-S2CH-02-V0.01.production.o
                config                           300000   300000        A        0       4
                mediumconst                        F6CA     F6CA      936     7B65       0
                ivt0x8                                8        8       FA        4       0
                text265                           198F2    198F2       3A     6531       0
                text264                           1A30C    1A30C        6     68C3       0
                text263                           15D1C    15D1C      152     8000       0
                text262                           1A070    1A070       16     681C       0
                text261                           198B8    198B8       3A     6531       0
                text260                           1A304    1A304        6     D11C       0
                text259                           187AC    187AC       8A     5E58       0
                text258                           171C8    171C8       F2     8000       0
                text257                           1A36A    1A36A        2     D1A2       0
                text256                           1A368    1A368        2     D1A2       0
                text255                           1A366    1A366        2     D1A2       0
                text254                           1A364    1A364        2     D1A2       0
                text253                           1A362    1A362        2     D1A2       0
                text252                           1A360    1A360        2     D1A2       0
                text251                           16DC6    16DC6      106     8000       0
                text250                           155E2    155E2      192     8000       0
                text249                           19F04    19F04       22     6531       0
                text248                           19A6E    19A6E       34     6531       0
                text247                           19228    19228       50     5E58       0
                text246                           16CC0    16CC0      106     8000       0
                text245                           170CA    170CA       FE     8000       0
                text244                           16566    16566      120     8000       0
                text243                           16446    16446      120     8000       0
                text242                           12322    12322      428     8000       0
                text241                           11A42    11A42      4B8     8000       0
                text240                           19434    19434       48     5E58       0
                text239                           169AC    169AC      108     8000       0
                text238                           150CA    150CA      1BA     8000       0
                text237                           10A66    10A66      59C     8000       0
                text236                           1A33C    1A33C        4     68CC       0
                text235                           1A284    1A284        A     D11C       0
                text234                           1A338    1A338        4     68CC       0
                text233                           1A27A    1A27A        A     D11C       0
                text232                           18C6E    18C6E       6A     5E58       0
                text231                           19BF8    19BF8       2E     6531       0
                text230                           17A22    17A22       C2     5E58       0
                text229                           14928    14928      1F0     8000       0
                text228                           12EBC    12EBC      392     8000       0
                text227                           13CA8    13CA8      240     8000       0
                text226                           18080    18080       AC     5E58       0
                text225                           1A136    1A136       12     681C       0
                text224                           18578    18578       92     5E58       0
                text223                           1453C    1453C      1FC     8000       0
                text222                           1A35E    1A35E        2     D1A2       0
                text221                           1324E    1324E      330     8000       0
                text220                           195D4    195D4       44     6531       0
                text219                           1947C    1947C       46     5E58       0
                text218                           15E6E    15E6E      138     8000       0
                text217                           1A35C    1A35C        2     D1A2       0
                text216                           191D8    191D8       50     5E58       0
                text215                           17FD4    17FD4       AC     5E58       0
                text214                           18E06    18E06       62     5E58       0
                text213                           1A35A    1A35A        2     D1A2       0
                text212                           19590    19590       44     6531       0
                text211                           15774    15774      186     8000       0
                text210                           1A358    1A358        2     D1A2       0
                text209                           1954C    1954C       44     6531       0
                text208                           1A356    1A356        2     D1A2       0
                text207                           19B06    19B06       32     6531       0
                text206                           19FA4    19FA4       18     67DD       0
                text205                           1A354    1A354        2     D1A2       0
                text204                           19AD4    19AD4       32     6531       0
                text203                           19F8C    19F8C       18     67DD       0
                text202                           1A352    1A352        2     D1A2       0
                text201                           19AA2    19AA2       32     6531       0
                text200                           19F74    19F74       18     67DD       0
                text199                           1A350    1A350        2     D1A2       0
                text198                           1A34E    1A34E        2     D1A2       0
                text197                           19508    19508       44     6531       0
                text196                           1A34C    1A34C        2     D1A2       0
                text195                           1A34A    1A34A        2     D1A2       0
                text194                           17DC4    17DC4       B4     5E58       0
                text193                           1A348    1A348        2     D1A2       0
                text192                           194C4    194C4       44     6531       0
                text191                           1A346    1A346        2     D1A2       0
                text190                           1A344    1A344        2     D1A2       0
                text189                           17D10    17D10       B4     5E58       0
                text188                           1A058    1A058       16     6816       0
                text187                           1A2FE    1A2FE        6     D11C       0
                text186                           1A040    1A040       16     67DD       0
                text185                           1A148    1A148       10     681C       0
                text184                           1A0EA    1A0EA       14     681C       0
                text183                           19754    19754       3E     6531       0
                text182                           1A02A    1A02A       16     67DD       0
                text181                           1A014    1A014       16     67DD       0
                text180                           19FFE    19FFE       16     67DD       0
                text179                           19FE8    19FE8       16     67DD       0
                text178                           19FD2    19FD2       16     67DD       0
                text177                           17960    17960       C2     5E58       0
                text176                           1A2AE    1A2AE        8     D11C       0
                text175                           1A270    1A270        A     D11C       0
                text174                           1A2F8    1A2F8        6     D11C       0
                text173                           19D96    19D96       28     6531       0
                text172                           1A2F2    1A2F2        6     D11C       0
                text171                           1A2A6    1A2A6        8     D11C       0
                text170                           1A2EC    1A2EC        6     D11C       0
                text169                           1A29E    1A29E        8     D11C       0
                text168                           19DE4    19DE4       26     6531       0
                text167                           1A296    1A296        8     D11C       0
                text166                           1A2E6    1A2E6        6     D11C       0
                text165                           19CA4    19CA4       2A     6531       0
                text164                           18450    18450       96     5E58       0
                text163                           1A334    1A334        4     68CC       0
                text162                           1A330    1A330        4     68CC       0
                text161                           1A32A    1A32A        4     68C3       0
                text160                           1A2E0    1A2E0        6     D11C       0
                text159                           19A3A    19A3A       34     6531       0
                text158                           19BC8    19BC8       30     6531       0
                text157                           1A266    1A266        A     D11C       0
                text156                           1A25C    1A25C        A     D11C       0
                text155                           1A2DA    1A2DA        6     D11C       0
                text154                           19C7A    19C7A       2A     6531       0
                text153                           18F78    18F78       5A     5E58       0
                text152                           1A2D4    1A2D4        6     D11C       0
                text151                           19698    19698       40     6531       0
                text150                           18F1E    18F1E       5A     5E58       0
                text149                           160D8    160D8      12E     8000       0
                text148                           16326    16326      120     8000       0
                text147                           19658    19658       40     6531       0
                text146                           1A21C    1A21C        E     681C       0
                text145                           1A0D6    1A0D6       14     681C       0
                text144                           12B2A    12B2A      392     8000       0
                text143                           158FA    158FA      16C     8000       0
                text142                           17490    17490       D6     8000       0
                text141                           17C5A    17C5A       B6     5E58       0
                text140                           188BC    188BC       84     5E58       0
                text139                           15FA6    15FA6      132     8000       0
                text138                           19B98    19B98       30     6531       0
                text137                           1A20E    1A20E        E     681C       0
                text136                           1A200    1A200        E     681C       0
                text135                           1A0C2    1A0C2       14     681C       0
                text134                           19B68    19B68       30     6531       0
                text133                           193EC    193EC       48     5E58       0
                text132                           18E68    18E68       5C     5E58       0
                text131                           19FBC    19FBC       16     67DD       0
                text130                           1A2CE    1A2CE        6     D11C       0
                text129                           19F40    19F40       1A     6531       0
                text128                           1A2C8    1A2C8        6     D11C       0
                text127                           1A250    1A250        C     D11C       0
                text126                           18B24    18B24       76     5E58       0
                text125                           14EEA    14EEA      1E0     8000       0
                text124                           1A1F2    1A1F2        E     681C       0
                text123                           1789A    1789A       C4     8000       0
                text122                           17E78    17E78       B0     5E58       0
                text121                           19130    19130       56     5E58       0
                text120                           1432A    1432A      212     8000       0
                text119                           19EE2    19EE2       22     6531       0
                text118                           1A1E4    1A1E4        E     681C       0
                text117                           1A0AE    1A0AE       14     681C       0
                text116                           19082    19082       58     5E58       0
                text115                           197CE    197CE       3C     6531       0
                text114                           1992C    1992C       38     6531       0
                text113                           18D3E    18D3E       66     5E58       0
                text112                           1A09A    1A09A       14     681C       0
                text111                           1A28E    1A28E        8     D11C       0
                text110                           1A086    1A086       14     681C       0
                text109                           18EC4    18EC4       5A     5E58       0
                text108                           1A1D6    1A1D6        E     681C       0
                text107                           1A1C8    1A1C8        E     681C       0
                text106                           1A1BA    1A1BA        E     681C       0
                text105                           1860A    1860A       8E     5E58       0
                text104                           1A2C2    1A2C2        6     D11C       0
                text103                           17AE4    17AE4       C0     5E58       0
                text102                           1A1AC    1A1AC        E     681C       0
                text101                           1A19E    1A19E        E     681C       0
                text100                           1A190    1A190        E     681C       0
                text99                            18C04    18C04       6A     5E58       0
                text98                            1A182    1A182        E     681C       0
                text97                            1A174    1A174        E     681C       0
                text96                            1A166    1A166        E     681C       0
                text95                            18B9A    18B9A       6A     5E58       0
                text94                            19DBE    19DBE       26     6531       0
                text93                            192C6    192C6       4C     5E58       0
                text92                            19C50    19C50       2A     6531       0
                text91                            19C26    19C26       2A     6531       0
                text90                            19EBE    19EBE       24     6531       0
                text89                            19E9A    19E9A       24     6531       0
                text88                            19E76    19E76       24     6531       0
                text87                            181D2    181D2       A6     5E58       0
                text86                            19E52    19E52       24     6531       0
                text85                            19E2E    19E2E       24     6531       0
                text84                            19E0A    19E0A       24     6531       0
                text83                            183B8    183B8       98     5E58       0
                text82                            19716    19716       3E     6531       0
                text81                            19D6E    19D6E       28     6531       0
                text80                            1A326    1A326        4     68C3       0
                text79                            1A244    1A244        C     D11C       0
                text78                            1A322    1A322        4     68C3       0
                text77                            1A238    1A238        C     D11C       0
                text76                            17BA4    17BA4       B6     5E58       0
                text75                            19D46    19D46       28     6531       0
                text74                            1902A    1902A       58     5E58       0
                text73                            1831C    1831C       9C     5E58       0
                text72                            199D0    199D0       36     6531       0
                text71                            18836    18836       86     5E58       0
                text70                            19A06    19A06       34     6531       0
                text69                            19D1E    19D1E       28     6531       0
                text68                            1A31E    1A31E        4     68C3       0
                text67                            18AAE    18AAE       76     5E58       0
                text66                            16FCC    16FCC       FE     8000       0
                text65                            19CF6    19CF6       28     6531       0
                text64                            15284    15284      1B8     8000       0
                text63                            1987E    1987E       3A     6531       0
                text62                            14738    14738      1F0     8000       0
                text61                            1A31A    1A31A        4     68C3       0
                text60                            17634    17634       CE     8000       0
                text59                            1357E    1357E      26A     8000       0
                text58                            1A316    1A316        4     68C3       0
                text57                            1A312    1A312        4     68C3       0
                text56                            1A124    1A124       12     681C       0
                text55                            184E6    184E6       92     5E58       0
                text54                            16206    16206      120     8000       0
                text53                            16BBA    16BBA      106     8000       0
                text52                            1543C    1543C      1A6     8000       0
                text51                            13A4C    13A4C      25C     8000       0
                text50                            189C0    189C0       78     5E58       0
                text49                            19844    19844       3A     6531       0
                text48                            18722    18722       8A     5E58       0
                text47                            1999A    1999A       36     6531       0
                text46                            16AB4    16AB4      106     8000       0
                text45                            18698    18698       8A     5E58       0
                text44                            173A6    173A6       EA     8000       0
                text43                            18940    18940       80     5E58       0
                text42                            18DA4    18DA4       62     5E58       0
                text41                            16798    16798      10C     8000       0
                text40                            172BA    172BA       EC     8000       0
                text39                            19964    19964       36     6531       0
                text38                            19F5A    19F5A       18     6531       0
                text37                            19278    19278       4E     5E58       0
                text36                            19312    19312       4A     5E58       0
                text35                            177CE    177CE       CC     8000       0
                text34                            193A4    193A4       48     5E58       0
                text33                            18278    18278       A4     5E58       0
                text32                            14D06    14D06      1E4     8000       0
                text31                            17F28    17F28       AC     5E58       0
                text30                            11EFA    11EFA      428     8000       0
                text29                            1980A    1980A       3A     6531       0
                text28                            1158A    1158A      4B8     8000       0
                text27                            1935C    1935C       48     5E58       0
                text26                            168A4    168A4      108     8000       0
                text25                            16ECC    16ECC      100     8000       0
                text24                            14114    14114      216     8000       0
                text23                            18FD2    18FD2       58     5E58       0
                text22                            19186    19186       52     5E58       0
                text21                            196D8    196D8       3E     6531       0
                text20                            10000    10000      A66     8000       0
                text19                            17566    17566       CE     8000       0
                text18                            1812C    1812C       A6     5E58       0
                text17                            15BC4    15BC4      158     8000       0
                text16                            15A66    15A66      15E     8000       0
                text15                            11002    11002      588     8000       0
                text14                            190DA    190DA       56     5E58       0
                text13                            19CCE    19CCE       28     6531       0
                text12                            13EE8    13EE8      22C     8000       0
                text11                            18CD8    18CD8       66     5E58       0
                text10                            1274A    1274A      3E0     8000       0
                text9                             1A2BC    1A2BC        6     D11C       0
                text8                             137E8    137E8      264     8000       0
                text7                             19792    19792       3C     6531       0
                text6                             1A158    1A158        E     681C       0
                text5                             1A2B6    1A2B6        6     D11C       0
                text4                             19F26    19F26       1A     6531       0
                text3                             17702    17702       CC     8000       0
                text2                             14B18    14B18      1EE     8000       0
                text1                             18A38    18A38       76     5E58       0
                text0                             19B38    19B38       30     6531       0
                cstackCOMRAM                        501      501       40      501       1
                cstackBANK5                         560      560       87      560       1
                cstackBANK6                         600      600       DC      600       1
                cstackBANK7                         7D5      7D5       10      700       1
                bssBANK11                           B00      B00       AC      B00       1
                dataBANK10                          AE1      AE1       13      A00       1
                bssBANK10                           A00      A00       E1      A00       1
                dataBANK9                           9B8      9B8       40      900       1
                bssBANK9                            900      900       B8      900       1
                dataBANK8                           8DD      8DD       13      800       1
                bssBANK8                            800      800       DD      800       1
                dataBANK7                           7E5      7E5        D      700       1
                bssBANK7                            700      700       D5      700       1
                bssBANK6                            6DC      6DC       22      600       1
                bssBANK5                            5E7      5E7       19      560       1
                dataCOMRAM                          55D      55D        3      501       1
                bssCOMRAM                           541      541       1C      501       1
                cinit                             16686    16686      112     8000       0
                nvBANK8                             8F0      8F0        F      800       1
                idataBANK10                       1A111    1A111       13     681C       0
                idataBANK9                        19618    19618       40     6531       0
                idataBANK8                        1A0FE    1A0FE       13     681C       0
                idataBANK7                        1A22A    1A22A        D     681C       0
                idataCOMRAM                       1A340    1A340        3     68CC       0

TOTAL           Name                               Link     Load   Length     Space
        CLASS   CODE           
                init                                102      102        4         0
                reset_vec                             0        0        4         0
                ivt0x8                                8        8       FA         0
                text265                           198F2    198F2       3A         0
                text264                           1A30C    1A30C        6         0
                text263                           15D1C    15D1C      152         0
                text262                           1A070    1A070       16         0
                text261                           198B8    198B8       3A         0
                text260                           1A304    1A304        6         0
                text259                           187AC    187AC       8A         0
                text258                           171C8    171C8       F2         0
                text257                           1A36A    1A36A        2         0
                text256                           1A368    1A368        2         0
                text255                           1A366    1A366        2         0
                text254                           1A364    1A364        2         0
                text253                           1A362    1A362        2         0
                text252                           1A360    1A360        2         0
                text251                           16DC6    16DC6      106         0
                text250                           155E2    155E2      192         0
                text249                           19F04    19F04       22         0
                text248                           19A6E    19A6E       34         0
                text247                           19228    19228       50         0
                text246                           16CC0    16CC0      106         0
                text245                           170CA    170CA       FE         0
                text244                           16566    16566      120         0
                text243                           16446    16446      120         0
                text242                           12322    12322      428         0
                text241                           11A42    11A42      4B8         0
                text240                           19434    19434       48         0
                text239                           169AC    169AC      108         0
                text238                           150CA    150CA      1BA         0
                text237                           10A66    10A66      59C         0
                text236                           1A33C    1A33C        4         0
                text235                           1A284    1A284        A         0
                text234                           1A338    1A338        4         0
                text233                           1A27A    1A27A        A         0
                text232                           18C6E    18C6E       6A         0
                text231                           19BF8    19BF8       2E         0
                text230                           17A22    17A22       C2         0
                text229                           14928    14928      1F0         0
                text228                           12EBC    12EBC      392         0
                text227                           13CA8    13CA8      240         0
                text226                           18080    18080       AC         0
                text225                           1A136    1A136       12         0
                text224                           18578    18578       92         0
                text223                           1453C    1453C      1FC         0
                text222                           1A35E    1A35E        2         0
                text221                           1324E    1324E      330         0
                text220                           195D4    195D4       44         0
                text219                           1947C    1947C       46         0
                text218                           15E6E    15E6E      138         0
                text217                           1A35C    1A35C        2         0
                text216                           191D8    191D8       50         0
                text215                           17FD4    17FD4       AC         0
                text214                           18E06    18E06       62         0
                text213                           1A35A    1A35A        2         0
                text212                           19590    19590       44         0
                text211                           15774    15774      186         0
                text210                           1A358    1A358        2         0
                text209                           1954C    1954C       44         0
                text208                           1A356    1A356        2         0
                text207                           19B06    19B06       32         0
                text206                           19FA4    19FA4       18         0
                text205                           1A354    1A354        2         0
                text204                           19AD4    19AD4       32         0
                text203                           19F8C    19F8C       18         0
                text202                           1A352    1A352        2         0
                text201                           19AA2    19AA2       32         0
                text200                           19F74    19F74       18         0
                text199                           1A350    1A350        2         0
                text198                           1A34E    1A34E        2         0
                text197                           19508    19508       44         0
                text196                           1A34C    1A34C        2         0
                text195                           1A34A    1A34A        2         0
                text194                           17DC4    17DC4       B4         0
                text193                           1A348    1A348        2         0
                text192                           194C4    194C4       44         0
                text191                           1A346    1A346        2         0
                text190                           1A344    1A344        2         0
                text189                           17D10    17D10       B4         0
                text188                           1A058    1A058       16         0
                text187                           1A2FE    1A2FE        6         0
                text186                           1A040    1A040       16         0
                text185                           1A148    1A148       10         0
                text184                           1A0EA    1A0EA       14         0
                text183                           19754    19754       3E         0
                text182                           1A02A    1A02A       16         0
                text181                           1A014    1A014       16         0
                text180                           19FFE    19FFE       16         0
                text179                           19FE8    19FE8       16         0
                text178                           19FD2    19FD2       16         0
                text177                           17960    17960       C2         0
                text176                           1A2AE    1A2AE        8         0
                text175                           1A270    1A270        A         0
                text174                           1A2F8    1A2F8        6         0
                text173                           19D96    19D96       28         0
                text172                           1A2F2    1A2F2        6         0
                text171                           1A2A6    1A2A6        8         0
                text170                           1A2EC    1A2EC        6         0
                text169                           1A29E    1A29E        8         0
                text168                           19DE4    19DE4       26         0
                text167                           1A296    1A296        8         0
                text166                           1A2E6    1A2E6        6         0
                text165                           19CA4    19CA4       2A         0
                text164                           18450    18450       96         0
                text163                           1A334    1A334        4         0
                text162                           1A330    1A330        4         0
                text161                           1A32A    1A32A        4         0
                text160                           1A2E0    1A2E0        6         0
                text159                           19A3A    19A3A       34         0
                text158                           19BC8    19BC8       30         0
                text157                           1A266    1A266        A         0
                text156                           1A25C    1A25C        A         0
                text155                           1A2DA    1A2DA        6         0
                text154                           19C7A    19C7A       2A         0
                text153                           18F78    18F78       5A         0
                text152                           1A2D4    1A2D4        6         0
                text151                           19698    19698       40         0
                text150                           18F1E    18F1E       5A         0
                text149                           160D8    160D8      12E         0
                text148                           16326    16326      120         0
                text147                           19658    19658       40         0
                text146                           1A21C    1A21C        E         0
                text145                           1A0D6    1A0D6       14         0
                text144                           12B2A    12B2A      392         0
                text143                           158FA    158FA      16C         0
                text142                           17490    17490       D6         0
                text141                           17C5A    17C5A       B6         0
                text140                           188BC    188BC       84         0
                text139                           15FA6    15FA6      132         0
                text138                           19B98    19B98       30         0
                text137                           1A20E    1A20E        E         0
                text136                           1A200    1A200        E         0
                text135                           1A0C2    1A0C2       14         0
                text134                           19B68    19B68       30         0
                text133                           193EC    193EC       48         0
                text132                           18E68    18E68       5C         0
                text131                           19FBC    19FBC       16         0
                text130                           1A2CE    1A2CE        6         0
                text129                           19F40    19F40       1A         0
                text128                           1A2C8    1A2C8        6         0
                text127                           1A250    1A250        C         0
                text126                           18B24    18B24       76         0
                text125                           14EEA    14EEA      1E0         0
                text124                           1A1F2    1A1F2        E         0
                text123                           1789A    1789A       C4         0
                text122                           17E78    17E78       B0         0
                text121                           19130    19130       56         0
                text120                           1432A    1432A      212         0
                text119                           19EE2    19EE2       22         0
                text118                           1A1E4    1A1E4        E         0
                text117                           1A0AE    1A0AE       14         0
                text116                           19082    19082       58         0
                text115                           197CE    197CE       3C         0
                text114                           1992C    1992C       38         0
                text113                           18D3E    18D3E       66         0
                text112                           1A09A    1A09A       14         0
                text111                           1A28E    1A28E        8         0
                text110                           1A086    1A086       14         0
                text109                           18EC4    18EC4       5A         0
                text108                           1A1D6    1A1D6        E         0
                text107                           1A1C8    1A1C8        E         0
                text106                           1A1BA    1A1BA        E         0
                text105                           1860A    1860A       8E         0
                text104                           1A2C2    1A2C2        6         0
                text103                           17AE4    17AE4       C0         0
                text102                           1A1AC    1A1AC        E         0
                text101                           1A19E    1A19E        E         0
                text100                           1A190    1A190        E         0
                text99                            18C04    18C04       6A         0
                text98                            1A182    1A182        E         0
                text97                            1A174    1A174        E         0
                text96                            1A166    1A166        E         0
                text95                            18B9A    18B9A       6A         0
                text94                            19DBE    19DBE       26         0
                text93                            192C6    192C6       4C         0
                text92                            19C50    19C50       2A         0
                text91                            19C26    19C26       2A         0
                text90                            19EBE    19EBE       24         0
                text89                            19E9A    19E9A       24         0
                text88                            19E76    19E76       24         0
                text87                            181D2    181D2       A6         0
                text86                            19E52    19E52       24         0
                text85                            19E2E    19E2E       24         0
                text84                            19E0A    19E0A       24         0
                text83                            183B8    183B8       98         0
                text82                            19716    19716       3E         0
                text81                            19D6E    19D6E       28         0
                text80                            1A326    1A326        4         0
                text79                            1A244    1A244        C         0
                text78                            1A322    1A322        4         0
                text77                            1A238    1A238        C         0
                text76                            17BA4    17BA4       B6         0
                text75                            19D46    19D46       28         0
                text74                            1902A    1902A       58         0
                text73                            1831C    1831C       9C         0
                text72                            199D0    199D0       36         0
                text71                            18836    18836       86         0
                text70                            19A06    19A06       34         0
                text69                            19D1E    19D1E       28         0
                text68                            1A31E    1A31E        4         0
                text67                            18AAE    18AAE       76         0
                text66                            16FCC    16FCC       FE         0
                text65                            19CF6    19CF6       28         0
                text64                            15284    15284      1B8         0
                text63                            1987E    1987E       3A         0
                text62                            14738    14738      1F0         0
                text61                            1A31A    1A31A        4         0
                text60                            17634    17634       CE         0
                text59                            1357E    1357E      26A         0
                text58                            1A316    1A316        4         0
                text57                            1A312    1A312        4         0
                text56                            1A124    1A124       12         0
                text55                            184E6    184E6       92         0
                text54                            16206    16206      120         0
                text53                            16BBA    16BBA      106         0
                text52                            1543C    1543C      1A6         0
                text51                            13A4C    13A4C      25C         0
                text50                            189C0    189C0       78         0
                text49                            19844    19844       3A         0
                text48                            18722    18722       8A         0
                text47                            1999A    1999A       36         0
                text46                            16AB4    16AB4      106         0
                text45                            18698    18698       8A         0
                text44                            173A6    173A6       EA         0
                text43                            18940    18940       80         0
                text42                            18DA4    18DA4       62         0
                text41                            16798    16798      10C         0
                text40                            172BA    172BA       EC         0
                text39                            19964    19964       36         0
                text38                            19F5A    19F5A       18         0
                text37                            19278    19278       4E         0
                text36                            19312    19312       4A         0
                text35                            177CE    177CE       CC         0
                text34                            193A4    193A4       48         0
                text33                            18278    18278       A4         0
                text32                            14D06    14D06      1E4         0
                text31                            17F28    17F28       AC         0
                text30                            11EFA    11EFA      428         0
                text29                            1980A    1980A       3A         0
                text28                            1158A    1158A      4B8         0
                text27                            1935C    1935C       48         0
                text26                            168A4    168A4      108         0
                text25                            16ECC    16ECC      100         0
                text24                            14114    14114      216         0
                text23                            18FD2    18FD2       58         0
                text22                            19186    19186       52         0
                text21                            196D8    196D8       3E         0
                text20                            10000    10000      A66         0
                text19                            17566    17566       CE         0
                text18                            1812C    1812C       A6         0
                text17                            15BC4    15BC4      158         0
                text16                            15A66    15A66      15E         0
                text15                            11002    11002      588         0
                text14                            190DA    190DA       56         0
                text13                            19CCE    19CCE       28         0
                text12                            13EE8    13EE8      22C         0
                text11                            18CD8    18CD8       66         0
                text10                            1274A    1274A      3E0         0
                text9                             1A2BC    1A2BC        6         0
                text8                             137E8    137E8      264         0
                text7                             19792    19792       3C         0
                text6                             1A158    1A158        E         0
                text5                             1A2B6    1A2B6        6         0
                text4                             19F26    19F26       1A         0
                text3                             17702    17702       CC         0
                text2                             14B18    14B18      1EE         0
                text1                             18A38    18A38       76         0
                text0                             19B38    19B38       30         0
                cinit                             16686    16686      112         0
                idataBANK10                       1A111    1A111       13         0
                idataBANK9                        19618    19618       40         0
                idataBANK8                        1A0FE    1A0FE       13         0
                idataBANK7                        1A22A    1A22A        D         0
                idataCOMRAM                       1A340    1A340        3         0

        CLASS   CONST          

        CLASS   SMALLCONST     

        CLASS   MEDIUMCONST    
                mediumconst                        F6CA     F6CA      936         0

        CLASS   COMRAM         
                cstackCOMRAM                        501      501       40         1
                dataCOMRAM                          55D      55D        3         1
                bssCOMRAM                           541      541       1C         1

        CLASS   ABS1           

        CLASS   BIGRAM         

        CLASS   RAM            

        CLASS   BANK5          
                cstackBANK5                         560      560       87         1
                bssBANK5                            5E7      5E7       19         1

        CLASS   BANK6          
                cstackBANK6                         600      600       DC         1
                bssBANK6                            6DC      6DC       22         1

        CLASS   BANK7          
                cstackBANK7                         7D5      7D5       10         1
                dataBANK7                           7E5      7E5        D         1
                bssBANK7                            700      700       D5         1

        CLASS   BANK8          
                dataBANK8                           8DD      8DD       13         1
                bssBANK8                            800      800       DD         1
                nvBANK8                             8F0      8F0        F         1

        CLASS   BANK9          
                dataBANK9                           9B8      9B8       40         1
                bssBANK9                            900      900       B8         1

        CLASS   BANK10         
                dataBANK10                          AE1      AE1       13         1
                bssBANK10                           A00      A00       E1         1

        CLASS   BANK11         
                bssBANK11                           B00      B00       AC         1

        CLASS   BANK12         

        CLASS   BANK13         

        CLASS   BANK14         

        CLASS   BANK15         

        CLASS   BANK16         

        CLASS   BANK17         

        CLASS   BANK18         

        CLASS   BANK19         

        CLASS   BANK20         

        CLASS   BANK21         

        CLASS   BANK22         

        CLASS   BANK23         

        CLASS   BANK24         

        CLASS   BANK25         

        CLASS   BANK26         

        CLASS   BANK27         

        CLASS   BANK28         

        CLASS   BANK29         

        CLASS   BANK30         

        CLASS   BANK31         

        CLASS   BANK32         

        CLASS   BANK33         

        CLASS   BANK34         

        CLASS   BANK35         

        CLASS   BANK36         

        CLASS   SFR            

        CLASS   BIGSFR         

        CLASS   CONFIG         
                config                           300000   300000        A         4

        CLASS   IDLOC          

        CLASS   EEDATA         

        CLASS   FARRAM         

        CLASS   HEAP           

        CLASS   STACK          



SEGMENTS        Name                           Load    Length   Top    Selector   Space  Class

                reset_vec                      000000  000004  000004         0       0  CODE    
                ivt0x8                         000008  0000FE  000106         4       0  CODE    
                cstackCOMRAM                   000501  00005F  000560       501       1  COMRAM  
                cstackBANK5                    000560  0000A0  000600       560       1  BANK5   
                cstackBANK6                    000600  0000FE  0006FE       600       1  BANK6   
                bssBANK7                       000700  0000F2  0007F2       700       1  BANK7   
                bssBANK8                       000800  0000FF  0008FF       800       1  BANK8   
                bssBANK9                       000900  0000F8  0009F8       900       1  BANK9   
                bssBANK10                      000A00  0000F4  000AF4       A00       1  BANK10  
                bssBANK11                      000B00  0000AC  000BAC       B00       1  BANK11  
                mediumconst                    00F6CA  000936  010000      7B65       0  MEDIUMCO
                text20                         010000  00795E  01795E      8000       0  CODE    
                text177                        017960  001B62  0194C2      5E58       0  CODE    
                text192                        0194C4  000AAE  019F72      6531       0  CODE    
                text200                        019F74  0000E2  01A056      67DD       0  CODE    
                text188                        01A058  000016  01A06E      6816       0  CODE    
                text262                        01A070  0001C7  01A237      681C       0  CODE    
                text77                         01A238  0000D2  01A30A      D11C       0  CODE    
                text264                        01A30C  000022  01A32E      68C3       0  CODE    
                text162                        01A330  000013  01A343      68CC       0  CODE    
                text190                        01A344  000028  01A36C      D1A2       0  CODE    


UNUSED ADDRESS RANGES

        Name                Unused          Largest block    Delta
        BANK10           000AF4-000AFF                C
        BANK11           000BAC-000BFF               54
        BANK12           000C00-000CFF              100
        BANK13           000D00-000DFF              100
        BANK14           000E00-000EFF              100
        BANK15           000F00-000FFF              100
        BANK16           001000-0010FF              100
        BANK17           001100-0011FF              100
        BANK18           001200-0012FF              100
        BANK19           001300-0013FF              100
        BANK20           001400-0014FF              100
        BANK21           001500-0015FF              100
        BANK22           001600-0016FF              100
        BANK23           001700-0017FF              100
        BANK24           001800-0018FF              100
        BANK25           001900-0019FF              100
        BANK26           001A00-001AFF              100
        BANK27           001B00-001BFF              100
        BANK28           001C00-001CFF              100
        BANK29           001D00-001DFF              100
        BANK30           001E00-001EFF              100
        BANK31           001F00-001FFF              100
        BANK32           002000-0020FF              100
        BANK33           002100-0021FF              100
        BANK34           002200-0022FF              100
        BANK35           002300-0023FF              100
        BANK36           002400-0024FF              100
        BANK6            0006FE-0006FF                2
        BANK7            0007F2-0007FF                E
        BANK8            0008FF-0008FF                1
        BANK9            0009F8-0009FF                8
        BIGRAM           0006FE-0006FF                2
                         0007F2-0007FF                E
                         0008FF-0008FF                1
                         0009F8-0009FF                8
                         000AF4-000AFF                C
                         000BAC-0024FF             1954
        BIGSFR           000000-0004FF              500
                         002500-0025FF              100
        CODE             000004-000007                4
                         000106-00F6C9             F5C4
                         01795E-01795F                2
                         0194C2-0194C3                2
                         019F72-019F73                2
                         01A056-01A057                2
                         01A06E-01A06F                2
                         01A237-01A237                1
                         01A30A-01A30B                2
                         01A32E-01A32F                2
                         01A343-01A343                1
                         01A36C-01FFFF             5C94
        CONFIG           30000A-300011                8
        CONST            000004-000007                4
                         000106-00F6C9             F5C4
                         01795E-01795F                2
                         0194C2-0194C3                2
                         019F72-019F73                2
                         01A056-01A057                2
                         01A06E-01A06F                2
                         01A237-01A237                1
                         01A30A-01A30B                2
                         01A32E-01A32F                2
                         01A343-01A343                1
                         01A36C-01FFFF             5C94
        EEDATA           380000-3803FF              400
        IDLOC            200000-20003F               40
        MEDIUMCONST      002600-00F6C9             D0CA
                         01795E-01795F                2
                         0194C2-0194C3                2
                         019F72-019F73                2
                         01A056-01A057                2
                         01A06E-01A06F                2
                         01A237-01A237                1
                         01A30A-01A30B                2
                         01A32E-01A32F                2
                         01A343-01A343                1
                         01A36C-01FFFF             5C94
        RAM              0006FE-0006FF                2
                         0007F2-0007FF                E
                         0008FF-0008FF                1
                         0009F8-0009FF                8
                         000AF4-000AFF                C
                         000BAC-0024FF              100
        SFR              000000-0004FF              100
                         002500-0025FF              100
        SMALLCONST       002600-00F6C9              100
                         01795E-01795F                2
                         0194C2-0194C3                2
                         019F72-019F73                2
                         01A056-01A057                2
                         01A06E-01A06F                2
                         01A237-01A237                1
                         01A30A-01A30B                2
                         01A32E-01A32F                2
                         01A343-01A343                1
                         01A36C-01FFFF              100

                                  Symbol Table

?_ADC_ChannelSelectAndConvert                                 cstackBANK6  00061E
?_ADC_Result2                                                 cstackBANK6  000626
?_CRC16                                                       cstackBANK6  00061E
?_PID_Compute                                                 cstackBANK5  0005B3
?_Power_Compensation                                          cstackBANK6  000625
?_QueueCount                                                  cstackBANK6  00061E
?_QueuePopArray                                               cstackBANK6  000633
?_UART1_ReadArray                                             cstackBANK6  00063F
?_Voltage_Judgment                                            cstackBANK6  000677
?___aldiv                                                     cstackBANK6  00061E
?___almod                                                     cstackBANK6  00061E
?___awdiv                                                     cstackBANK6  00061E
?___awmod                                                     cstackBANK6  00061E
?___fladd                                                     cstackBANK6  00061E
?___fldiv                                                     cstackBANK6  000639
?___flmul                                                     cstackBANK6  000652
?___flneg                                                     cstackBANK6  00061E
?___flsub                                                     cstackBANK6  00066B
?___fltol                                                     cstackBANK6  00061E
?___fpclassifyf                                               cstackBANK6  00061E
?___lldiv                                                     cstackBANK6  00061E
?___llmod                                                     cstackBANK6  00061E
?___lwdiv                                                     cstackBANK6  00061E
?___lwmod                                                     cstackBANK6  000625
?___signbitf                                                  cstackCOMRAM 00051E
?___xxtofl                                                    cstackBANK6  00062B
?_abs                                                         cstackBANK6  000628
?_extractAndCombineEEPROMData                                 cstackBANK6  00061E
?_fabsf                                                       cstackCOMRAM 00051E
?_floorf                                                      cstackBANK6  000652
?_fmaxf                                                       cstackBANK5  000591
?_fminf                                                       cstackBANK5  000589
?_get_current                                                 cstackBANK5  0005B3
?_get_elapsed_since                                           cstackBANK6  000622
?_get_systemtick_time                                         cstackBANK6  00061E
?_int_to_bcd                                                  cstackBANK6  000626
?_labs                                                        cstackBANK6  00061E
?_printf                                                      cstackBANK7  0007D5
?_read_prec_or_width                                          cstackBANK6  00061E
?_simple_regulator                                            cstackBANK5  0005B3
?_vfprintf                                                    cstackBANK6  0006BE
?i2_ADC_ChannelSelectAndConvert                               cstackCOMRAM 00051E
?i2_ADC_Result2                                               cstackCOMRAM 000526
?i2_QueueCount                                                cstackBANK6  000600
?i2___awdiv                                                   cstackCOMRAM 00051E
?i2___fladd                                                   cstackBANK5  000560
?i2___fldiv                                                   cstackBANK5  000589
?i2___flmul                                                   cstackBANK5  00059E
?i2___flsub                                                   cstackBANK5  000568
?i2___fltol                                                   cstackBANK5  000599
?i2___fpclassifyf                                             cstackCOMRAM 00051E
?i2___llmod                                                   cstackBANK6  000600
?i2___xxtofl                                                  cstackBANK5  000585
?i2_get_elapsed_since                                         cstackBANK5  000560
?i2_get_systemtick_time                                       cstackCOMRAM 00051E
ADC_ChannelSelectAndConvert@channel                           cstackBANK6  000622
ADC_Result2@average                                           cstackBANK6  000649
ADC_Result2@channel                                           cstackBANK6  000646
ADC_Result2@i                                                 cstackBANK6  00064F
ADC_Result2@j                                                 cstackBANK6  000651
ADC_Result2@k                                                 cstackBANK6  00064D
ADC_Result2@result                                            cstackBANK6  00062E
ADC_Result2@sum                                               cstackBANK6  00064B
ADC_Result2@temp                                              cstackBANK6  000647
BootFlagSetJump@F18431                                        dataBANK8    0008DD
CRC16@Pushdata                                                cstackBANK6  00061E
CRC16@length                                                  cstackBANK6  000620
CRC16@uIndex                                                  cstackBANK6  000623
CRC16@uchCRCHi                                                cstackBANK6  000624
CRC16@uchCRCLo                                                cstackBANK6  000625
EEPROM_Read@address                                           cstackBANK6  00061E
EEPROM_Write@address                                          cstackBANK6  00061E
EEPROM_Write@data                                             cstackBANK6  000621
EEPROM_Write@globalInterruptBitValue                          cstackBANK6  000625
EepromReadByte@address                                        cstackBANK6  000627
EepromReadByte@data                                           cstackBANK6  00062A
EepromReadByte@offset                                         cstackBANK6  000624
EepromWriteByte@data                                          cstackBANK6  000629
EepromWriteByte@offset                                        cstackBANK6  000626
I2C1_AddrTransmit@addr                                        cstackBANK6  00061E
I2C1_CounterSet@counter                                       cstackBANK6  00061E
I2C1_DataTransmit@data                                        cstackCOMRAM 000503
I2C1_Read@address                                             cstackBANK6  00061F
I2C1_Read@data                                                cstackBANK6  000621
I2C1_Read@dataLength                                          cstackBANK6  000623
I2C1_Read@retStatus                                           cstackBANK6  000625
I2C1_Write@address                                            cstackBANK6  00061F
I2C1_Write@data                                               cstackBANK6  000621
I2C1_Write@dataLength                                         cstackBANK6  000623
I2C1_Write@retStatus                                          cstackBANK6  000625
INT0_SetInterruptHandler@InterruptHandler                     cstackBANK6  00061E
INT1_SetInterruptHandler@InterruptHandler                     cstackBANK6  00061E
INT2_SetInterruptHandler@InterruptHandler                     cstackBANK6  00061E
INTERRUPT_Initialize@state                                    cstackBANK6  000621
IVTBASEH                                                      (abs)        00045E
IVTBASEL                                                      (abs)        00045D
IVTBASEU                                                      (abs)        00045F
Input_Protected@Input_result                                  cstackBANK6  000655
L6562_Off@channel                                             cstackBANK6  00061E
L6562_On@channel                                              cstackBANK6  00061E
LED_Task@elapsed                                              cstackBANK6  000634
LED_Task@last_led_change_time                                 bssBANK8     00084C
NFC_Data_Process@nfcData                                      cstackBANK6  00061E
NFC_Data_Process@u                                            cstackBANK6  000620
NVM_UnlockKeySet@unlockKey                                    cstackBANK6  00061E
PID_Compute@derivative                                        cstackBANK5  0005C5
PID_Compute@error                                             cstackBANK5  0005D9
PID_Compute@integral                                          cstackBANK5  0005C1
PID_Compute@measured_value                                    cstackBANK5  0005B9
PID_Compute@output                                            cstackBANK5  0005D5
PID_Compute@pid                                               cstackBANK5  0005B3
PID_Compute@proportional                                      cstackBANK5  0005BD
PID_Compute@setpoint                                          cstackBANK5  0005B5
PID_Init@Kd                                                   cstackBANK6  00065D
PID_Init@Ki                                                   cstackBANK6  000659
PID_Init@Kp                                                   cstackBANK6  000655
PID_Init@PWM_duty_cycle                                       cstackBANK6  000669
PID_Init@flag                                                 cstackBANK6  000654
PID_Init@output_max                                           cstackBANK6  000661
PID_Init@output_min                                           cstackBANK6  000665
PID_Init@pid                                                  cstackBANK6  000652
PWM2_16BIT_Period_SetInterruptHandler@InterruptHandler        cstackBANK6  00061E
PWM2_16BIT_SetSlice1Output1DutyCycleRegister@registerValue    cstackBANK6  00061E
PWM2_16BIT_Slice1Output1_SetInterruptHandler@InterruptHandler cstackBANK6  00061E
PWM2_16BIT_Slice1Output2_SetInterruptHandler@InterruptHandler cstackBANK6  00061E
PWM3_16BIT_Period_SetInterruptHandler@InterruptHandler        cstackBANK6  00061E
PWM3_16BIT_SetSlice1Output1DutyCycleRegister@registerValue    cstackBANK6  00061E
PWM3_16BIT_Slice1Output1_SetInterruptHandler@InterruptHandler cstackBANK6  00061E
PWM3_16BIT_Slice1Output2_SetInterruptHandler@InterruptHandler cstackBANK6  00061E
PWM_Off_CHANNEL@channel                                       cstackBANK6  000620
PWM_Set_Direct@channel                                        cstackCOMRAM 000524
PWM_Set_Direct@duty_cycle                                     cstackCOMRAM 000520
PowerCompensationTime@nfcData                                 cstackBANK6  00061E
PowerCompensationTime@time_H                                  cstackBANK6  000624
PowerCompensationTime@time_L                                  cstackBANK6  000625
QueueClearEx@clearBuffer                                      cstackBANK6  000628
QueueClearEx@queue                                            cstackBANK6  000626
QueueCount@queue                                              cstackBANK6  00061E
QueueInit@buffer                                              cstackBANK6  000620
QueueInit@queue                                               cstackBANK6  00061E
QueueInit@size                                                cstackBANK6  000622
QueuePop@pdata                                                cstackBANK6  000629
QueuePop@queue                                                cstackBANK6  000627
QueuePopArray@i                                               cstackBANK6  00063B
QueuePopArray@len                                             cstackBANK6  000637
QueuePopArray@pArray                                          cstackBANK6  000635
QueuePopArray@queue                                           cstackBANK6  000633
QueuePush@data                                                cstackBANK6  00060B
QueuePush@index                                               cstackBANK6  000610
QueuePush@queue                                               cstackBANK6  000609
RELAY_Off@channel                                             cstackBANK6  00061E
RELAY_On@channel                                              cstackBANK6  00061E
ReadCurrentInit@nfcData                                       cstackBANK6  000633
Read_NFC_Data@address_buffer                                  cstackBANK6  00062D
Read_NFC_Data@dataLength                                      cstackBANK6  00062A
Read_NFC_Data@nfc_dataAdd                                     cstackBANK6  000626
Read_NFC_Data@nfcdata                                         cstackBANK6  000628
Read_NFC_Data@timeout                                         cstackBANK6  00062F
Rs485Task@ActualDataBytes                                     cstackBANK6  0006CD
Rs485Task@ExpectedDataBytes                                   cstackBANK6  0006CC
Rs485Task@data_length                                         cstackBANK6  0006D4
Rs485Task@i                                                   cstackBANK6  0006D2
Rs485Task@queueCount                                          cstackBANK6  0006D5
Rs485Task@readCount                                           cstackBANK6  0006CE
TMR0_PeriodMatchCallbackRegister@callbackHandler              cstackBANK6  00061E
TMR1_CounterSet@onState                                       cstackCOMRAM 00051B
TMR1_CounterSet@timerVal                                      cstackCOMRAM 000519
TMR1_OverflowCallbackRegister@CallbackHandler                 cstackBANK6  00061E
TMR2_PeriodMatchCallbackRegister@callbackHandler              cstackBANK6  00061E
TMR4_PeriodMatchCallbackRegister@callbackHandler              cstackBANK6  00061E
TaskHandler@i                                                 cstackBANK6  0006D9
TaskHandler_Time@ledtime                                      bssBANK7     000778
TaskScheduleCb@i                                              cstackCOMRAM 000516
TaskScheduleCbReg@pFunc                                       cstackBANK6  00061E
Temp_Protected@protection_state                               bssBANK6     0006F6
Temp_Protected@target_state                                   cstackBANK6  000679
Temp_Protected@temperature                                    cstackBANK6  000677
Temp_Protected@voltage                                        cstackBANK6  00067A
UART1_FramingErrorCallbackRegister@callbackHandler            cstackBANK6  00061E
UART1_OverrunErrorCallbackRegister@callbackHandler            cstackBANK6  00061E
UART1_ParityErrorCallbackRegister@callbackHandler             cstackBANK6  00061E
UART1_ReadArray@buffer                                        cstackBANK6  00063F
UART1_ReadArray@len                                           cstackBANK6  000641
UART1_ReadArray@readCount                                     cstackBANK6  000645
UART1_ReceiveISR@regValue                                     cstackBANK6  000614
UART1_ReceiveISR@status                                       cstackBANK6  000615
UART1_TransmitISR@tempTxTail                                  cstackBANK6  000618
UART1_Write@tempTxHead                                        cstackBANK6  00061E
UART1_Write@txData                                            cstackBANK6  00061F
UART2_FramingErrorCallbackRegister@callbackHandler            cstackBANK6  00061E
UART2_OverrunErrorCallbackRegister@callbackHandler            cstackBANK6  00061E
UART2_ParityErrorCallbackRegister@callbackHandler             cstackBANK6  00061E
UART2_ReceiveISR@regValue                                     cstackBANK6  000619
UART2_ReceiveISR@tempRxHead                                   cstackBANK6  00061A
UART2_TransmitISR@tempTxTail                                  cstackBANK6  00061D
Voltage_Judgment@Channel_1_Over_Volate                        cstackBANK6  000679
Voltage_Judgment@Channel_2_Over_Volate                        cstackBANK6  00067D
Voltage_Judgment@channel                                      cstackBANK6  000681
_ACTCON                                                       (abs)        0000AC
_ADACCH                                                       (abs)        0003E4
[...]

C:\Program Files\Microchip\xc8\v3.00\pic\sources\c99\common\fminf.c estimated size: 288

Applications/Ticktime_APP/ticktime.c
		_TaskScheduleCbReg		CODE           	1A20E	0000	14
		_PIDDimming_Init		CODE           	1A0D6	0000	20
		_LED_Task      		CODE           	17702	0000	204
		_Time0_AppInit 		CODE           	1A0C2	0000	20
		_Time0_start   		CODE           	15774	0000	390
		_TaskHandler_Time		CODE           	18E06	0000	98
		_Time2_AppInit 		CODE           	1A0AE	0000	20
		_Dimming_Pid   		CODE           	1324E	0000	816
		_get_elapsed_since		CODE           	184E6	0000	146
		_get_systemtick_time		CODE           	1A124	0000	18

Applications/Ticktime_APP/ticktime.c estimated size: 1746

mcc_generated_files/timer/src/tmr1.c
		_TMR1_Initialize		CODE           	192C6	0000	76
		_TMR1_OverflowCallbackRegister		CODE           	1A1F2	0000	14
		_TMR1_DefaultOverflowCallback		CODE           	1A35C	0000	2
		_TMR1_CounterSet		CODE           	1947C	0000	70
		_TMR1_OverflowISR		CODE           	191D8	0000	80

mcc_generated_files/timer/src/tmr1.c estimated size: 242

mcc_generated_files/system/src/interrupt.c
		_INT0_SetInterruptHandler		CODE           	1A1D6	0000	14
		_INT1_SetInterruptHandler		CODE           	1A1C8	0000	14
		_INT2_SetInterruptHandler		CODE           	1A1BA	0000	14
		_INTERRUPT_Initialize		CODE           	1860A	0000	142
		_INT0_DefaultInterruptHandler		CODE           	1A352	0000	2
		_INT0_CallBack 		CODE           	19AA2	0000	50
		_INT1_DefaultInterruptHandler		CODE           	1A354	0000	2
		_INT1_CallBack 		CODE           	19AD4	0000	50
		_INT2_DefaultInterruptHandler		CODE           	1A356	0000	2
		_INT2_CallBack 		CODE           	19B06	0000	50
		_Default_ISR   		CODE           	1A350	0000	2
		_INT0_ISR      		CODE           	19F74	0000	24
		_INT1_ISR      		CODE           	19F8C	0000	24
		_INT2_ISR      		CODE           	19FA4	0000	24

mcc_generated_files/system/src/interrupt.c estimated size: 414

Applications/LightsOff_APP/closeled.c
		_LED1_Close    		CODE           	1831C	0000	156
		_Close_2       		CODE           	19A06	0000	52
		_LED2_Close    		CODE           	18836	0000	134
		_ResetPWMAndGPIO		CODE           	17634	0000	206
		_LightsOffTask 		CODE           	1A158	0000	14
		_Close_1       		CODE           	199D0	0000	54
		_ALL_Closed    		CODE           	16206	0000	288

Applications/LightsOff_APP/closeled.c estimated size: 904

DriverLayer/PWM/pwm_driver.c
		_PWM_Set_Direct		CODE           	18C6E	0000	106
		_PWM_Off_CHANNEL		CODE           	17BA4	0000	182

DriverLayer/PWM/pwm_driver.c estimated size: 288

mcc_generated_files/adc/src/adc.c
		_ADC_Initialize		CODE           	18D3E	0000	102
		_ADC_ChannelSelectAndConvert		CODE           	1987E	0000	58
		_ADC_ISR       		CODE           	1A330	0000	4
		_ADC_ThresholdISR		CODE           	1A334	0000	4

mcc_generated_files/adc/src/adc.c estimated size: 168

C:\Program Files\Microchip\xc8\v3.00\pic\sources\c99\common\printf.c
		_printf        		CODE           	19CCE	0000	40

C:\Program Files\Microchip\xc8\v3.00\pic\sources\c99\common\printf.c estimated size: 40

Middlewares/CRC/crc.c
		_CRC16         		CODE           	189C0	0000	120

Middlewares/CRC/crc.c estimated size: 120

DriverLayer/ADC/adc_driver.c
		_ADC_Result2   		CODE           	14738	0000	496

DriverLayer/ADC/adc_driver.c estimated size: 496

Applications/Dimming_APP/dimming.c
		_get_current   		CODE           	13CA8	0000	576
		_regulator_clear		CODE           	1902A	0000	88
		_DimmingControlTask		CODE           	137E8	0000	612
		_simple_regulator		CODE           	1453C	0000	508

Applications/Dimming_APP/dimming.c estimated size: 1784

C:\Program Files\Microchip\xc8\v3.00\pic\sources\c99\common\lwmod.c
		___lwmod       		CODE           	18CD8	0000	102

C:\Program Files\Microchip\xc8\v3.00\pic\sources\c99\common\lwmod.c estimated size: 102

mcc_generated_files/uart/src/uart1.c
		_UART1_DefaultOverrunErrorCallback		CODE           	1A364	0000	2
		_UART1_IsTxReady		CODE           	19F5A	0000	24
		_UART1_Write   		CODE           	19278	0000	78
		_putch         		CODE           	19312	0000	74
		_UART1_DefaultParityErrorCallback		CODE           	1A360	0000	2
		_UART1_ReadArray		CODE           	18DA4	0000	98
		_UART1_FramingErrorCallbackRegister		CODE           	19EBE	0000	36
		_UART1_Transmit_Vector_ISR		CODE           	1A304	0000	6
		_UART1_Receive_Vector_ISR		CODE           	19F04	0000	34
		_UART1_OverrunErrorCallbackRegister		CODE           	19E9A	0000	36
		_UART1_ReceiveISR		CODE           	155E2	0000	402
		_UART1_Initialize		CODE           	181D2	0000	166
		_UART1_DefaultFramingErrorCallback		CODE           	1A368	0000	2
		_UART1_TransmitISR		CODE           	198B8	0000	58
		_UART1_ParityErrorCallbackRegister		CODE           	19E76	0000	36

mcc_generated_files/uart/src/uart1.c estimated size: 1054

mcc_generated_files/i2c_host/src/i2c1.c
		_I2C1_Read     		CODE           	18F78	0000	90
		_I2C1_RX_ISR   		CODE           	1A040	0000	22
		_I2C1_InterruptsEnable		CODE           	1A086	0000	20
		_I2C1_WriteStart		CODE           	19698	0000	64
		_I2C1_CounterGet		CODE           	1A2F2	0000	6
		_I2C1_CounterSet		CODE           	1A25C	0000	10
		_I2C1_ReadStart		CODE           	19C7A	0000	42
		_I2C1_InterruptsClear		CODE           	1A2F8	0000	6
		_I2C1_RestartEnable		CODE           	1A2D4	0000	6
		_I2C1_ISR      		CODE           	18450	0000	150
		_I2C1_DataReceive		CODE           	1A2FE	0000	6
		_I2C1_IsData   		CODE           	19FE8	0000	22
		_I2C1_IsNack   		CODE           	19FD2	0000	22
		_I2C1_IsAddr   		CODE           	1A02A	0000	22
		_I2C1_IsBusy   		CODE           	19BC8	0000	48
		_I2C1_InterruptsDisable		CODE           	1A148	0000	16
		_I2C1_BufferClear		CODE           	1A2AE	0000	8
		_I2C1_BusReset 		CODE           	19754	0000	62
		_I2C1_Initialize		CODE           	18EC4	0000	90
		_I2C1_Close    		CODE           	19D96	0000	40
		_I2C1_IsBusCol 		CODE           	1A014	0000	22
		_I2C1_ERROR_ISR		CODE           	17960	0000	194
		_I2C1_Write    		CODE           	18F1E	0000	90
		_I2C1_ErrorFlagsClear		CODE           	1A270	0000	10
		_I2C1_TX_ISR   		CODE           	1A058	0000	22
		_I2C1_StopSend 		CODE           	19DE4	0000	38
		_I2C1_RestartDisable		CODE           	1A2EC	0000	6
		_I2C1_DataTransmit		CODE           	1A2A6	0000	8
		_I2C1_AddrTransmit		CODE           	1A266	0000	10
		_I2C1_IsBusTimeOut		CODE           	19FFE	0000	22
		_I2C1_StartSend		CODE           	1A2DA	0000	6

mcc_generated_files/i2c_host/src/i2c1.c estimated size: 1180

Applications/CurrentRead_APP/readcurrent.c
		_Power_Compensation		CODE           	16FCC	0000	254
		_PowerCompensationTime		CODE           	17C5A	0000	182
		_ReadNfcNumber 		CODE           	19B98	0000	48
		_ReadCurrentInit		CODE           	15FA6	0000	306

Applications/CurrentRead_APP/readcurrent.c estimated size: 790

C:\Program Files\Microchip\xc8\v3.00\pic\sources\c99\common\awmod.c
		___awmod       		CODE           	17E78	0000	176

C:\Program Files\Microchip\xc8\v3.00\pic\sources\c99\common\awmod.c estimated size: 176

Applications/PwmRegulation_APP/pwm_change.c
		_PID_Init      		CODE           	158FA	0000	364
		_PID_Compute   		CODE           	10A66	0000	1436
		_PID_Init_Parameters		CODE           	17490	0000	214

Applications/PwmRegulation_APP/pwm_change.c estimated size: 2014

C:\Program Files\Microchip\xc8\v3.00\pic\sources\c99\common\floorf.c
		_floorf        		CODE           	14114	0000	534

C:\Program Files\Microchip\xc8\v3.00\pic\sources\c99\common\floorf.c estimated size: 534

C:\Program Files\Microchip\xc8\v3.00\pic\sources\c99\common\fleq.c
		___fleq        		CODE           	17F28	0000	172

C:\Program Files\Microchip\xc8\v3.00\pic\sources\c99\common\fleq.c estimated size: 172

C:\Program Files\Microchip\xc8\v3.00\pic\sources\c99\common\sprcmul.c
		___flmul       		CODE           	11EFA	0000	1064

C:\Program Files\Microchip\xc8\v3.00\pic\sources\c99\common\sprcmul.c estimated size: 1064

C:\Program Files\Microchip\xc8\v3.00\pic\sources\c99\common\llmod.c
		___llmod       		CODE           	18698	0000	138

C:\Program Files\Microchip\xc8\v3.00\pic\sources\c99\common\llmod.c estimated size: 138

mcc_generated_files/nvm/src/nvm.c
		_NVM_UnlockKeySet		CODE           	1A250	0000	12
		_NVM_Initialize		CODE           	1A2C2	0000	6
		_EEPROM_Read   		CODE           	19B68	0000	48
		_EEPROM_Write  		CODE           	18E68	0000	92
		_NVM_StatusGet 		CODE           	19F40	0000	26
		_NVM_UnlockKeyClear		CODE           	1A2C8	0000	6
		_NVM_StatusClear		CODE           	1A2CE	0000	6
		_NVM_IsBusy    		CODE           	19FBC	0000	22

mcc_generated_files/nvm/src/nvm.c estimated size: 218

Applications/OutProtected_APP/out_protected.c
		_OutProtectedTask		CODE           	1A2B6	0000	6
		_Voltage_Judgment		CODE           	1543C	0000	422
		_Out_Protect   		CODE           	13A4C	0000	604

Applications/OutProtected_APP/out_protected.c estimated size: 1032

C:\Program Files\Microchip\xc8\v3.00\pic\sources\c99\common\almod.c
		___almod       		CODE           	172BA	0000	236

C:\Program Files\Microchip\xc8\v3.00\pic\sources\c99\common\almod.c estimated size: 236

mcc_generated_files/system/src/pins.c
		_PIN_MANAGER_Initialize		CODE           	17AE4	0000	192

mcc_generated_files/system/src/pins.c estimated size: 192

C:\Program Files\Microchip\xc8\v3.00\pic\sources\c99\common\__lldiv.c
		___lldiv       		CODE           	1812C	0000	166

C:\Program Files\Microchip\xc8\v3.00\pic\sources\c99\common\__lldiv.c estimated size: 166

C:\Program Files\Microchip\xc8\v3.00\pic\sources\c99\common\sprcdiv.c
		___fldiv       		CODE           	12B2A	0000	914

C:\Program Files\Microchip\xc8\v3.00\pic\sources\c99\common\sprcdiv.c estimated size: 914

Applications/TempProtected_APP/temp_protected.c
		_Temp_Protected		CODE           	13EE8	0000	556
		_TemapProtectedTask		CODE           	19F26	0000	26

Applications/TempProtected_APP/temp_protected.c estimated size: 582

shared
		i2_PWM3_16BIT_LoadBufferRegisters		CODE           	1A338	0000	4
		i2_ADC_Result2 		CODE           	14928	0000	496
		i2_I2C1_ReadStart		CODE           	19CA4	0000	42
		i2_ADC_ChannelSelectAndConvert		CODE           	19BF8	0000	46
		_auchCRCHi@crc$F987		MEDIUMCONST    	0000	0000	0
		_auchCRCHi@crc$F1205		MEDIUMCONST    	0000	0000	0
		_auchCRCLo@crc$F988		MEDIUMCONST    	0000	0000	0
		i2___fleq      		CODE           	18080	0000	172
		_auchCRCHi@crc$F1315		MEDIUMCONST    	F7CB	0000	256
		_auchCRCLo@crc$F1206		MEDIUMCONST    	0000	0000	0
		i2_I2C1_CounterSet		CODE           	1A29E	0000	8
		_auchCRCLo@crc$F1316		MEDIUMCONST    	F6CB	0000	256
		i2_PWM3_16BIT_SetSlice1Output1DutyCycleRegister		CODE           	1A27A	0000	10
		i2___awdiv     		CODE           	17A22	0000	194
		i2___fladd     		CODE           	11A42	0000	1208
		i2_I2C1_InterruptsEnable		CODE           	1A0EA	0000	20
		i2_QueueCount  		CODE           	16DC6	0000	262
		i2___fldiv     		CODE           	12EBC	0000	914
		i2___fltol     		CODE           	169AC	0000	264
		i2_get_systemtick_time		CODE           	1A136	0000	18
		i2_I2C1_AddrTransmit		CODE           	1A296	0000	8
		__initialization		CODE           	16686	0000	268
		_I2C1_Host     		MEDIUMCONST    	FF5B	0000	30
		i2___flge      		CODE           	16CC0	0000	262
		_UART1         		MEDIUMCONST    	FF13	0000	72
		i2___flmul     		CODE           	12322	0000	1064
		_auchCRCHi     		MEDIUMCONST    	0000	0000	0
		_auchCRCLo     		MEDIUMCONST    	0000	0000	0
		i2___llmod     		CODE           	187AC	0000	138
		i2_PWM2_16BIT_LoadBufferRegisters		CODE           	1A33C	0000	4
		i2___xxtofl    		CODE           	150CA	0000	442
		i2___fpclassifyf		CODE           	170CA	0000	254
		i2_get_elapsed_since		CODE           	18578	0000	146
		_UART2         		MEDIUMCONST    	FECB	0000	72
		i2___flsub     		CODE           	19434	0000	72
		i2_I2C1_StartSend		CODE           	1A2E6	0000	6
		i2_PWM2_16BIT_SetSlice1Output1DutyCycleRegister		CODE           	1A284	0000	10

shared estimated size: 7018

C:\Program Files\Microchip\xc8\v3.00\pic\sources\c99\common\xxtofl.c
		___xxtofl      		CODE           	15284	0000	440

C:\Program Files\Microchip\xc8\v3.00\pic\sources\c99\common\xxtofl.c estimated size: 440

C:\Program Files\Microchip\xc8\v3.00\pic\sources\c99\common\nf_fputs.c
		_fputs         		CODE           	193A4	0000	72

C:\Program Files\Microchip\xc8\v3.00\pic\sources\c99\common\nf_fputs.c estimated size: 72

Applications/USBCom_APP/usbcom.c
		_ClearReceiveData		CODE           	1999A	0000	54
		_Rs485Task     		CODE           	14B18	0000	494
		_UsbcomAppInit 		CODE           	197CE	0000	60

Applications/USBCom_APP/usbcom.c estimated size: 608

mcc_generated_files/timer/src/tmr4.c
		_TMR4_DefaultPeriodMatchCallback		CODE           	1A35E	0000	2
		_TMR4_ISR      		CODE           	195D4	0000	68
		_TMR4_Initialize		CODE           	19C26	0000	42
		_TMR4_PeriodMatchCallbackRegister		CODE           	1A21C	0000	14

mcc_generated_files/timer/src/tmr4.c estimated size: 126

C:\Program Files\Microchip\xc8\v3.00\pic\sources\c99\common\strcpy.c
		_strcpy        		CODE           	196D8	0000	62

C:\Program Files\Microchip\xc8\v3.00\pic\sources\c99\common\strcpy.c estimated size: 62

Applications/InProtected_APP/inprotectedapp.c
		_Input_Protected		CODE           	1357E	0000	618
		_IntProtectedTask		CODE           	19792	0000	60

Applications/InProtected_APP/inprotectedapp.c estimated size: 678

C:\Program Files\Microchip\xc8\v3.00\pic\sources\c99\common\memset.c
		_memset        		CODE           	19844	0000	58

C:\Program Files\Microchip\xc8\v3.00\pic\sources\c99\common\memset.c estimated size: 58

mcc_generated_files/timer/src/tmr2.c
		_TMR2_ISR      		CODE           	19590	0000	68
		_TMR2_Initialize		CODE           	19C50	0000	42
		_TMR2_PeriodMatchCallbackRegister		CODE           	1A1E4	0000	14
		_TMR2_DefaultPeriodMatchCallback		CODE           	1A35A	0000	2

mcc_generated_files/timer/src/tmr2.c estimated size: 126

C:\Program Files\Microchip\xc8\v3.00\pic\sources\c99\common\__signbitf.c
		___signbitf    		CODE           	19228	0000	80

C:\Program Files\Microchip\xc8\v3.00\pic\sources\c99\common\__signbitf.c estimated size: 80

mcc_generated_files/system/src/clock.c
		_CLOCK_Initialize		CODE           	1A09A	0000	20

mcc_generated_files/system/src/clock.c estimated size: 20

C:\Program Files\Microchip\xc8\v3.00\pic\sources\c99\common\lwdiv.c
		___lwdiv       		CODE           	18AAE	0000	118

C:\Program Files\Microchip\xc8\v3.00\pic\sources\c99\common\lwdiv.c estimated size: 118

Applications/timerecord_app/record.c
		_EEPROM_CLOEN  		CODE           	14EEA	0000	480
		_TMR1_Record_Time		CODE           	15E6E	0000	312
		_Time1_AppInit 		CODE           	19EE2	0000	34
		_Time_init     		CODE           	1432A	0000	530
		_Time_Calculation		CODE           	1274A	0000	992
		_TimeCalculationTask		CODE           	1A2BC	0000	6

Applications/timerecord_app/record.c estimated size: 2354

C:\Program Files\Microchip\xc8\v3.00\pic\sources\c99\common\awdiv.c
		___awdiv       		CODE           	1789A	0000	196

C:\Program Files\Microchip\xc8\v3.00\pic\sources\c99\common\awdiv.c estimated size: 196

mcc_generated_files/timer/src/tmr0.c
		_TMR0_DefaultCallback		CODE           	1A358	0000	2
		_TMR0_ISR      		CODE           	1954C	0000	68
		_TMR0_Initialize		CODE           	19DBE	0000	38
		_TMR0_PeriodMatchCallbackRegister		CODE           	1A200	0000	14

mcc_generated_files/timer/src/tmr0.c estimated size: 122

C:\Program Files\Microchip\xc8\v3.00\pic\sources\c99\common\fltol.c
		___fltol       		CODE           	168A4	0000	264

C:\Program Files\Microchip\xc8\v3.00\pic\sources\c99\common\fltol.c estimated size: 264

C:\Program Files\Microchip\xc8\v3.00\pic\sources\c99\common\labs.c
		_labs          		CODE           	18FD2	0000	88

C:\Program Files\Microchip\xc8\v3.00\pic\sources\c99\common\labs.c estimated size: 88

DriverLayer/EEPROM/EEPROM_driver.c
		_EepromWriteByte		CODE           	18B24	0000	118
		_EepromReadByte		CODE           	193EC	0000	72

DriverLayer/EEPROM/EEPROM_driver.c estimated size: 190

DriverLayer/NFC/nfc.c
		_Read_NFC_Data 		CODE           	16326	0000	288
		_READ_NFC_SET_START		CODE           	160D8	0000	302
		_extractAndCombineEEPROMData		CODE           	188BC	0000	132

DriverLayer/NFC/nfc.c estimated size: 722

main.c
		_APPInit       		CODE           	1992C	0000	56
		_main          		CODE           	19B38	0000	48
		_TaskScheduleCb		CODE           	17FD4	0000	172
		_TaskHandler   		CODE           	18A38	0000	118

main.c estimated size: 394

mcc_generated_files/fvr/src/fvr.c
		_FVR_Initialize		CODE           	1A28E	0000	8

mcc_generated_files/fvr/src/fvr.c estimated size: 8

C:\Program Files\Microchip\xc8\v3.00\pic\sources\c99\common\aldiv.c
		___aldiv       		CODE           	16798	0000	268

C:\Program Files\Microchip\xc8\v3.00\pic\sources\c99\common\aldiv.c estimated size: 268

C:\Program Files\Microchip\xc8\v3.00\pic\sources\c99\common\doprnt.c
		_read_prec_or_width		CODE           	17566	0000	206
		_vfpfcnvrt     		CODE           	11002	0000	1416
		_efgtoa        		CODE           	10000	0000	2662
		_pad           		CODE           	18278	0000	164
		_dtoa          		CODE           	14D06	0000	484
		_vfprintf      		CODE           	190DA	0000	86
		_utoa          		CODE           	15BC4	0000	344
		_xtoa          		CODE           	15A66	0000	350

C:\Program Files\Microchip\xc8\v3.00\pic\sources\c99\common\doprnt.c estimated size: 5712

Middlewares/QUEUE/queue.c
		_QueueInit     		CODE           	19082	0000	88
		_QueuePop      		CODE           	173A6	0000	234
		_QueuePush     		CODE           	171C8	0000	242
		_QueuePopArray 		CODE           	18940	0000	128
		_QueueClearEx  		CODE           	18722	0000	138
		_QueueCount    		CODE           	16AB4	0000	262

Middlewares/QUEUE/queue.c estimated size: 1092

mcc_generated_files/pwm/src/pwm2_16bit.c
		_PWM2_16BIT_Period_DefaultInterruptHandler		CODE           	1A348	0000	2
		_PWM2_16BIT_Period_SetInterruptHandler		CODE           	1A1AC	0000	14
		_PWM2_16BIT_Slice1Output1_SetInterruptHandler		CODE           	1A19E	0000	14
		_PWM2_16BIT_Slice1Output2_SetInterruptHandler		CODE           	1A190	0000	14
		_PWM2_16BIT_Initialize		CODE           	18C04	0000	106
		_PWM2_16BIT_LoadBufferRegisters		CODE           	1A326	0000	4
		_PWM2_16BIT_PWMI_ISR		CODE           	17D10	0000	180
		_PWM2_16BIT_PWMPI_ISR		CODE           	194C4	0000	68
		_PWM2_16BIT_SetSlice1Output1DutyCycleRegister		CODE           	1A244	0000	12
		_PWM2_16BIT_Slice1Output1_DefaultInterruptHandler		CODE           	1A346	0000	2
		_PWM2_16BIT_Slice1Output2_DefaultInterruptHandler		CODE           	1A344	0000	2

mcc_generated_files/pwm/src/pwm2_16bit.c estimated size: 418

C:\Program Files\Microchip\xc8\v3.00\pic\sources\c99\common\sprcadd.c
		___flsub       		CODE           	1935C	0000	72
		___fladd       		CODE           	1158A	0000	1208

C:\Program Files\Microchip\xc8\v3.00\pic\sources\c99\common\sprcadd.c estimated size: 1280

mcc_generated_files/uart/src/uart2.c
		_UART2_TransmitISR		CODE           	198F2	0000	58
		_UART2_ParityErrorCallbackRegister		CODE           	19E0A	0000	36
		_UART2_DefaultOverrunErrorCallback		CODE           	1A366	0000	2
		_UART2_DefaultParityErrorCallback		CODE           	1A362	0000	2
		_UART2_FramingErrorCallbackRegister		CODE           	19E52	0000	36
		_UART2_Transmit_Vector_ISR		CODE           	1A30C	0000	6
		_UART2_Receive_Vector_ISR		CODE           	1A070	0000	22
		_UART2_OverrunErrorCallbackRegister		CODE           	19E2E	0000	36
		_UART2_ReceiveISR		CODE           	15D1C	0000	338
		_UART2_Initialize		CODE           	183B8	0000	152
		_UART2_DefaultFramingErrorCallback		CODE           	1A36A	0000	2

mcc_generated_files/uart/src/uart2.c estimated size: 690

C:\Program Files\Microchip\xc8\v3.00\pic\sources\c99\common\fmaxf.c
		_fmaxf         		CODE           	16566	0000	288

C:\Program Files\Microchip\xc8\v3.00\pic\sources\c99\common\fmaxf.c estimated size: 288

mcc_generated_files/system/src/system.c
		_SYSTEM_Initialize		CODE           	19716	0000	62

mcc_generated_files/system/src/system.c estimated size: 62

